Archive member included to satisfy reference by file (symbol)

d:/mounriver/mounriver_studio/mounriver_studio/toolchain/risc-v embedded gcc/bin/../lib/gcc/riscv-none-embed/8.2.0/../../../../riscv-none-embed/lib/rv32imafc/ilp32f\libm.a(lib_a-s_cos.o)
                              ./zf_device/zf_device_gnss.o (cos)
d:/mounriver/mounriver_studio/mounriver_studio/toolchain/risc-v embedded gcc/bin/../lib/gcc/riscv-none-embed/8.2.0/../../../../riscv-none-embed/lib/rv32imafc/ilp32f\libm.a(lib_a-s_sin.o)
                              ./zf_device/zf_device_gnss.o (sin)
d:/mounriver/mounriver_studio/mounriver_studio/toolchain/risc-v embedded gcc/bin/../lib/gcc/riscv-none-embed/8.2.0/../../../../riscv-none-embed/lib/rv32imafc/ilp32f\libm.a(lib_a-w_asin.o)
                              ./zf_device/zf_device_gnss.o (asin)
d:/mounriver/mounriver_studio/mounriver_studio/toolchain/risc-v embedded gcc/bin/../lib/gcc/riscv-none-embed/8.2.0/../../../../riscv-none-embed/lib/rv32imafc/ilp32f\libm.a(lib_a-w_atan2.o)
                              ./zf_device/zf_device_gnss.o (atan2)
d:/mounriver/mounriver_studio/mounriver_studio/toolchain/risc-v embedded gcc/bin/../lib/gcc/riscv-none-embed/8.2.0/../../../../riscv-none-embed/lib/rv32imafc/ilp32f\libm.a(lib_a-w_pow.o)
                              ./zf_device/zf_device_gnss.o (pow)
d:/mounriver/mounriver_studio/mounriver_studio/toolchain/risc-v embedded gcc/bin/../lib/gcc/riscv-none-embed/8.2.0/../../../../riscv-none-embed/lib/rv32imafc/ilp32f\libm.a(lib_a-w_sqrt.o)
                              ./zf_device/zf_device_gnss.o (sqrt)
d:/mounriver/mounriver_studio/mounriver_studio/toolchain/risc-v embedded gcc/bin/../lib/gcc/riscv-none-embed/8.2.0/../../../../riscv-none-embed/lib/rv32imafc/ilp32f\libm.a(lib_a-e_asin.o)
                              d:/mounriver/mounriver_studio/mounriver_studio/toolchain/risc-v embedded gcc/bin/../lib/gcc/riscv-none-embed/8.2.0/../../../../riscv-none-embed/lib/rv32imafc/ilp32f\libm.a(lib_a-w_asin.o) (__ieee754_asin)
d:/mounriver/mounriver_studio/mounriver_studio/toolchain/risc-v embedded gcc/bin/../lib/gcc/riscv-none-embed/8.2.0/../../../../riscv-none-embed/lib/rv32imafc/ilp32f\libm.a(lib_a-e_atan2.o)
                              d:/mounriver/mounriver_studio/mounriver_studio/toolchain/risc-v embedded gcc/bin/../lib/gcc/riscv-none-embed/8.2.0/../../../../riscv-none-embed/lib/rv32imafc/ilp32f\libm.a(lib_a-w_atan2.o) (__ieee754_atan2)
d:/mounriver/mounriver_studio/mounriver_studio/toolchain/risc-v embedded gcc/bin/../lib/gcc/riscv-none-embed/8.2.0/../../../../riscv-none-embed/lib/rv32imafc/ilp32f\libm.a(lib_a-e_pow.o)
                              d:/mounriver/mounriver_studio/mounriver_studio/toolchain/risc-v embedded gcc/bin/../lib/gcc/riscv-none-embed/8.2.0/../../../../riscv-none-embed/lib/rv32imafc/ilp32f\libm.a(lib_a-w_pow.o) (__ieee754_pow)
d:/mounriver/mounriver_studio/mounriver_studio/toolchain/risc-v embedded gcc/bin/../lib/gcc/riscv-none-embed/8.2.0/../../../../riscv-none-embed/lib/rv32imafc/ilp32f\libm.a(lib_a-e_rem_pio2.o)
                              d:/mounriver/mounriver_studio/mounriver_studio/toolchain/risc-v embedded gcc/bin/../lib/gcc/riscv-none-embed/8.2.0/../../../../riscv-none-embed/lib/rv32imafc/ilp32f\libm.a(lib_a-s_cos.o) (__ieee754_rem_pio2)
d:/mounriver/mounriver_studio/mounriver_studio/toolchain/risc-v embedded gcc/bin/../lib/gcc/riscv-none-embed/8.2.0/../../../../riscv-none-embed/lib/rv32imafc/ilp32f\libm.a(lib_a-e_sqrt.o)
                              d:/mounriver/mounriver_studio/mounriver_studio/toolchain/risc-v embedded gcc/bin/../lib/gcc/riscv-none-embed/8.2.0/../../../../riscv-none-embed/lib/rv32imafc/ilp32f\libm.a(lib_a-w_sqrt.o) (__ieee754_sqrt)
d:/mounriver/mounriver_studio/mounriver_studio/toolchain/risc-v embedded gcc/bin/../lib/gcc/riscv-none-embed/8.2.0/../../../../riscv-none-embed/lib/rv32imafc/ilp32f\libm.a(lib_a-k_cos.o)
                              d:/mounriver/mounriver_studio/mounriver_studio/toolchain/risc-v embedded gcc/bin/../lib/gcc/riscv-none-embed/8.2.0/../../../../riscv-none-embed/lib/rv32imafc/ilp32f\libm.a(lib_a-s_cos.o) (__kernel_cos)
d:/mounriver/mounriver_studio/mounriver_studio/toolchain/risc-v embedded gcc/bin/../lib/gcc/riscv-none-embed/8.2.0/../../../../riscv-none-embed/lib/rv32imafc/ilp32f\libm.a(lib_a-k_rem_pio2.o)
                              d:/mounriver/mounriver_studio/mounriver_studio/toolchain/risc-v embedded gcc/bin/../lib/gcc/riscv-none-embed/8.2.0/../../../../riscv-none-embed/lib/rv32imafc/ilp32f\libm.a(lib_a-e_rem_pio2.o) (__kernel_rem_pio2)
d:/mounriver/mounriver_studio/mounriver_studio/toolchain/risc-v embedded gcc/bin/../lib/gcc/riscv-none-embed/8.2.0/../../../../riscv-none-embed/lib/rv32imafc/ilp32f\libm.a(lib_a-k_sin.o)
                              d:/mounriver/mounriver_studio/mounriver_studio/toolchain/risc-v embedded gcc/bin/../lib/gcc/riscv-none-embed/8.2.0/../../../../riscv-none-embed/lib/rv32imafc/ilp32f\libm.a(lib_a-s_cos.o) (__kernel_sin)
[...]
Memory Configuration

Name             Origin             Length             Attributes
RAM              0x0000000020000040 0x000000000000fc00 xrw
FLASH            0x0000000000000000 0x0000000000040000 xr
*default*        0x0000000000000000 0xffffffffffffffff

Linker script and memory map

LOAD ./zf_driver/zf_driver_adc.o
LOAD ./zf_driver/zf_driver_delay.o
LOAD ./zf_driver/zf_driver_dvp.o
LOAD ./zf_driver/zf_driver_encoder.o
LOAD ./zf_driver/zf_driver_exti.o
LOAD ./zf_driver/zf_driver_flash.o
LOAD ./zf_driver/zf_driver_gpio.o
LOAD ./zf_driver/zf_driver_iic.o
LOAD ./zf_driver/zf_driver_pit.o
LOAD ./zf_driver/zf_driver_pwm.o
LOAD ./zf_driver/zf_driver_soft_iic.o
LOAD ./zf_driver/zf_driver_soft_spi.o
LOAD ./zf_driver/zf_driver_spi.o
LOAD ./zf_driver/zf_driver_timer.o
LOAD ./zf_driver/zf_driver_uart.o
LOAD ./zf_driver/zf_driver_usb_cdc.o
LOAD ./zf_device/zf_device_absolute_encoder.o
LOAD ./zf_device/zf_device_aht20.o
LOAD ./zf_device/zf_device_bluetooth_ch9141.o
LOAD ./zf_device/zf_device_camera.o
LOAD ./zf_device/zf_device_dl1a.o
LOAD ./zf_device/zf_device_dl1b.o
LOAD ./zf_device/zf_device_dm1xa.o
LOAD ./zf_device/zf_device_gnss.o
LOAD ./zf_device/zf_device_icm20602.o
LOAD ./zf_device/zf_device_imu660ra.o
LOAD ./zf_device/zf_device_imu963ra.o
LOAD ./zf_device/zf_device_ips114.o
LOAD ./zf_device/zf_device_ips200.o
LOAD ./zf_device/zf_device_k24c02.o
LOAD ./zf_device/zf_device_key.o
LOAD ./zf_device/zf_device_mpu6050.o
LOAD ./zf_device/zf_device_mt9v03x_dvp.o
LOAD ./zf_device/zf_device_oled.o
LOAD ./zf_device/zf_device_scc8660_dvp.o
LOAD ./zf_device/zf_device_tft180.o
LOAD ./zf_device/zf_device_type.o
LOAD ./zf_device/zf_device_virtual_oscilloscope.o
LOAD ./zf_device/zf_device_w25q32.o
LOAD ./zf_device/zf_device_wifi_spi.o
LOAD ./zf_device/zf_device_wifi_uart.o
LOAD ./zf_device/zf_device_wireless_ch573.o
LOAD ./zf_device/zf_device_wireless_uart.o
LOAD ./zf_components/seekfree_assistant.o
LOAD ./zf_components/seekfree_assistant_interface.o
LOAD ./zf_common/zf_common_clock.o
LOAD ./zf_common/zf_common_debug.o
LOAD ./zf_common/zf_common_fifo.o
LOAD ./zf_common/zf_common_font.o
LOAD ./zf_common/zf_common_function.o
LOAD ./zf_common/zf_common_interrupt.o
LOAD ./user_c/isr.o
LOAD ./user_c/main.o
LOAD ./sdk/Startup/startup_ch32v30x_D8C.o
LOAD ./sdk/Peripheral/ch32v30x_adc.o
LOAD ./sdk/Peripheral/ch32v30x_bkp.o
LOAD ./sdk/Peripheral/ch32v30x_can.o
LOAD ./sdk/Peripheral/ch32v30x_crc.o
LOAD ./sdk/Peripheral/ch32v30x_dac.o
LOAD ./sdk/Peripheral/ch32v30x_dbgmcu.o
LOAD ./sdk/Peripheral/ch32v30x_dma.o
LOAD ./sdk/Peripheral/ch32v30x_dvp.o
LOAD ./sdk/Peripheral/ch32v30x_eth.o
LOAD ./sdk/Peripheral/ch32v30x_exti.o
LOAD ./sdk/Peripheral/ch32v30x_flash.o
LOAD ./sdk/Peripheral/ch32v30x_fsmc.o
LOAD ./sdk/Peripheral/ch32v30x_gpio.o
LOAD ./sdk/Peripheral/ch32v30x_i2c.o
LOAD ./sdk/Peripheral/ch32v30x_iwdg.o
LOAD ./sdk/Peripheral/ch32v30x_opa.o
LOAD ./sdk/Peripheral/ch32v30x_pwr.o
LOAD ./sdk/Peripheral/ch32v30x_rcc.o
LOAD ./sdk/Peripheral/ch32v30x_rng.o
LOAD ./sdk/Peripheral/ch32v30x_rtc.o
LOAD ./sdk/Peripheral/ch32v30x_sdio.o
LOAD ./sdk/Peripheral/ch32v30x_spi.o
LOAD ./sdk/Peripheral/ch32v30x_tim.o
LOAD ./sdk/Peripheral/ch32v30x_usart.o
LOAD ./sdk/Peripheral/ch32v30x_usbotg_device.o
LOAD ./sdk/Peripheral/ch32v30x_wwdg.o
LOAD ./sdk/Core/core_riscv.o
LOAD ./code/Other.o
LOAD ./code/buletooth.o
LOAD ./code/ecoder.o
LOAD ./code/filter.o
LOAD ./code/motor.o
LOAD ./code/pid.o
LOAD ./code/pid_1.o
LOAD d:/mounriver/mounriver_studio/mounriver_studio/toolchain/risc-v embedded gcc/bin/../lib/gcc/riscv-none-embed/8.2.0/../../../../riscv-none-embed/lib/rv32imafc/ilp32f\libm.a
LOAD D:\DeskTop.....IMPORTANT\CHV307_Library-master\CH32V307\DC_Balance_Car_Control_307\libraries\zf_device\libzf_device_config.a
LOAD d:/mounriver/mounriver_studio/mounriver_studio/toolchain/risc-v embedded gcc/bin/../lib/gcc/riscv-none-embed/8.2.0/rv32imafc/ilp32f\libgcc.a
LOAD d:/mounriver/mounriver_studio/mounriver_studio/toolchain/risc-v embedded gcc/bin/../lib/gcc/riscv-none-embed/8.2.0/../../../../riscv-none-embed/lib/rv32imafc/ilp32f\libg_nano.a
LOAD d:/mounriver/mounriver_studio/mounriver_studio/toolchain/risc-v embedded gcc/bin/../lib/gcc/riscv-none-embed/8.2.0/../../../../riscv-none-embed/lib/rv32imafc/ilp32f\libc_nano.a
LOAD d:/mounriver/mounriver_studio/mounriver_studio/toolchain/risc-v embedded gcc/bin/../lib/gcc/riscv-none-embed/8.2.0/rv32imafc/ilp32f\libgcc.a
START GROUP
LOAD d:/mounriver/mounriver_studio/mounriver_studio/toolchain/risc-v embedded gcc/bin/../lib/gcc/riscv-none-embed/8.2.0/rv32imafc/ilp32f\libgcc.a
LOAD d:/mounriver/mounriver_studio/mounriver_studio/toolchain/risc-v embedded gcc/bin/../lib/gcc/riscv-none-embed/8.2.0/../../../../riscv-none-embed/lib/rv32imafc/ilp32f\libc_nano.a
LOAD d:/mounriver/mounriver_studio/mounriver_studio/toolchain/risc-v embedded gcc/bin/../lib/gcc/riscv-none-embed/8.2.0/../../../../riscv-none-embed/lib/rv32imafc/ilp32f\libnosys.a
END GROUP
START GROUP
LOAD d:/mounriver/mounriver_studio/mounriver_studio/toolchain/risc-v embedded gcc/bin/../lib/gcc/riscv-none-embed/8.2.0/rv32imafc/ilp32f\libgcc.a
LOAD d:/mounriver/mounriver_studio/mounriver_studio/toolchain/risc-v embedded gcc/bin/../lib/gcc/riscv-none-embed/8.2.0/../../../../riscv-none-embed/lib/rv32imafc/ilp32f\libc_nano.a
LOAD d:/mounriver/mounriver_studio/mounriver_studio/toolchain/risc-v embedded gcc/bin/../lib/gcc/riscv-none-embed/8.2.0/../../../../riscv-none-embed/lib/rv32imafc/ilp32f\libnosys.a
END GROUP
                0x0000000000000800                __stack_size = 0x800
                [!provide]                        PROVIDE (_stack_size = __stack_size)

.init           0x0000000000000000       0x38
                0x0000000000000000                _sinit = .
                0x0000000000000000                . = ALIGN (0x4)
 *(SORT_NONE(.init))
 .init          0x0000000000000000       0x38 ./sdk/Startup/startup_ch32v30x_D8C.o
                0x0000000000000000                _start
                0x0000000000000038                . = ALIGN (0x4)
                0x0000000000000038                _einit = .

.vector         0x0000000000000038      0x1c8
 *(.vector)
 .vector        0x0000000000000038      0x1a0 ./sdk/Startup/startup_ch32v30x_D8C.o
                0x0000000000000200                . = ALIGN (0x40)
 *fill*         0x00000000000001d8       0x28 

.text           0x0000000000000200    0x111cc
                0x0000000000000200                . = ALIGN (0x4)
 *(.text)
 .text          0x0000000000000200       0xa8 d:/mounriver/mounriver_studio/mounriver_studio/toolchain/risc-v embedded gcc/bin/../lib/gcc/riscv-none-embed/8.2.0/../../../../riscv-none-embed/lib/rv32imafc/ilp32f\libg_nano.a(lib_a-memset.o)
                0x0000000000000200                memset
 *(.text.*)
 .text.adc_convert
                0x00000000000002a8       0xbc ./zf_driver/zf_driver_adc.o
                0x00000000000002a8                adc_convert
 .text.adc_mean_filter_convert
                0x0000000000000364       0x7c ./zf_driver/zf_driver_adc.o
                0x0000000000000364                adc_mean_filter_convert
 .text.adc_init
                0x00000000000003e0      0x192 ./zf_driver/zf_driver_adc.o
                0x00000000000003e0                adc_init
 .text.system_delay_ms
                0x0000000000000572       0xa2 ./zf_driver/zf_driver_delay.o
                0x0000000000000572                system_delay_ms
 .text.gpio_set_level
                0x0000000000000614       0x78 ./zf_driver/zf_driver_gpio.o
                0x0000000000000614                gpio_set_level
 .text.gpio_get_level
                0x000000000000068c       0x42 ./zf_driver/zf_driver_gpio.o
                0x000000000000068c                gpio_get_level
 .text.gpio_init
                0x00000000000006ce      0x15c ./zf_driver/zf_driver_gpio.o
                0x00000000000006ce                gpio_init
 .text.pit_init
                0x000000000000082a      0x218 ./zf_driver/zf_driver_pit.o
                0x000000000000082a                pit_init
 .text.pwm_set_duty
                0x0000000000000a42      0x166 ./zf_driver/zf_driver_pwm.o
                0x0000000000000a42                pwm_set_duty
 .text.pwm_set_freq
                0x0000000000000ba8      0x18c ./zf_driver/zf_driver_pwm.o
                0x0000000000000ba8                pwm_set_freq
 .text.pwm_init
                0x0000000000000d34      0x416 ./zf_driver/zf_driver_pwm.o
                0x0000000000000d34                pwm_init
 .text.soft_iic_start
                0x000000000000114a      0x128 ./zf_driver/zf_driver_soft_iic.o
 .text.soft_iic_stop
                0x0000000000001272      0x142 ./zf_driver/zf_driver_soft_iic.o
 .text.soft_iic_send_ack
                0x00000000000013b4      0x196 ./zf_driver/zf_driver_soft_iic.o
 .text.soft_iic_wait_ack
                0x000000000000154a      0x160 ./zf_driver/zf_driver_soft_iic.o
 .text.soft_iic_send_data
                0x00000000000016aa      0x16e ./zf_driver/zf_driver_soft_iic.o
 .text.soft_iic_read_data
                0x0000000000001818      0x1e8 ./zf_driver/zf_driver_soft_iic.o
 .text.soft_iic_write_8bit_register
                0x0000000000001a00       0x80 ./zf_driver/zf_driver_soft_iic.o
                0x0000000000001a00                soft_iic_write_8bit_register
 .text.soft_iic_read_8bit_register
                0x0000000000001a80       0xac ./zf_driver/zf_driver_soft_iic.o
                0x0000000000001a80                soft_iic_read_8bit_register
 .text.soft_iic_read_8bit_registers
                0x0000000000001b2c       0xf8 ./zf_driver/zf_driver_soft_iic.o
                0x0000000000001b2c                soft_iic_read_8bit_registers
 .text.soft_iic_init
                0x0000000000001c24       0xb2 ./zf_driver/zf_driver_soft_iic.o
                0x0000000000001c24                soft_iic_init
 .text.timer_funciton_check
                0x0000000000001cd6       0x66 ./zf_driver/zf_driver_timer.o
                0x0000000000001cd6                timer_funciton_check
 .text.timer_clock_enable
                0x0000000000001d3c       0xe2 ./zf_driver/zf_driver_timer.o
                0x0000000000001d3c                timer_clock_enable
 .text.timer_get
                0x0000000000001e1e       0xfe ./zf_driver/zf_driver_timer.o
                0x0000000000001e1e                timer_get
 .text.timer_clear
                0x0000000000001f1c       0xc4 ./zf_driver/zf_driver_timer.o
                0x0000000000001f1c                timer_clear
 .text.uart_write_byte
                0x0000000000001fe0       0x56 ./zf_driver/zf_driver_uart.o
                0x0000000000001fe0                uart_write_byte
 .text.uart_write_buffer
                0x0000000000002036       0x64 ./zf_driver/zf_driver_uart.o
                0x0000000000002036                uart_write_buffer
 .text.uart_write_string
                0x000000000000209a       0x60 ./zf_driver/zf_driver_uart.o
                0x000000000000209a                uart_write_string
 .text.uart_rx_interrupt
                0x00000000000020fa       0x84 ./zf_driver/zf_driver_uart.o
                0x00000000000020fa                uart_rx_interrupt
 .text.uart_query_byte
                0x000000000000217e       0x5e ./zf_driver/zf_driver_uart.o
                0x000000000000217e                uart_query_byte
 .text.uart_init
                0x00000000000021dc      0x5aa ./zf_driver/zf_driver_uart.o
                0x00000000000021dc                uart_init
 .text.dm1xa_sound_callback
                0x0000000000002786       0xf2 ./zf_device/zf_device_dm1xa.o
                0x0000000000002786                dm1xa_sound_callback
 .text.dm1xa_light_callback
                0x0000000000002878       0x32 ./zf_device/zf_device_dm1xa.o
                0x0000000000002878                dm1xa_light_callback
 .text.gnss_uart_callback
                0x00000000000028aa      0x15c ./zf_device/zf_device_gnss.o
                0x00000000000028aa                gnss_uart_callback
 .text.mpu6050_self1_check
                0x0000000000002a06       0x7a ./zf_device/zf_device_mpu6050.o
 .text.mpu6050_get_acc
                0x0000000000002a80       0x86 ./zf_device/zf_device_mpu6050.o
                0x0000000000002a80                mpu6050_get_acc
 .text.mpu6050_get_gyro
                0x0000000000002b06       0x86 ./zf_device/zf_device_mpu6050.o
                0x0000000000002b06                mpu6050_get_gyro
 .text.mpu6050_init
                0x0000000000002b8c       0xb6 ./zf_device/zf_device_mpu6050.o
                0x0000000000002b8c                mpu6050_init
 .text.type_default_callback
                0x0000000000002c42        0xe ./zf_device/zf_device_type.o
 .text.clock_reset
                0x0000000000002c50       0x76 ./zf_common/zf_common_clock.o
                0x0000000000002c50                clock_reset
 .text.clock_set_freq
                0x0000000000002cc6      0x1de ./zf_common/zf_common_clock.o
                0x0000000000002cc6                clock_set_freq
 .text.clock_init
                0x0000000000002ea4       0x2a ./zf_common/zf_common_clock.o
                0x0000000000002ea4                clock_init
 .text.__NOP    0x0000000000002ece       0x10 ./zf_common/zf_common_debug.o
 .text.debug_delay
                0x0000000000002ede       0x52 ./zf_common/zf_common_debug.o
 .text.debug_protective_handler
                0x0000000000002f30        0xe ./zf_common/zf_common_debug.o
 .text.debug_uart_str_output
                0x0000000000002f3e       0x20 ./zf_common/zf_common_debug.o
 .text.debug_output
                0x0000000000002f5e      0x52c ./zf_common/zf_common_debug.o
 .text._write   0x000000000000348a       0x78 ./zf_common/zf_common_debug.o
                0x000000000000348a                _write
 .text.debug_assert_handler
                0x0000000000003502       0x68 ./zf_common/zf_common_debug.o
                0x0000000000003502                debug_assert_handler
 .text.debug_log_handler
                0x000000000000356a       0x4e ./zf_common/zf_common_debug.o
                0x000000000000356a                debug_log_handler
 .text.debug_output_struct_init
                0x00000000000035b8       0x5a ./zf_common/zf_common_debug.o
                0x00000000000035b8                debug_output_struct_init
 .text.debug_output_init
                0x0000000000003612       0x88 ./zf_common/zf_common_debug.o
                0x0000000000003612                debug_output_init
 .text.debug_init
                0x000000000000369a       0x58 ./zf_common/zf_common_debug.o
                0x000000000000369a                debug_init
 .text.fifo_head_offset
                0x00000000000036f2      0x184 ./zf_common/zf_common_fifo.o
 .text.fifo_end_offset
                0x0000000000003876      0x184 ./zf_common/zf_common_fifo.o
 .text.fifo_clear
                0x00000000000039fa      0x24a ./zf_common/zf_common_fifo.o
                0x00000000000039fa                fifo_clear
 .text.fifo_used
                0x0000000000003c44       0x7a ./zf_common/zf_common_fifo.o
                0x0000000000003c44                fifo_used
 .text.fifo_write_buffer
                0x0000000000003cbe      0x5ea ./zf_common/zf_common_fifo.o
                0x0000000000003cbe                fifo_write_buffer
 .text.fifo_read_buffer
                0x00000000000042a8      0x5a4 ./zf_common/zf_common_fifo.o
                0x00000000000042a8                fifo_read_buffer
 .text.fifo_init
                0x000000000000484c      0x248 ./zf_common/zf_common_fifo.o
                0x000000000000484c                fifo_init
 .text.__enable_irq
                0x0000000000004a94       0x18 ./zf_common/zf_common_interrupt.o
 .text.__disable_irq
                0x0000000000004aac       0x14 ./zf_common/zf_common_interrupt.o
 .text.NVIC_EnableIRQ
                0x0000000000004ac0       0x32 ./zf_common/zf_common_interrupt.o
 .text.NVIC_DisableIRQ
                0x0000000000004af2       0x32 ./zf_common/zf_common_interrupt.o
 .text.NVIC_SetPriority
                0x0000000000004b24       0x2a ./zf_common/zf_common_interrupt.o
 .text.interrupt_enable
                0x0000000000004b4e       0x1c ./zf_common/zf_common_interrupt.o
                0x0000000000004b4e                interrupt_enable
 .text.interrupt_disable
                0x0000000000004b6a       0x1c ./zf_common/zf_common_interrupt.o
                0x0000000000004b6a                interrupt_disable
 .text.interrupt_set_priority
                0x0000000000004b86       0x28 ./zf_common/zf_common_interrupt.o
                0x0000000000004b86                interrupt_set_priority
 .text.interrupt_global_enable
                0x0000000000004bae       0x30 ./zf_common/zf_common_interrupt.o
                0x0000000000004bae                interrupt_global_enable
 .text.interrupt_global_disable
                0x0000000000004bde       0x2a ./zf_common/zf_common_interrupt.o
                0x0000000000004bde                interrupt_global_disable
 .text.interrupt_init
                0x0000000000004c08       0x16 ./zf_common/zf_common_interrupt.o
                0x0000000000004c08                interrupt_init
 .text.USART1_IRQHandler
                0x0000000000004c1e       0xc4 ./user_c/isr.o
                0x0000000000004c1e                USART1_IRQHandler
 .text.USART2_IRQHandler
                0x0000000000004ce2       0xc4 ./user_c/isr.o
                0x0000000000004ce2                USART2_IRQHandler
 .text.USART3_IRQHandler
                0x0000000000004da6       0xc4 ./user_c/isr.o
                0x0000000000004da6                USART3_IRQHandler
 .text.UART4_IRQHandler
                0x0000000000004e6a       0xc4 ./user_c/isr.o
                0x0000000000004e6a                UART4_IRQHandler
 .text.UART5_IRQHandler
                0x0000000000004f2e       0xc2 ./user_c/isr.o
                0x0000000000004f2e                UART5_IRQHandler
 .text.UART6_IRQHandler
                0x0000000000004ff0       0xc4 ./user_c/isr.o
                0x0000000000004ff0                UART6_IRQHandler
 .text.UART7_IRQHandler
                0x00000000000050b4       0xca ./user_c/isr.o
                0x00000000000050b4                UART7_IRQHandler
 .text.UART8_IRQHandler
                0x000000000000517e       0xc0 ./user_c/isr.o
                0x000000000000517e                UART8_IRQHandler
 .text.DVP_IRQHandler
                0x000000000000523e       0xd0 ./user_c/isr.o
                0x000000000000523e                DVP_IRQHandler
 .text.EXTI0_IRQHandler
                0x000000000000530e       0xb4 ./user_c/isr.o
                0x000000000000530e                EXTI0_IRQHandler
 .text.EXTI1_IRQHandler
                0x00000000000053c2       0xb4 ./user_c/isr.o
                0x00000000000053c2                EXTI1_IRQHandler
 .text.EXTI2_IRQHandler
                0x0000000000005476       0xb4 ./user_c/isr.o
                0x0000000000005476                EXTI2_IRQHandler
 .text.EXTI3_IRQHandler
                0x000000000000552a       0xb4 ./user_c/isr.o
                0x000000000000552a                EXTI3_IRQHandler
 .text.EXTI4_IRQHandler
                0x00000000000055de       0xb4 ./user_c/isr.o
                0x00000000000055de                EXTI4_IRQHandler
 .text.EXTI9_5_IRQHandler
                0x0000000000005692      0x118 ./user_c/isr.o
                0x0000000000005692                EXTI9_5_IRQHandler
 .text.EXTI15_10_IRQHandler
                0x00000000000057aa      0x132 ./user_c/isr.o
                0x00000000000057aa                EXTI15_10_IRQHandler
 .text.TIM1_UP_IRQHandler
                0x00000000000058dc       0xc4 ./user_c/isr.o
                0x00000000000058dc                TIM1_UP_IRQHandler
 .text.TIM5_IRQHandler
                0x00000000000059a0       0xd4 ./user_c/isr.o
                0x00000000000059a0                TIM5_IRQHandler
 .text.TIM2_IRQHandler
                0x0000000000005a74       0xb8 ./user_c/isr.o
                0x0000000000005a74                TIM2_IRQHandler
 .text.TIM6_IRQHandler
                0x0000000000005b2c       0xb8 ./user_c/isr.o
                0x0000000000005b2c                TIM6_IRQHandler
 .text.TIM7_IRQHandler
                0x0000000000005be4       0xc0 ./user_c/isr.o
                0x0000000000005be4                TIM7_IRQHandler
 .text.TIM8_UP_IRQHandler
                0x0000000000005ca4       0xc0 ./user_c/isr.o
                0x0000000000005ca4                TIM8_UP_IRQHandler
 .text.TIM9_UP_IRQHandler
                0x0000000000005d64       0xc0 ./user_c/isr.o
                0x0000000000005d64                TIM9_UP_IRQHandler
 .text.TIM10_UP_IRQHandler
                0x0000000000005e24       0xb8 ./user_c/isr.o
                0x0000000000005e24                TIM10_UP_IRQHandler
 .text.NMI_Handler
                0x0000000000005edc       0x10 ./user_c/isr.o
                0x0000000000005edc                NMI_Handler
 .text.HardFault_Handler
                0x0000000000005eec        0x8 ./user_c/isr.o
                0x0000000000005eec                HardFault_Handler
 .text.main     0x0000000000005ef4       0x72 ./user_c/main.o
                0x0000000000005ef4                main
 .text.vector_handler
                0x0000000000005f66       0xbe ./sdk/Startup/startup_ch32v30x_D8C.o
                0x0000000000005f6a                Ecall_M_Mode_Handler
                0x0000000000005f6c                Ecall_U_Mode_Handler
                0x0000000000005f6e                Break_Point_Handler
                0x0000000000005f70                SysTick_Handler
                0x0000000000005f72                SW_Handler
                0x0000000000005f74                WWDG_IRQHandler
                0x0000000000005f76                PVD_IRQHandler
                0x0000000000005f78                TAMPER_IRQHandler
                0x0000000000005f7a                RTC_IRQHandler
                0x0000000000005f7c                FLASH_IRQHandler
                0x0000000000005f7e                RCC_IRQHandler
                0x0000000000005f8a                DMA1_Channel1_IRQHandler
                0x0000000000005f8c                DMA1_Channel2_IRQHandler
                0x0000000000005f8e                DMA1_Channel3_IRQHandler
                0x0000000000005f90                DMA1_Channel4_IRQHandler
                0x0000000000005f92                DMA1_Channel5_IRQHandler
                0x0000000000005f94                DMA1_Channel6_IRQHandler
                0x0000000000005f96                DMA1_Channel7_IRQHandler
                0x0000000000005f98                ADC1_2_IRQHandler
                0x0000000000005f9a                USB_HP_CAN1_TX_IRQHandler
                0x0000000000005f9c                USB_LP_CAN1_RX0_IRQHandler
                0x0000000000005f9e                CAN1_RX1_IRQHandler
                0x0000000000005fa0                CAN1_SCE_IRQHandler
                0x0000000000005fa4                TIM1_BRK_IRQHandler
                0x0000000000005fa8                TIM1_TRG_COM_IRQHandler
                0x0000000000005faa                TIM1_CC_IRQHandler
                0x0000000000005fb2                I2C1_EV_IRQHandler
                0x0000000000005fb4                I2C1_ER_IRQHandler
                0x0000000000005fb6                I2C2_EV_IRQHandler
                0x0000000000005fb8                I2C2_ER_IRQHandler
                0x0000000000005fba                SPI1_IRQHandler
                0x0000000000005fbc                SPI2_IRQHandler
                0x0000000000005fc6                RTCAlarm_IRQHandler
                0x0000000000005fc8                USBWakeUp_IRQHandler
                0x0000000000005fca                TIM8_BRK_IRQHandler
                0x0000000000005fce                TIM8_TRG_COM_IRQHandler
                0x0000000000005fd0                TIM8_CC_IRQHandler
                0x0000000000005fd2                RNG_IRQHandler
                0x0000000000005fd4                FSMC_IRQHandler
                0x0000000000005fd6                SDIO_IRQHandler
                0x0000000000005fda                SPI3_IRQHandler
                0x0000000000005fe4                DMA2_Channel1_IRQHandler
                0x0000000000005fe6                DMA2_Channel2_IRQHandler
                0x0000000000005fe8                DMA2_Channel3_IRQHandler
                0x0000000000005fea                DMA2_Channel4_IRQHandler
                0x0000000000005fec                DMA2_Channel5_IRQHandler
                0x0000000000005fee                ETH_IRQHandler
                0x0000000000005ff0                ETH_WKUP_IRQHandler
                0x0000000000005ff2                CAN2_TX_IRQHandler
                0x0000000000005ff4                CAN2_RX0_IRQHandler
                0x0000000000005ff6                CAN2_RX1_IRQHandler
                0x0000000000005ff8                CAN2_SCE_IRQHandler
                0x0000000000005ffc                USBHSWakeup_IRQHandler
                0x0000000000005ffe                USBHS_IRQHandler
                0x0000000000006008                TIM9_BRK_IRQHandler
                0x000000000000600c                TIM9_TRG_COM_IRQHandler
                0x000000000000600e                TIM9_CC_IRQHandler
                0x0000000000006010                TIM10_BRK_IRQHandler
                0x0000000000006014                TIM10_TRG_COM_IRQHandler
                0x0000000000006016                TIM10_CC_IRQHandler
                0x0000000000006018                DMA2_Channel6_IRQHandler
                0x000000000000601a                DMA2_Channel7_IRQHandler
                0x000000000000601c                DMA2_Channel8_IRQHandler
                0x000000000000601e                DMA2_Channel9_IRQHandler
                0x0000000000006020                DMA2_Channel10_IRQHandler
                0x0000000000006022                DMA2_Channel11_IRQHandler
 .text.handle_reset
                0x0000000000006024       0x86 ./sdk/Startup/startup_ch32v30x_D8C.o
                0x0000000000006024                handle_reset
 .text.ADC_DeInit
                0x00000000000060aa       0x60 ./sdk/Peripheral/ch32v30x_adc.o
                0x00000000000060aa                ADC_DeInit
 .text.ADC_Init
                0x000000000000610a      0x102 ./sdk/Peripheral/ch32v30x_adc.o
                0x000000000000610a                ADC_Init
 .text.ADC_Cmd  0x000000000000620c       0x3e ./sdk/Peripheral/ch32v30x_adc.o
                0x000000000000620c                ADC_Cmd
 .text.ADC_ResetCalibration
                0x000000000000624a       0x22 ./sdk/Peripheral/ch32v30x_adc.o
                0x000000000000624a                ADC_ResetCalibration
 .text.ADC_GetResetCalibrationStatus
                0x000000000000626c       0x30 ./sdk/Peripheral/ch32v30x_adc.o
                0x000000000000626c                ADC_GetResetCalibrationStatus
 .text.ADC_StartCalibration
                0x000000000000629c       0x22 ./sdk/Peripheral/ch32v30x_adc.o
                0x000000000000629c                ADC_StartCalibration
 .text.ADC_GetCalibrationStatus
                0x00000000000062be       0x30 ./sdk/Peripheral/ch32v30x_adc.o
                0x00000000000062be                ADC_GetCalibrationStatus
 .text.ADC_SoftwareStartConvCmd
                0x00000000000062ee       0x44 ./sdk/Peripheral/ch32v30x_adc.o
                0x00000000000062ee                ADC_SoftwareStartConvCmd
 .text.ADC_RegularChannelConfig
                0x0000000000006332      0x248 ./sdk/Peripheral/ch32v30x_adc.o
                0x0000000000006332                ADC_RegularChannelConfig
 .text.ADC_GetFlagStatus
                0x000000000000657a       0x3a ./sdk/Peripheral/ch32v30x_adc.o
                0x000000000000657a                ADC_GetFlagStatus
 .text.ADC_BufferCmd
                0x00000000000065b4       0x44 ./sdk/Peripheral/ch32v30x_adc.o
                0x00000000000065b4                ADC_BufferCmd
 .text.EXTI_GetITStatus
                0x00000000000065f8       0x56 ./sdk/Peripheral/ch32v30x_exti.o
                0x00000000000065f8                EXTI_GetITStatus
 .text.EXTI_ClearITPendingBit
                0x000000000000664e       0x20 ./sdk/Peripheral/ch32v30x_exti.o
                0x000000000000664e                EXTI_ClearITPendingBit
 .text.GPIO_Init
                0x000000000000666e      0x22a ./sdk/Peripheral/ch32v30x_gpio.o
                0x000000000000666e                GPIO_Init
 .text.GPIO_WriteBit
                0x0000000000006898       0x38 ./sdk/Peripheral/ch32v30x_gpio.o
                0x0000000000006898                GPIO_WriteBit
 .text.GPIO_PinRemapConfig
                0x00000000000068d0      0x1c8 ./sdk/Peripheral/ch32v30x_gpio.o
                0x00000000000068d0                GPIO_PinRemapConfig
 .text.RCC_ADCCLKConfig
                0x0000000000006a98       0x46 ./sdk/Peripheral/ch32v30x_rcc.o
                0x0000000000006a98                RCC_ADCCLKConfig
 .text.RCC_GetClocksFreq
                0x0000000000006ade      0x2c6 ./sdk/Peripheral/ch32v30x_rcc.o
                0x0000000000006ade                RCC_GetClocksFreq
 .text.RCC_APB2PeriphClockCmd
                0x0000000000006da4       0x46 ./sdk/Peripheral/ch32v30x_rcc.o
                0x0000000000006da4                RCC_APB2PeriphClockCmd
 .text.RCC_APB1PeriphClockCmd
                0x0000000000006dea       0x46 ./sdk/Peripheral/ch32v30x_rcc.o
                0x0000000000006dea                RCC_APB1PeriphClockCmd
 .text.RCC_APB2PeriphResetCmd
                0x0000000000006e30       0x46 ./sdk/Peripheral/ch32v30x_rcc.o
                0x0000000000006e30                RCC_APB2PeriphResetCmd
 .text.TIM_TimeBaseInit
                0x0000000000006e76      0x17e ./sdk/Peripheral/ch32v30x_tim.o
                0x0000000000006e76                TIM_TimeBaseInit
 .text.TIM_OC1Init
                0x0000000000006ff4      0x19c ./sdk/Peripheral/ch32v30x_tim.o
                0x0000000000006ff4                TIM_OC1Init
 .text.TIM_OC2Init
                0x0000000000007190      0x1e2 ./sdk/Peripheral/ch32v30x_tim.o
                0x0000000000007190                TIM_OC2Init
 .text.TIM_OC3Init
                0x0000000000007372      0x1dc ./sdk/Peripheral/ch32v30x_tim.o
                0x0000000000007372                TIM_OC3Init
 .text.TIM_OC4Init
                0x000000000000754e      0x176 ./sdk/Peripheral/ch32v30x_tim.o
                0x000000000000754e                TIM_OC4Init
 .text.TIM_ICInit
                0x00000000000076c4      0x116 ./sdk/Peripheral/ch32v30x_tim.o
                0x00000000000076c4                TIM_ICInit
 .text.TIM_ICStructInit
                0x00000000000077da       0x3c ./sdk/Peripheral/ch32v30x_tim.o
                0x00000000000077da                TIM_ICStructInit
 .text.TIM_Cmd  0x0000000000007816       0x58 ./sdk/Peripheral/ch32v30x_tim.o
                0x0000000000007816                TIM_Cmd
 .text.TIM_CtrlPWMOutputs
                0x000000000000786e       0x60 ./sdk/Peripheral/ch32v30x_tim.o
                0x000000000000786e                TIM_CtrlPWMOutputs
 .text.TIM_ITConfig
                0x00000000000078ce       0x70 ./sdk/Peripheral/ch32v30x_tim.o
                0x00000000000078ce                TIM_ITConfig
 .text.TIM_EncoderInterfaceConfig
                0x000000000000793e       0xd8 ./sdk/Peripheral/ch32v30x_tim.o
                0x000000000000793e                TIM_EncoderInterfaceConfig
 .text.TIM_OC1PreloadConfig
                0x0000000000007a16       0x4c ./sdk/Peripheral/ch32v30x_tim.o
                0x0000000000007a16                TIM_OC1PreloadConfig
 .text.TIM_OC2PreloadConfig
                0x0000000000007a62       0x5a ./sdk/Peripheral/ch32v30x_tim.o
                0x0000000000007a62                TIM_OC2PreloadConfig
 .text.TIM_OC3PreloadConfig
                0x0000000000007abc       0x4c ./sdk/Peripheral/ch32v30x_tim.o
                0x0000000000007abc                TIM_OC3PreloadConfig
 .text.TIM_OC4PreloadConfig
                0x0000000000007b08       0x5a ./sdk/Peripheral/ch32v30x_tim.o
                0x0000000000007b08                TIM_OC4PreloadConfig
 .text.TIM_OC1FastConfig
                0x0000000000007b62       0x4c ./sdk/Peripheral/ch32v30x_tim.o
                0x0000000000007b62                TIM_OC1FastConfig
 .text.TIM_OC2FastConfig
                0x0000000000007bae       0x56 ./sdk/Peripheral/ch32v30x_tim.o
                0x0000000000007bae                TIM_OC2FastConfig
 .text.TIM_OC3FastConfig
                0x0000000000007c04       0x4c ./sdk/Peripheral/ch32v30x_tim.o
                0x0000000000007c04                TIM_OC3FastConfig
 .text.TIM_OC4FastConfig
                0x0000000000007c50       0x56 ./sdk/Peripheral/ch32v30x_tim.o
                0x0000000000007c50                TIM_OC4FastConfig
 .text.TIM_SetCounter
                0x0000000000007ca6       0x24 ./sdk/Peripheral/ch32v30x_tim.o
                0x0000000000007ca6                TIM_SetCounter
 .text.TIM_SetIC1Prescaler
                0x0000000000007cca       0x56 ./sdk/Peripheral/ch32v30x_tim.o
                0x0000000000007cca                TIM_SetIC1Prescaler
 .text.TIM_SetIC2Prescaler
                0x0000000000007d20       0x64 ./sdk/Peripheral/ch32v30x_tim.o
                0x0000000000007d20                TIM_SetIC2Prescaler
 .text.TIM_SetIC3Prescaler
                0x0000000000007d84       0x56 ./sdk/Peripheral/ch32v30x_tim.o
                0x0000000000007d84                TIM_SetIC3Prescaler
 .text.TIM_SetIC4Prescaler
                0x0000000000007dda       0x64 ./sdk/Peripheral/ch32v30x_tim.o
                0x0000000000007dda                TIM_SetIC4Prescaler
 .text.TIM_GetCounter
                0x0000000000007e3e       0x1e ./sdk/Peripheral/ch32v30x_tim.o
                0x0000000000007e3e                TIM_GetCounter
 .text.TIM_GetITStatus
                0x0000000000007e5c       0x70 ./sdk/Peripheral/ch32v30x_tim.o
                0x0000000000007e5c                TIM_GetITStatus
 .text.TIM_ClearITPendingBit
                0x0000000000007ecc       0x2e ./sdk/Peripheral/ch32v30x_tim.o
                0x0000000000007ecc                TIM_ClearITPendingBit
 .text.TI1_Config
                0x0000000000007efa      0x162 ./sdk/Peripheral/ch32v30x_tim.o
 .text.TI2_Config
                0x000000000000805c      0x182 ./sdk/Peripheral/ch32v30x_tim.o
 .text.TI3_Config
                0x00000000000081de      0x17a ./sdk/Peripheral/ch32v30x_tim.o
 .text.TI4_Config
                0x0000000000008358      0x192 ./sdk/Peripheral/ch32v30x_tim.o
 .text.USART_Init
                0x00000000000084ea      0x234 ./sdk/Peripheral/ch32v30x_usart.o
                0x00000000000084ea                USART_Init
 .text.USART_Cmd
                0x000000000000871e       0x60 ./sdk/Peripheral/ch32v30x_usart.o
                0x000000000000871e                USART_Cmd
 .text.USART_ITConfig
                0x000000000000877e       0xc4 ./sdk/Peripheral/ch32v30x_usart.o
                0x000000000000877e                USART_ITConfig
 .text.USART_SendData
                0x0000000000008842       0x2e ./sdk/Peripheral/ch32v30x_usart.o
                0x0000000000008842                USART_SendData
 .text.USART_GetFlagStatus
                0x0000000000008870       0x46 ./sdk/Peripheral/ch32v30x_usart.o
                0x0000000000008870                USART_GetFlagStatus
 .text.USART_GetITStatus
                0x00000000000088b6      0x102 ./sdk/Peripheral/ch32v30x_usart.o
                0x00000000000088b6                USART_GetITStatus
 .text.USART_ClearITPendingBit
                0x00000000000089b8       0x4e ./sdk/Peripheral/ch32v30x_usart.o
                0x00000000000089b8                USART_ClearITPendingBit
 .text.DevEP1_IN_Deal
                0x0000000000008a06       0x3e ./sdk/Peripheral/ch32v30x_usbotg_device.o
                0x0000000000008a06                DevEP1_IN_Deal
 .text.DevEP2_IN_Deal
                0x0000000000008a44       0x3e ./sdk/Peripheral/ch32v30x_usbotg_device.o
                0x0000000000008a44                DevEP2_IN_Deal
 .text.DevEP1_OUT_Deal
                0x0000000000008a82       0x66 ./sdk/Peripheral/ch32v30x_usbotg_device.o
                0x0000000000008a82                DevEP1_OUT_Deal
 .text.DevEP2_OUT_Deal
                0x0000000000008ae8       0x66 ./sdk/Peripheral/ch32v30x_usbotg_device.o
                0x0000000000008ae8                DevEP2_OUT_Deal
 .text.OTG_FS_IRQHandler
                0x0000000000008b4e      0xd16 ./sdk/Peripheral/ch32v30x_usbotg_device.o
                0x0000000000008b4e                OTG_FS_IRQHandler
 .text.Beep_Init
                0x0000000000009864       0x22 ./code/Other.o
                0x0000000000009864                Beep_Init
 .text.Beep_Ring_500MS
                0x0000000000009886       0x2e ./code/Other.o
                0x0000000000009886                Beep_Ring_500MS
 .text.ADC_Vol_get_Init
                0x00000000000098b4       0x1c ./code/Other.o
                0x00000000000098b4                ADC_Vol_get_Init
 .text.ADC_Vol_get
                0x00000000000098d0       0x66 ./code/Other.o
                0x00000000000098d0                ADC_Vol_get
 .text.Community_Init
                0x0000000000009936       0x2a ./code/buletooth.o
                0x0000000000009936                Community_Init
 .text.Control_Community_Init
                0x0000000000009960       0x2a ./code/buletooth.o
                0x0000000000009960                Control_Community_Init
 .text.UART_Control_Read
                0x000000000000998a       0x24 ./code/buletooth.o
                0x000000000000998a                UART_Control_Read
 .text.Control_Read
                0x00000000000099ae       0x72 ./code/buletooth.o
                0x00000000000099ae                Control_Read
 .text.VOFA_Test
                0x0000000000009a20       0x94 ./code/buletooth.o
                0x0000000000009a20                VOFA_Test
 .text.Encoder_TIM3_Init
                0x0000000000009ab4       0xd0 ./code/ecoder.o
                0x0000000000009ab4                Encoder_TIM3_Init
 .text.Encoder_TIM4_Init
                0x0000000000009b84       0xd0 ./code/ecoder.o
                0x0000000000009b84                Encoder_TIM4_Init
 .text.Read_Speed
                0x0000000000009c54       0x80 ./code/ecoder.o
                0x0000000000009c54                Read_Speed
 .text.TIM3_IRQHandler
                0x0000000000009cd4       0x36 ./code/ecoder.o
                0x0000000000009cd4                TIM3_IRQHandler
 .text.TIM4_IRQHandler
                0x0000000000009d0a       0x36 ./code/ecoder.o
                0x0000000000009d0a                TIM4_IRQHandler
 .text.angle_fliter_get
                0x0000000000009d40       0xd4 ./code/filter.o
                0x0000000000009d40                angle_fliter_get
 .text.Y_angle_ZeroOFFset_get
                0x0000000000009e14       0x80 ./code/filter.o
                0x0000000000009e14                Y_angle_ZeroOFFset_get
 .text.Motor_Init
                0x0000000000009e94       0xae ./code/motor.o
                0x0000000000009e94                Motor_Init
 .text.Load     0x0000000000009f42      0x134 ./code/motor.o
                0x0000000000009f42                Load
 .text.Canshu_Adj
                0x000000000000a076       0xea ./code/pid_1.o
                0x000000000000a076                Canshu_Adj
 .text.Main_PID_Progrem_1
                0x000000000000a160       0xee ./code/pid_1.o
                0x000000000000a160                Main_PID_Progrem_1
 .text.sudu_PID
                0x000000000000a24e      0x10a ./code/pid_1.o
                0x000000000000a24e                sudu_PID
 .text.Velocity_1
                0x000000000000a358      0x12c ./code/pid_1.o
                0x000000000000a358                Velocity_1
 .text.zhili_PID
                0x000000000000a484       0x42 ./code/pid_1.o
                0x000000000000a484                zhili_PID
 .text.zhuanxiang_PID
                0x000000000000a4c6       0x36 ./code/pid_1.o
                0x000000000000a4c6                zhuanxiang_PID
 .text.__adddf3
                0x000000000000a4fc      0xa0e d:/mounriver/mounriver_studio/mounriver_studio/toolchain/risc-v embedded gcc/bin/../lib/gcc/riscv-none-embed/8.2.0/rv32imafc/ilp32f\libgcc.a(adddf3.o)
                0x000000000000a4fc                __adddf3
 .text.__divdf3
                0x000000000000af0a      0x7ea d:/mounriver/mounriver_studio/mounriver_studio/toolchain/risc-v embedded gcc/bin/../lib/gcc/riscv-none-embed/8.2.0/rv32imafc/ilp32f\libgcc.a(divdf3.o)
                0x000000000000af0a                __divdf3
 .text.__eqdf2  0x000000000000b6f4       0x98 d:/mounriver/mounriver_studio/mounriver_studio/toolchain/risc-v embedded gcc/bin/../lib/gcc/riscv-none-embed/8.2.0/rv32imafc/ilp32f\libgcc.a(eqdf2.o)
                0x000000000000b6f4                __nedf2
                0x000000000000b6f4                __eqdf2
 .text.__gedf2  0x000000000000b78c       0xb6 d:/mounriver/mounriver_studio/mounriver_studio/toolchain/risc-v embedded gcc/bin/../lib/gcc/riscv-none-embed/8.2.0/rv32imafc/ilp32f\libgcc.a(gedf2.o)
                0x000000000000b78c                __gedf2
                0x000000000000b78c                __gtdf2
 .text.__ledf2  0x000000000000b842       0xb6 d:/mounriver/mounriver_studio/mounriver_studio/toolchain/risc-v embedded gcc/bin/../lib/gcc/riscv-none-embed/8.2.0/rv32imafc/ilp32f\libgcc.a(ledf2.o)
                0x000000000000b842                __ledf2
                0x000000000000b842                __ltdf2
 .text.__muldf3
                0x000000000000b8f8      0x656 d:/mounriver/mounriver_studio/mounriver_studio/toolchain/risc-v embedded gcc/bin/../lib/gcc/riscv-none-embed/8.2.0/rv32imafc/ilp32f\libgcc.a(muldf3.o)
                0x000000000000b8f8                __muldf3
 .text.__subdf3
                0x000000000000bf4e      0xa8c d:/mounriver/mounriver_studio/mounriver_studio/toolchain/risc-v embedded gcc/bin/../lib/gcc/riscv-none-embed/8.2.0/rv32imafc/ilp32f\libgcc.a(subdf3.o)
                0x000000000000bf4e                __subdf3
 .text.__unorddf2
                0x000000000000c9da       0x7c d:/mounriver/mounriver_studio/mounriver_studio/toolchain/risc-v embedded gcc/bin/../lib/gcc/riscv-none-embed/8.2.0/rv32imafc/ilp32f\libgcc.a(unorddf2.o)
                0x000000000000c9da                __unorddf2
 .text.__fixdfsi
                0x000000000000ca56       0xd8 d:/mounriver/mounriver_studio/mounriver_studio/toolchain/risc-v embedded gcc/bin/../lib/gcc/riscv-none-embed/8.2.0/rv32imafc/ilp32f\libgcc.a(fixdfsi.o)
                0x000000000000ca56                __fixdfsi
 .text.__fixunsdfsi
                0x000000000000cb2e       0x9e d:/mounriver/mounriver_studio/mounriver_studio/toolchain/risc-v embedded gcc/bin/../lib/gcc/riscv-none-embed/8.2.0/rv32imafc/ilp32f\libgcc.a(fixunsdfsi.o)
                0x000000000000cb2e                __fixunsdfsi
 .text.__floatsidf
                0x000000000000cbcc       0x70 d:/mounriver/mounriver_studio/mounriver_studio/toolchain/risc-v embedded gcc/bin/../lib/gcc/riscv-none-embed/8.2.0/rv32imafc/ilp32f\libgcc.a(floatsidf.o)
                0x000000000000cbcc                __floatsidf
 .text.__floatunsidf
                0x000000000000cc3c       0x66 d:/mounriver/mounriver_studio/mounriver_studio/toolchain/risc-v embedded gcc/bin/../lib/gcc/riscv-none-embed/8.2.0/rv32imafc/ilp32f\libgcc.a(floatunsidf.o)
                0x000000000000cc3c                __floatunsidf
 .text.__extendsfdf2
                0x000000000000cca2       0xe8 d:/mounriver/mounriver_studio/mounriver_studio/toolchain/risc-v embedded gcc/bin/../lib/gcc/riscv-none-embed/8.2.0/rv32imafc/ilp32f\libgcc.a(extendsfdf2.o)
                0x000000000000cca2                __extendsfdf2
 .text.__truncdfsf2
                0x000000000000cd8a      0x31e d:/mounriver/mounriver_studio/mounriver_studio/toolchain/risc-v embedded gcc/bin/../lib/gcc/riscv-none-embed/8.2.0/rv32imafc/ilp32f\libgcc.a(truncdfsf2.o)
                0x000000000000cd8a                __truncdfsf2
 .text.__clzsi2
                0x000000000000d0a8       0x76 d:/mounriver/mounriver_studio/mounriver_studio/toolchain/risc-v embedded gcc/bin/../lib/gcc/riscv-none-embed/8.2.0/rv32imafc/ilp32f\libgcc.a(_clzsi2.o)
                0x000000000000d0a8                __clzsi2
 .text.malloc   0x000000000000d11e        0xa d:/mounriver/mounriver_studio/mounriver_studio/toolchain/risc-v embedded gcc/bin/../lib/gcc/riscv-none-embed/8.2.0/../../../../riscv-none-embed/lib/rv32imafc/ilp32f\libg_nano.a(lib_a-malloc.o)
                0x000000000000d11e                malloc
 .text.memcpy   0x000000000000d128       0xb6 d:/mounriver/mounriver_studio/mounriver_studio/toolchain/risc-v embedded gcc/bin/../lib/gcc/riscv-none-embed/8.2.0/../../../../riscv-none-embed/lib/rv32imafc/ilp32f\libg_nano.a(lib_a-memcpy.o)
                0x000000000000d128                memcpy
 .text._free_r  0x000000000000d1de       0xa8 d:/mounriver/mounriver_studio/mounriver_studio/toolchain/risc-v embedded gcc/bin/../lib/gcc/riscv-none-embed/8.2.0/../../../../riscv-none-embed/lib/rv32imafc/ilp32f\libg_nano.a(lib_a-nano-freer.o)
                0x000000000000d1de                _free_r
 .text._malloc_r
                0x000000000000d286       0xda d:/mounriver/mounriver_studio/mounriver_studio/toolchain/risc-v embedded gcc/bin/../lib/gcc/riscv-none-embed/8.2.0/../../../../riscv-none-embed/lib/rv32imafc/ilp32f\libg_nano.a(lib_a-nano-mallocr.o)
                0x000000000000d286                _malloc_r
 .text.__cvt    0x000000000000d360       0xee d:/mounriver/mounriver_studio/mounriver_studio/toolchain/risc-v embedded gcc/bin/../lib/gcc/riscv-none-embed/8.2.0/../../../../riscv-none-embed/lib/rv32imafc/ilp32f\libg_nano.a(lib_a-nano-vfprintf_float.o)
                0x000000000000d360                __cvt
 .text.__exponent
                0x000000000000d44e       0x8c d:/mounriver/mounriver_studio/mounriver_studio/toolchain/risc-v embedded gcc/bin/../lib/gcc/riscv-none-embed/8.2.0/../../../../riscv-none-embed/lib/rv32imafc/ilp32f\libg_nano.a(lib_a-nano-vfprintf_float.o)
                0x000000000000d44e                __exponent
 .text._printf_float
                0x000000000000d4da      0x4c4 d:/mounriver/mounriver_studio/mounriver_studio/toolchain/risc-v embedded gcc/bin/../lib/gcc/riscv-none-embed/8.2.0/../../../../riscv-none-embed/lib/rv32imafc/ilp32f\libg_nano.a(lib_a-nano-vfprintf_float.o)
                0x000000000000d4da                _printf_float
 .text._printf_common
                0x000000000000d99e      0x10c d:/mounriver/mounriver_studio/mounriver_studio/toolchain/risc-v embedded gcc/bin/../lib/gcc/riscv-none-embed/8.2.0/../../../../riscv-none-embed/lib/rv32imafc/ilp32f\libg_nano.a(lib_a-nano-vfprintf_i.o)
                0x000000000000d99e                _printf_common
 .text._printf_i
                0x000000000000daaa      0x2ac d:/mounriver/mounriver_studio/mounriver_studio/toolchain/risc-v embedded gcc/bin/../lib/gcc/riscv-none-embed/8.2.0/../../../../riscv-none-embed/lib/rv32imafc/ilp32f\libg_nano.a(lib_a-nano-vfprintf_i.o)
                0x000000000000daaa                _printf_i
 .text.printf   0x000000000000dd56       0x42 d:/mounriver/mounriver_studio/mounriver_studio/toolchain/risc-v embedded gcc/bin/../lib/gcc/riscv-none-embed/8.2.0/../../../../riscv-none-embed/lib/rv32imafc/ilp32f\libg_nano.a(lib_a-printf.o)
                0x000000000000dd56                iprintf
                0x000000000000dd56                printf
 .text._sbrk_r  0x000000000000dd98       0x2a d:/mounriver/mounriver_studio/mounriver_studio/toolchain/risc-v embedded gcc/bin/../lib/gcc/riscv-none-embed/8.2.0/../../../../riscv-none-embed/lib/rv32imafc/ilp32f\libg_nano.a(lib_a-sbrkr.o)
                0x000000000000dd98                _sbrk_r
 .text.sprintf  0x000000000000ddc2       0x46 d:/mounriver/mounriver_studio/mounriver_studio/toolchain/risc-v embedded gcc/bin/../lib/gcc/riscv-none-embed/8.2.0/../../../../riscv-none-embed/lib/rv32imafc/ilp32f\libg_nano.a(lib_a-sprintf.o)
                0x000000000000ddc2                siprintf
                0x000000000000ddc2                sprintf
 .text.strlen   0x000000000000de08       0x12 d:/mounriver/mounriver_studio/mounriver_studio/toolchain/risc-v embedded gcc/bin/../lib/gcc/riscv-none-embed/8.2.0/../../../../riscv-none-embed/lib/rv32imafc/ilp32f\libg_nano.a(lib_a-strlen.o)
                0x000000000000de08                strlen
 .text.strncmp  0x000000000000de1a       0x2c d:/mounriver/mounriver_studio/mounriver_studio/toolchain/risc-v embedded gcc/bin/../lib/gcc/riscv-none-embed/8.2.0/../../../../riscv-none-embed/lib/rv32imafc/ilp32f\libg_nano.a(lib_a-strncmp.o)
                0x000000000000de1a                strncmp
 .text.quorem   0x000000000000de46      0x13a d:/mounriver/mounriver_studio/mounriver_studio/toolchain/risc-v embedded gcc/bin/../lib/gcc/riscv-none-embed/8.2.0/../../../../riscv-none-embed/lib/rv32imafc/ilp32f\libg_nano.a(lib_a-dtoa.o)
 .text._dtoa_r  0x000000000000df80      0xbea d:/mounriver/mounriver_studio/mounriver_studio/toolchain/risc-v embedded gcc/bin/../lib/gcc/riscv-none-embed/8.2.0/../../../../riscv-none-embed/lib/rv32imafc/ilp32f\libg_nano.a(lib_a-dtoa.o)
                0x000000000000df80                _dtoa_r
 .text.std      0x000000000000eb6a       0x6a d:/mounriver/mounriver_studio/mounriver_studio/toolchain/risc-v embedded gcc/bin/../lib/gcc/riscv-none-embed/8.2.0/../../../../riscv-none-embed/lib/rv32imafc/ilp32f\libg_nano.a(lib_a-findfp.o)
 .text._cleanup_r
                0x000000000000ebd4        0xa d:/mounriver/mounriver_studio/mounriver_studio/toolchain/risc-v embedded gcc/bin/../lib/gcc/riscv-none-embed/8.2.0/../../../../riscv-none-embed/lib/rv32imafc/ilp32f\libg_nano.a(lib_a-findfp.o)
                0x000000000000ebd4                _cleanup_r
 .text.__sfmoreglue
                0x000000000000ebde       0x48 d:/mounriver/mounriver_studio/mounriver_studio/toolchain/risc-v embedded gcc/bin/../lib/gcc/riscv-none-embed/8.2.0/../../../../riscv-none-embed/lib/rv32imafc/ilp32f\libg_nano.a(lib_a-findfp.o)
                0x000000000000ebde                __sfmoreglue
 .text.__sinit  0x000000000000ec26       0x6c d:/mounriver/mounriver_studio/mounriver_studio/toolchain/risc-v embedded gcc/bin/../lib/gcc/riscv-none-embed/8.2.0/../../../../riscv-none-embed/lib/rv32imafc/ilp32f\libg_nano.a(lib_a-findfp.o)
                0x000000000000ec26                __sinit
 .text.__sfp    0x000000000000ec92       0xa0 d:/mounriver/mounriver_studio/mounriver_studio/toolchain/risc-v embedded gcc/bin/../lib/gcc/riscv-none-embed/8.2.0/../../../../riscv-none-embed/lib/rv32imafc/ilp32f\libg_nano.a(lib_a-findfp.o)
                0x000000000000ec92                __sfp
 .text._fwalk_reent
                0x000000000000ed32       0x6c d:/mounriver/mounriver_studio/mounriver_studio/toolchain/risc-v embedded gcc/bin/../lib/gcc/riscv-none-embed/8.2.0/../../../../riscv-none-embed/lib/rv32imafc/ilp32f\libg_nano.a(lib_a-fwalk.o)
                0x000000000000ed32                _fwalk_reent
 .text._localeconv_r
                0x000000000000ed9e       0x18 d:/mounriver/mounriver_studio/mounriver_studio/toolchain/risc-v embedded gcc/bin/../lib/gcc/riscv-none-embed/8.2.0/../../../../riscv-none-embed/lib/rv32imafc/ilp32f\libg_nano.a(lib_a-localeconv.o)
                0x000000000000ed9e                _localeconv_r
 .text.memchr   0x000000000000edb6       0x1a d:/mounriver/mounriver_studio/mounriver_studio/toolchain/risc-v embedded gcc/bin/../lib/gcc/riscv-none-embed/8.2.0/../../../../riscv-none-embed/lib/rv32imafc/ilp32f\libg_nano.a(lib_a-memchr.o)
                0x000000000000edb6                memchr
 .text.__malloc_lock
                0x000000000000edd0        0x2 d:/mounriver/mounriver_studio/mounriver_studio/toolchain/risc-v embedded gcc/bin/../lib/gcc/riscv-none-embed/8.2.0/../../../../riscv-none-embed/lib/rv32imafc/ilp32f\libg_nano.a(lib_a-mlock.o)
                0x000000000000edd0                __malloc_lock
 .text.__malloc_unlock
                0x000000000000edd2        0x2 d:/mounriver/mounriver_studio/mounriver_studio/toolchain/risc-v embedded gcc/bin/../lib/gcc/riscv-none-embed/8.2.0/../../../../riscv-none-embed/lib/rv32imafc/ilp32f\libg_nano.a(lib_a-mlock.o)
                0x000000000000edd2                __malloc_unlock
 .text._Balloc  0x000000000000edd4       0x88 d:/mounriver/mounriver_studio/mounriver_studio/toolchain/risc-v embedded gcc/bin/../lib/gcc/riscv-none-embed/8.2.0/../../../../riscv-none-embed/lib/rv32imafc/ilp32f\libg_nano.a(lib_a-mprec.o)
                0x000000000000edd4                _Balloc
 .text._Bfree   0x000000000000ee5c       0x44 d:/mounriver/mounriver_studio/mounriver_studio/toolchain/risc-v embedded gcc/bin/../lib/gcc/riscv-none-embed/8.2.0/../../../../riscv-none-embed/lib/rv32imafc/ilp32f\libg_nano.a(lib_a-mprec.o)
                0x000000000000ee5c                _Bfree
 .text.__multadd
                0x000000000000eea0       0x98 d:/mounriver/mounriver_studio/mounriver_studio/toolchain/risc-v embedded gcc/bin/../lib/gcc/riscv-none-embed/8.2.0/../../../../riscv-none-embed/lib/rv32imafc/ilp32f\libg_nano.a(lib_a-mprec.o)
                0x000000000000eea0                __multadd
 .text.__hi0bits
                0x000000000000ef38       0x46 d:/mounriver/mounriver_studio/mounriver_studio/toolchain/risc-v embedded gcc/bin/../lib/gcc/riscv-none-embed/8.2.0/../../../../riscv-none-embed/lib/rv32imafc/ilp32f\libg_nano.a(lib_a-mprec.o)
                0x000000000000ef38                __hi0bits
 .text.__lo0bits
                0x000000000000ef7e       0x6a d:/mounriver/mounriver_studio/mounriver_studio/toolchain/risc-v embedded gcc/bin/../lib/gcc/riscv-none-embed/8.2.0/../../../../riscv-none-embed/lib/rv32imafc/ilp32f\libg_nano.a(lib_a-mprec.o)
                0x000000000000ef7e                __lo0bits
 .text.__i2b    0x000000000000efe8       0x1c d:/mounriver/mounriver_studio/mounriver_studio/toolchain/risc-v embedded gcc/bin/../lib/gcc/riscv-none-embed/8.2.0/../../../../riscv-none-embed/lib/rv32imafc/ilp32f\libg_nano.a(lib_a-mprec.o)
                0x000000000000efe8                __i2b
 .text.__multiply
                0x000000000000f004      0x144 d:/mounriver/mounriver_studio/mounriver_studio/toolchain/risc-v embedded gcc/bin/../lib/gcc/riscv-none-embed/8.2.0/../../../../riscv-none-embed/lib/rv32imafc/ilp32f\libg_nano.a(lib_a-mprec.o)
                0x000000000000f004                __multiply
 .text.__pow5mult
                0x000000000000f148       0xbe d:/mounriver/mounriver_studio/mounriver_studio/toolchain/risc-v embedded gcc/bin/../lib/gcc/riscv-none-embed/8.2.0/../../../../riscv-none-embed/lib/rv32imafc/ilp32f\libg_nano.a(lib_a-mprec.o)
                0x000000000000f148                __pow5mult
 .text.__lshift
                0x000000000000f206       0xce d:/mounriver/mounriver_studio/mounriver_studio/toolchain/risc-v embedded gcc/bin/../lib/gcc/riscv-none-embed/8.2.0/../../../../riscv-none-embed/lib/rv32imafc/ilp32f\libg_nano.a(lib_a-mprec.o)
                0x000000000000f206                __lshift
 .text.__mcmp   0x000000000000f2d4       0x32 d:/mounriver/mounriver_studio/mounriver_studio/toolchain/risc-v embedded gcc/bin/../lib/gcc/riscv-none-embed/8.2.0/../../../../riscv-none-embed/lib/rv32imafc/ilp32f\libg_nano.a(lib_a-mprec.o)
                0x000000000000f2d4                __mcmp
 .text.__mdiff  0x000000000000f306       0xf2 d:/mounriver/mounriver_studio/mounriver_studio/toolchain/risc-v embedded gcc/bin/../lib/gcc/riscv-none-embed/8.2.0/../../../../riscv-none-embed/lib/rv32imafc/ilp32f\libg_nano.a(lib_a-mprec.o)
                0x000000000000f306                __mdiff
 .text.__d2b    0x000000000000f3f8       0xd4 d:/mounriver/mounriver_studio/mounriver_studio/toolchain/risc-v embedded gcc/bin/../lib/gcc/riscv-none-embed/8.2.0/../../../../riscv-none-embed/lib/rv32imafc/ilp32f\libg_nano.a(lib_a-mprec.o)
                0x000000000000f3f8                __d2b
 .text._calloc_r
                0x000000000000f4cc       0x28 d:/mounriver/mounriver_studio/mounriver_studio/toolchain/risc-v embedded gcc/bin/../lib/gcc/riscv-none-embed/8.2.0/../../../../riscv-none-embed/lib/rv32imafc/ilp32f\libg_nano.a(lib_a-nano-callocr.o)
                0x000000000000f4cc                _calloc_r
 .text.__ssputs_r
                0x000000000000f4f4       0xee d:/mounriver/mounriver_studio/mounriver_studio/toolchain/risc-v embedded gcc/bin/../lib/gcc/riscv-none-embed/8.2.0/../../../../riscv-none-embed/lib/rv32imafc/ilp32f\libg_nano.a(lib_a-nano-svfprintf.o)
                0x000000000000f4f4                __ssputs_r
 .text._svfprintf_r
                0x000000000000f5e2      0x27e d:/mounriver/mounriver_studio/mounriver_studio/toolchain/risc-v embedded gcc/bin/../lib/gcc/riscv-none-embed/8.2.0/../../../../riscv-none-embed/lib/rv32imafc/ilp32f\libg_nano.a(lib_a-nano-svfprintf.o)
                0x000000000000f5e2                _svfiprintf_r
                0x000000000000f5e2                _svfprintf_r
 .text.__sfputc_r
                0x000000000000f860       0x28 d:/mounriver/mounriver_studio/mounriver_studio/toolchain/risc-v embedded gcc/bin/../lib/gcc/riscv-none-embed/8.2.0/../../../../riscv-none-embed/lib/rv32imafc/ilp32f\libg_nano.a(lib_a-nano-vfprintf.o)
 .text.__sfputs_r
                0x000000000000f888       0x44 d:/mounriver/mounriver_studio/mounriver_studio/toolchain/risc-v embedded gcc/bin/../lib/gcc/riscv-none-embed/8.2.0/../../../../riscv-none-embed/lib/rv32imafc/ilp32f\libg_nano.a(lib_a-nano-vfprintf.o)
                0x000000000000f888                __sfputs_r
 .text._vfprintf_r
                0x000000000000f8cc      0x29e d:/mounriver/mounriver_studio/mounriver_studio/toolchain/risc-v embedded gcc/bin/../lib/gcc/riscv-none-embed/8.2.0/../../../../riscv-none-embed/lib/rv32imafc/ilp32f\libg_nano.a(lib_a-nano-vfprintf.o)
                0x000000000000f8cc                _vfprintf_r
                0x000000000000f8cc                _vfiprintf_r
 .text.__sread  0x000000000000fb6a       0x30 d:/mounriver/mounriver_studio/mounriver_studio/toolchain/risc-v embedded gcc/bin/../lib/gcc/riscv-none-embed/8.2.0/../../../../riscv-none-embed/lib/rv32imafc/ilp32f\libg_nano.a(lib_a-stdio.o)
                0x000000000000fb6a                __sread
 .text.__swrite
                0x000000000000fb9a       0x4e d:/mounriver/mounriver_studio/mounriver_studio/toolchain/risc-v embedded gcc/bin/../lib/gcc/riscv-none-embed/8.2.0/../../../../riscv-none-embed/lib/rv32imafc/ilp32f\libg_nano.a(lib_a-stdio.o)
                0x000000000000fb9a                __swrite
 .text.__sseek  0x000000000000fbe8       0x36 d:/mounriver/mounriver_studio/mounriver_studio/toolchain/risc-v embedded gcc/bin/../lib/gcc/riscv-none-embed/8.2.0/../../../../riscv-none-embed/lib/rv32imafc/ilp32f\libg_nano.a(lib_a-stdio.o)
                0x000000000000fbe8                __sseek
 .text.__sclose
                0x000000000000fc1e        0x6 d:/mounriver/mounriver_studio/mounriver_studio/toolchain/risc-v embedded gcc/bin/../lib/gcc/riscv-none-embed/8.2.0/../../../../riscv-none-embed/lib/rv32imafc/ilp32f\libg_nano.a(lib_a-stdio.o)
                0x000000000000fc1e                __sclose
 .text.__swbuf_r
                0x000000000000fc24       0xc2 d:/mounriver/mounriver_studio/mounriver_studio/toolchain/risc-v embedded gcc/bin/../lib/gcc/riscv-none-embed/8.2.0/../../../../riscv-none-embed/lib/rv32imafc/ilp32f\libg_nano.a(lib_a-wbuf.o)
                0x000000000000fc24                __swbuf_r
 .text._write_r
                0x000000000000fce6       0x2e d:/mounriver/mounriver_studio/mounriver_studio/toolchain/risc-v embedded gcc/bin/../lib/gcc/riscv-none-embed/8.2.0/../../../../riscv-none-embed/lib/rv32imafc/ilp32f\libg_nano.a(lib_a-writer.o)
                0x000000000000fce6                _write_r
 .text.__swsetup_r
                0x000000000000fd14      0x110 d:/mounriver/mounriver_studio/mounriver_studio/toolchain/risc-v embedded gcc/bin/../lib/gcc/riscv-none-embed/8.2.0/../../../../riscv-none-embed/lib/rv32imafc/ilp32f\libg_nano.a(lib_a-wsetup.o)
                0x000000000000fd14                __swsetup_r
 .text._close_r
                0x000000000000fe24       0x2a d:/mounriver/mounriver_studio/mounriver_studio/toolchain/risc-v embedded gcc/bin/../lib/gcc/riscv-none-embed/8.2.0/../../../../riscv-none-embed/lib/rv32imafc/ilp32f\libg_nano.a(lib_a-closer.o)
                0x000000000000fe24                _close_r
 .text.__sflush_r
                0x000000000000fe4e      0x13e d:/mounriver/mounriver_studio/mounriver_studio/toolchain/risc-v embedded gcc/bin/../lib/gcc/riscv-none-embed/8.2.0/../../../../riscv-none-embed/lib/rv32imafc/ilp32f\libg_nano.a(lib_a-fflush.o)
                0x000000000000fe4e                __sflush_r
 .text._fflush_r
                0x000000000000ff8c       0x68 d:/mounriver/mounriver_studio/mounriver_studio/toolchain/risc-v embedded gcc/bin/../lib/gcc/riscv-none-embed/8.2.0/../../../../riscv-none-embed/lib/rv32imafc/ilp32f\libg_nano.a(lib_a-fflush.o)
                0x000000000000ff8c                _fflush_r
 .text._lseek_r
                0x000000000000fff4       0x2c d:/mounriver/mounriver_studio/mounriver_studio/toolchain/risc-v embedded gcc/bin/../lib/gcc/riscv-none-embed/8.2.0/../../../../riscv-none-embed/lib/rv32imafc/ilp32f\libg_nano.a(lib_a-lseekr.o)
                0x000000000000fff4                _lseek_r
 .text.__swhatbuf_r
                0x0000000000010020       0x58 d:/mounriver/mounriver_studio/mounriver_studio/toolchain/risc-v embedded gcc/bin/../lib/gcc/riscv-none-embed/8.2.0/../../../../riscv-none-embed/lib/rv32imafc/ilp32f\libg_nano.a(lib_a-makebuf.o)
                0x0000000000010020                __swhatbuf_r
 .text.__smakebuf_r
                0x0000000000010078       0xa0 d:/mounriver/mounriver_studio/mounriver_studio/toolchain/risc-v embedded gcc/bin/../lib/gcc/riscv-none-embed/8.2.0/../../../../riscv-none-embed/lib/rv32imafc/ilp32f\libg_nano.a(lib_a-makebuf.o)
                0x0000000000010078                __smakebuf_r
 .text.__ascii_mbtowc
                0x0000000000010118       0x3a d:/mounriver/mounriver_studio/mounriver_studio/toolchain/risc-v embedded gcc/bin/../lib/gcc/riscv-none-embed/8.2.0/../../../../riscv-none-embed/lib/rv32imafc/ilp32f\libg_nano.a(lib_a-mbtowc_r.o)
                0x0000000000010118                __ascii_mbtowc
 .text.memmove  0x0000000000010152       0x4a d:/mounriver/mounriver_studio/mounriver_studio/toolchain/risc-v embedded gcc/bin/../lib/gcc/riscv-none-embed/8.2.0/../../../../riscv-none-embed/lib/rv32imafc/ilp32f\libg_nano.a(lib_a-memmove.o)
                0x0000000000010152                memmove
 .text._realloc_r
                0x000000000001019c       0x58 d:/mounriver/mounriver_studio/mounriver_studio/toolchain/risc-v embedded gcc/bin/../lib/gcc/riscv-none-embed/8.2.0/../../../../riscv-none-embed/lib/rv32imafc/ilp32f\libg_nano.a(lib_a-nano-reallocr.o)
                0x000000000001019c                _realloc_r
 .text._read_r  0x00000000000101f4       0x2c d:/mounriver/mounriver_studio/mounriver_studio/toolchain/risc-v embedded gcc/bin/../lib/gcc/riscv-none-embed/8.2.0/../../../../riscv-none-embed/lib/rv32imafc/ilp32f\libg_nano.a(lib_a-readr.o)
                0x00000000000101f4                _read_r
 .text.__ascii_wctomb
                0x0000000000010220       0x20 d:/mounriver/mounriver_studio/mounriver_studio/toolchain/risc-v embedded gcc/bin/../lib/gcc/riscv-none-embed/8.2.0/../../../../riscv-none-embed/lib/rv32imafc/ilp32f\libg_nano.a(lib_a-wctomb_r.o)
                0x0000000000010220                __ascii_wctomb
 .text._fstat_r
                0x0000000000010240       0x2a d:/mounriver/mounriver_studio/mounriver_studio/toolchain/risc-v embedded gcc/bin/../lib/gcc/riscv-none-embed/8.2.0/../../../../riscv-none-embed/lib/rv32imafc/ilp32f\libg_nano.a(lib_a-fstatr.o)
                0x0000000000010240                _fstat_r
 .text._isatty_r
                0x000000000001026a       0x28 d:/mounriver/mounriver_studio/mounriver_studio/toolchain/risc-v embedded gcc/bin/../lib/gcc/riscv-none-embed/8.2.0/../../../../riscv-none-embed/lib/rv32imafc/ilp32f\libg_nano.a(lib_a-isattyr.o)
                0x000000000001026a                _isatty_r
 .text._malloc_usable_size_r
                0x0000000000010292       0x14 d:/mounriver/mounriver_studio/mounriver_studio/toolchain/risc-v embedded gcc/bin/../lib/gcc/riscv-none-embed/8.2.0/../../../../riscv-none-embed/lib/rv32imafc/ilp32f\libg_nano.a(lib_a-nano-msizer.o)
                0x0000000000010292                _malloc_usable_size_r
 .text.__trunctfdf2
                0x00000000000102a6      0x3d0 d:/mounriver/mounriver_studio/mounriver_studio/toolchain/risc-v embedded gcc/bin/../lib/gcc/riscv-none-embed/8.2.0/rv32imafc/ilp32f\libgcc.a(trunctfdf2.o)
                0x00000000000102a6                __trunctfdf2
 .text._close   0x0000000000010676        0xc d:/mounriver/mounriver_studio/mounriver_studio/toolchain/risc-v embedded gcc/bin/../lib/gcc/riscv-none-embed/8.2.0/../../../../riscv-none-embed/lib/rv32imafc/ilp32f\libnosys.a(close.o)
                0x0000000000010676                _close
 .text._fstat   0x0000000000010682        0xc d:/mounriver/mounriver_studio/mounriver_studio/toolchain/risc-v embedded gcc/bin/../lib/gcc/riscv-none-embed/8.2.0/../../../../riscv-none-embed/lib/rv32imafc/ilp32f\libnosys.a(fstat.o)
                0x0000000000010682                _fstat
 .text._isatty  0x000000000001068e        0xc d:/mounriver/mounriver_studio/mounriver_studio/toolchain/risc-v embedded gcc/bin/../lib/gcc/riscv-none-embed/8.2.0/../../../../riscv-none-embed/lib/rv32imafc/ilp32f\libnosys.a(isatty.o)
                0x000000000001068e                _isatty
 .text._lseek   0x000000000001069a        0xc d:/mounriver/mounriver_studio/mounriver_studio/toolchain/risc-v embedded gcc/bin/../lib/gcc/riscv-none-embed/8.2.0/../../../../riscv-none-embed/lib/rv32imafc/ilp32f\libnosys.a(lseek.o)
                0x000000000001069a                _lseek
 .text._read    0x00000000000106a6        0xc d:/mounriver/mounriver_studio/mounriver_studio/toolchain/risc-v embedded gcc/bin/../lib/gcc/riscv-none-embed/8.2.0/../../../../riscv-none-embed/lib/rv32imafc/ilp32f\libnosys.a(read.o)
                0x00000000000106a6                _read
 .text._sbrk    0x00000000000106b2       0x20 d:/mounriver/mounriver_studio/mounriver_studio/toolchain/risc-v embedded gcc/bin/../lib/gcc/riscv-none-embed/8.2.0/../../../../riscv-none-embed/lib/rv32imafc/ilp32f\libnosys.a(sbrk.o)
                0x00000000000106b2                _sbrk
 *(.rodata)
 *fill*         0x00000000000106d2        0x2 
 .rodata        0x00000000000106d4       0x77 ./zf_driver/zf_driver_adc.o
 *fill*         0x000000000001074b        0x1 
 .rodata        0x000000000001074c       0x9f ./zf_driver/zf_driver_pit.o
 *fill*         0x00000000000107eb        0x1 
 .rodata        0x00000000000107ec       0x77 ./zf_driver/zf_driver_pwm.o
 *fill*         0x0000000000010863        0x1 
 .rodata        0x0000000000010864       0x7c ./zf_driver/zf_driver_soft_iic.o
 .rodata        0x00000000000108e0       0x78 ./zf_driver/zf_driver_uart.o
 *fill*         0x0000000000010958        0x0 
 .rodata        0x0000000000010958        0x8 ./zf_device/zf_device_dm1xa.o
 .rodata        0x0000000000010960       0xf0 ./zf_device/zf_device_gnss.o
 .rodata        0x0000000000010a50       0xa0 ./zf_device/zf_device_mpu6050.o
 .rodata        0x0000000000010af0       0x78 ./zf_common/zf_common_debug.o
 .rodata        0x0000000000010b68       0x78 ./zf_common/zf_common_fifo.o
 .rodata        0x0000000000010be0       0x41 ./sdk/Peripheral/ch32v30x_usbotg_device.o
 *fill*         0x0000000000010c21        0x7 
 .rodata        0x0000000000010c28       0x10 ./code/Other.o
 .rodata        0x0000000000010c38       0x10 ./code/buletooth.o
 .rodata        0x0000000000010c48       0x10 ./code/filter.o
 .rodata        0x0000000000010c58       0x58 ./code/pid_1.o
 *(.rodata*)
 .rodata.pit_init
                0x0000000000010cb0       0x28 ./zf_driver/zf_driver_pit.o
 .rodata.pwm_set_duty
                0x0000000000010cd8       0x28 ./zf_driver/zf_driver_pwm.o
 .rodata.pwm_set_freq
                0x0000000000010d00       0x28 ./zf_driver/zf_driver_pwm.o
 .rodata.pwm_init
                0x0000000000010d28       0x28 ./zf_driver/zf_driver_pwm.o
 .rodata.timer_get
                0x0000000000010d50       0x28 ./zf_driver/zf_driver_timer.o
 .rodata.timer_clear
                0x0000000000010d78       0x28 ./zf_driver/zf_driver_timer.o
 .rodata.uart_index
                0x0000000000010da0       0x20 ./zf_driver/zf_driver_uart.o
                0x0000000000010da0                uart_index
 .rodata.MyDevDescrHD
                0x0000000000010dc0       0x12 ./sdk/Peripheral/ch32v30x_usbotg_device.o
                0x0000000000010dc0                MyDevDescrHD
 *fill*         0x0000000000010dd2        0x2 
 .rodata.MyCfgDescrHD
                0x0000000000010dd4       0x43 ./sdk/Peripheral/ch32v30x_usbotg_device.o
                0x0000000000010dd4                MyCfgDescrHD
 *fill*         0x0000000000010e17        0x1 
 .rodata.MyReportDescHD
                0x0000000000010e18       0x14 ./sdk/Peripheral/ch32v30x_usbotg_device.o
                0x0000000000010e18                MyReportDescHD
 .rodata.MyManuInfoHD
                0x0000000000010e2c        0xe ./sdk/Peripheral/ch32v30x_usbotg_device.o
                0x0000000000010e2c                MyManuInfoHD
 *fill*         0x0000000000010e3a        0x2 
 .rodata.MyProdInfoHD
                0x0000000000010e3c        0xc ./sdk/Peripheral/ch32v30x_usbotg_device.o
                0x0000000000010e3c                MyProdInfoHD
 .rodata.MySerNumInfoHD
                0x0000000000010e48       0x16 ./sdk/Peripheral/ch32v30x_usbotg_device.o
                0x0000000000010e48                MySerNumInfoHD
 *fill*         0x0000000000010e5e        0x2 
 .rodata.MyUSBQUADescHD
                0x0000000000010e60        0xa ./sdk/Peripheral/ch32v30x_usbotg_device.o
                0x0000000000010e60                MyUSBQUADescHD
 *fill*         0x0000000000010e6a        0x2 
 .rodata.OTG_FS_IRQHandler
                0x0000000000010e6c       0xbc ./sdk/Peripheral/ch32v30x_usbotg_device.o
 .rodata.__divdf3
                0x0000000000010f28       0x40 d:/mounriver/mounriver_studio/mounriver_studio/toolchain/risc-v embedded gcc/bin/../lib/gcc/riscv-none-embed/8.2.0/rv32imafc/ilp32f\libgcc.a(divdf3.o)
 .rodata.__muldf3
                0x0000000000010f68       0x40 d:/mounriver/mounriver_studio/mounriver_studio/toolchain/risc-v embedded gcc/bin/../lib/gcc/riscv-none-embed/8.2.0/rv32imafc/ilp32f\libgcc.a(muldf3.o)
 .rodata.__clz_tab
                0x0000000000010fa8      0x100 d:/mounriver/mounriver_studio/mounriver_studio/toolchain/risc-v embedded gcc/bin/../lib/gcc/riscv-none-embed/8.2.0/rv32imafc/ilp32f\libgcc.a(_clz.o)
                0x0000000000010fa8                __clz_tab
 .rodata._printf_float.cst8
                0x00000000000110a8        0x8 d:/mounriver/mounriver_studio/mounriver_studio/toolchain/risc-v embedded gcc/bin/../lib/gcc/riscv-none-embed/8.2.0/../../../../riscv-none-embed/lib/rv32imafc/ilp32f\libg_nano.a(lib_a-nano-vfprintf_float.o)
 .rodata._printf_float.str1.4
                0x00000000000110b0       0x12 d:/mounriver/mounriver_studio/mounriver_studio/toolchain/risc-v embedded gcc/bin/../lib/gcc/riscv-none-embed/8.2.0/../../../../riscv-none-embed/lib/rv32imafc/ilp32f\libg_nano.a(lib_a-nano-vfprintf_float.o)
 *fill*         0x00000000000110c2        0x2 
 .rodata._printf_i.str1.4
                0x00000000000110c4       0x25 d:/mounriver/mounriver_studio/mounriver_studio/toolchain/risc-v embedded gcc/bin/../lib/gcc/riscv-none-embed/8.2.0/../../../../riscv-none-embed/lib/rv32imafc/ilp32f\libg_nano.a(lib_a-nano-vfprintf_i.o)
 *fill*         0x00000000000110e9        0x7 
 .rodata._dtoa_r.cst8
                0x00000000000110f0       0x48 d:/mounriver/mounriver_studio/mounriver_studio/toolchain/risc-v embedded gcc/bin/../lib/gcc/riscv-none-embed/8.2.0/../../../../riscv-none-embed/lib/rv32imafc/ilp32f\libg_nano.a(lib_a-dtoa.o)
 .rodata._dtoa_r.str1.4
                0x0000000000011138       0x10 d:/mounriver/mounriver_studio/mounriver_studio/toolchain/risc-v embedded gcc/bin/../lib/gcc/riscv-none-embed/8.2.0/../../../../riscv-none-embed/lib/rv32imafc/ilp32f\libg_nano.a(lib_a-dtoa.o)
                                         0x12 (size before relaxing)
 .rodata.__sf_fake_stderr
                0x0000000000011148       0x20 d:/mounriver/mounriver_studio/mounriver_studio/toolchain/risc-v embedded gcc/bin/../lib/gcc/riscv-none-embed/8.2.0/../../../../riscv-none-embed/lib/rv32imafc/ilp32f\libg_nano.a(lib_a-findfp.o)
                0x0000000000011148                __sf_fake_stderr
 .rodata.__sf_fake_stdin
                0x0000000000011168       0x20 d:/mounriver/mounriver_studio/mounriver_studio/toolchain/risc-v embedded gcc/bin/../lib/gcc/riscv-none-embed/8.2.0/../../../../riscv-none-embed/lib/rv32imafc/ilp32f\libg_nano.a(lib_a-findfp.o)
                0x0000000000011168                __sf_fake_stdin
 .rodata.__sf_fake_stdout
                0x0000000000011188       0x20 d:/mounriver/mounriver_studio/mounriver_studio/toolchain/risc-v embedded gcc/bin/../lib/gcc/riscv-none-embed/8.2.0/../../../../riscv-none-embed/lib/rv32imafc/ilp32f\libg_nano.a(lib_a-findfp.o)
                0x0000000000011188                __sf_fake_stdout
 .rodata.__mprec_bigtens
                0x00000000000111a8       0x28 d:/mounriver/mounriver_studio/mounriver_studio/toolchain/risc-v embedded gcc/bin/../lib/gcc/riscv-none-embed/8.2.0/../../../../riscv-none-embed/lib/rv32imafc/ilp32f\libg_nano.a(lib_a-mprec.o)
                0x00000000000111a8                __mprec_bigtens
 .rodata.__mprec_tens
                0x00000000000111d0       0xc8 d:/mounriver/mounriver_studio/mounriver_studio/toolchain/risc-v embedded gcc/bin/../lib/gcc/riscv-none-embed/8.2.0/../../../../riscv-none-embed/lib/rv32imafc/ilp32f\libg_nano.a(lib_a-mprec.o)
                0x00000000000111d0                __mprec_tens
 .rodata.p05.3321
                0x0000000000011298        0xc d:/mounriver/mounriver_studio/mounriver_studio/toolchain/risc-v embedded gcc/bin/../lib/gcc/riscv-none-embed/8.2.0/../../../../riscv-none-embed/lib/rv32imafc/ilp32f\libg_nano.a(lib_a-mprec.o)
 .rodata._svfprintf_r.str1.4
                0x00000000000112a4       0x13 d:/mounriver/mounriver_studio/mounriver_studio/toolchain/risc-v embedded gcc/bin/../lib/gcc/riscv-none-embed/8.2.0/../../../../riscv-none-embed/lib/rv32imafc/ilp32f\libg_nano.a(lib_a-nano-svfprintf.o)
 .rodata._vfprintf_r.str1.4
                0x00000000000112b7       0x13 d:/mounriver/mounriver_studio/mounriver_studio/toolchain/risc-v embedded gcc/bin/../lib/gcc/riscv-none-embed/8.2.0/../../../../riscv-none-embed/lib/rv32imafc/ilp32f\libg_nano.a(lib_a-nano-vfprintf.o)
 *fill*         0x00000000000112b7        0x1 
 .rodata._setlocale_r.str1.4
                0x00000000000112b8        0xa d:/mounriver/mounriver_studio/mounriver_studio/toolchain/risc-v embedded gcc/bin/../lib/gcc/riscv-none-embed/8.2.0/../../../../riscv-none-embed/lib/rv32imafc/ilp32f\libg_nano.a(lib_a-locale.o)
                                          0xd (size before relaxing)
 *fill*         0x00000000000112c2        0x2 
 .rodata.str1.4
                0x00000000000112c4        0x4 d:/mounriver/mounriver_studio/mounriver_studio/toolchain/risc-v embedded gcc/bin/../lib/gcc/riscv-none-embed/8.2.0/../../../../riscv-none-embed/lib/rv32imafc/ilp32f\libg_nano.a(lib_a-locale.o)
                                          0x2 (size before relaxing)
 .rodata._ctype_
                0x00000000000112c8      0x101 d:/mounriver/mounriver_studio/mounriver_studio/toolchain/risc-v embedded gcc/bin/../lib/gcc/riscv-none-embed/8.2.0/../../../../riscv-none-embed/lib/rv32imafc/ilp32f\libg_nano.a(lib_a-ctype_.o)
                0x00000000000112c8                _ctype_
 *(.glue_7)
 *(.glue_7t)
 *(.gnu.linkonce.t.*)
                0x00000000000113cc                . = ALIGN (0x4)
 *fill*         0x00000000000113c9        0x3 

.rela.dyn       0x00000000000113cc        0x0
 .rela.init     0x00000000000113cc        0x0 ./zf_driver/zf_driver_adc.o
 .rela.vector   0x00000000000113cc        0x0 ./zf_driver/zf_driver_adc.o
 .rela.text.handle_reset
                0x00000000000113cc        0x0 ./zf_driver/zf_driver_adc.o
 .rela.text._sbrk_r
                0x00000000000113cc        0x0 ./zf_driver/zf_driver_adc.o
 .rela.text._svfprintf_r
                0x00000000000113cc        0x0 ./zf_driver/zf_driver_adc.o
 .rela.text._vfprintf_r
                0x00000000000113cc        0x0 ./zf_driver/zf_driver_adc.o
 .rela.text._write_r
                0x00000000000113cc        0x0 ./zf_driver/zf_driver_adc.o
 .rela.text._close_r
                0x00000000000113cc        0x0 ./zf_driver/zf_driver_adc.o
 .rela.text._lseek_r
                0x00000000000113cc        0x0 ./zf_driver/zf_driver_adc.o
 .rela.text._read_r
                0x00000000000113cc        0x0 ./zf_driver/zf_driver_adc.o
 .rela.text._fstat_r
                0x00000000000113cc        0x0 ./zf_driver/zf_driver_adc.o
 .rela.text._isatty_r
                0x00000000000113cc        0x0 ./zf_driver/zf_driver_adc.o
 .rela.text._close
                0x00000000000113cc        0x0 ./zf_driver/zf_driver_adc.o
 .rela.text._fstat
                0x00000000000113cc        0x0 ./zf_driver/zf_driver_adc.o
 .rela.text._isatty
                0x00000000000113cc        0x0 ./zf_driver/zf_driver_adc.o
 .rela.text._lseek
                0x00000000000113cc        0x0 ./zf_driver/zf_driver_adc.o
 .rela.text._read
                0x00000000000113cc        0x0 ./zf_driver/zf_driver_adc.o
 .rela.text._sbrk
                0x00000000000113cc        0x0 ./zf_driver/zf_driver_adc.o

.fini           0x00000000000113cc        0x0
 *(SORT_NONE(.fini))
                0x00000000000113cc                . = ALIGN (0x4)
                [!provide]                        PROVIDE (_etext = .)
                [!provide]                        PROVIDE (_eitcm = .)

.preinit_array  0x00000000000113cc        0x0
                [!provide]                        PROVIDE (__preinit_array_start = .)
 *(.preinit_array)
                [!provide]                        PROVIDE (__preinit_array_end = .)

.init_array     0x00000000000113cc        0x0
                [!provide]                        PROVIDE (__init_array_start = .)
 *(SORT_BY_INIT_PRIORITY(.init_array.*) SORT_BY_INIT_PRIORITY(.ctors.*))
 *(.init_array EXCLUDE_FILE(*crtend?.o *crtend.o *crtbegin?.o *crtbegin.o) .ctors)
                [!provide]                        PROVIDE (__init_array_end = .)

.fini_array     0x00000000000113cc        0x0
                [!provide]                        PROVIDE (__fini_array_start = .)
 *(SORT_BY_INIT_PRIORITY(.fini_array.*) SORT_BY_INIT_PRIORITY(.dtors.*))
 *(.fini_array EXCLUDE_FILE(*crtend?.o *crtend.o *crtbegin?.o *crtbegin.o) .dtors)
                [!provide]                        PROVIDE (__fini_array_end = .)

.ctors
 *crtbegin.o(.ctors)
 *crtbegin?.o(.ctors)
 *(EXCLUDE_FILE(*crtend?.o *crtend.o) .ctors)
 *(SORT_BY_NAME(.ctors.*))
 *(.ctors)

.dtors
 *crtbegin.o(.dtors)
 *crtbegin?.o(.dtors)
 *(EXCLUDE_FILE(*crtend?.o *crtend.o) .dtors)
 *(SORT_BY_NAME(.dtors.*))
 *(.dtors)

.dalign         0x0000000020000040        0x0 load address 0x00000000000113cc
                0x0000000020000040                . = ALIGN (0x4)
                0x0000000020000040                PROVIDE (_data_vma = .)

.dlalign        0x00000000000113cc        0x0
                0x00000000000113cc                . = ALIGN (0x4)
                0x00000000000113cc                PROVIDE (_data_lma = .)

.data           0x0000000020000040      0x2a0 load address 0x00000000000113cc
 *(.gnu.linkonce.r.*)
 *(.data .data.*)
 .data.gpio_group
                0x0000000020000040       0x14 ./zf_driver/zf_driver_gpio.o
                0x0000000020000040                gpio_group
 .data.APBAHBPrescTable
                0x0000000020000054       0x10 ./sdk/Peripheral/ch32v30x_rcc.o
 .data.TAB_USB_FS_OSC_DESC
                0x0000000020000064       0x43 ./sdk/Peripheral/ch32v30x_usbotg_device.o
                0x0000000020000064                TAB_USB_FS_OSC_DESC
 *fill*         0x00000000200000a7        0x1 
 .data.impure_data
                0x00000000200000a8       0x60 d:/mounriver/mounriver_studio/mounriver_studio/toolchain/risc-v embedded gcc/bin/../lib/gcc/riscv-none-embed/8.2.0/../../../../riscv-none-embed/lib/rv32imafc/ilp32f\libg_nano.a(lib_a-impure.o)
 .data.__global_locale
                0x0000000020000108      0x16c d:/mounriver/mounriver_studio/mounriver_studio/toolchain/risc-v embedded gcc/bin/../lib/gcc/riscv-none-embed/8.2.0/../../../../riscv-none-embed/lib/rv32imafc/ilp32f\libg_nano.a(lib_a-locale.o)
                0x0000000020000108                __global_locale
 *(.gnu.linkonce.d.*)
                0x0000000020000278                . = ALIGN (0x8)
 *fill*         0x0000000020000274        0x4 
                0x0000000020000a78                PROVIDE (__global_pointer$ = (. + 0x800))
 *(.sdata .sdata.*)
 .sdata.adc_index
                0x0000000020000278        0x8 ./zf_driver/zf_driver_adc.o
 .sdata.dm1xa_distance_mm
                0x0000000020000280        0x2 ./zf_device/zf_device_dm1xa.o
 *fill*         0x0000000020000282        0x2 
 .sdata.camera_uart_handler
                0x0000000020000284        0x4 ./zf_device/zf_device_type.o
                0x0000000020000284                camera_uart_handler
 .sdata.camera_dvp_handler
                0x0000000020000288        0x4 ./zf_device/zf_device_type.o
                0x0000000020000288                camera_dvp_handler
 .sdata.wireless_module_uart_handler
                0x000000002000028c        0x4 ./zf_device/zf_device_type.o
                0x000000002000028c                wireless_module_uart_handler
 .sdata.tof_module_exti_handler
                0x0000000020000290        0x4 ./zf_device/zf_device_type.o
                0x0000000020000290                tof_module_exti_handler
 .sdata.system_clock
                0x0000000020000294        0x4 ./zf_common/zf_common_clock.o
                0x0000000020000294                system_clock
 .sdata.zf_debug_assert_enable
                0x0000000020000298        0x1 ./zf_common/zf_common_debug.o
 *fill*         0x0000000020000299        0x3 
 .sdata.ADCPrescTable
                0x000000002000029c        0x4 ./sdk/Peripheral/ch32v30x_rcc.o
 .sdata.USBHD_Dev_Speed
                0x00000000200002a0        0x1 ./sdk/Peripheral/ch32v30x_usbotg_device.o
                0x00000000200002a0                USBHD_Dev_Speed
 *fill*         0x00000000200002a1        0x3 
 .sdata.LineCoding
                0x00000000200002a4        0x7 ./sdk/Peripheral/ch32v30x_usbotg_device.o
                0x00000000200002a4                LineCoding
 *fill*         0x00000000200002ab        0x1 
 .sdata.tail    0x00000000200002ac        0x4 ./code/buletooth.o
                0x00000000200002ac                tail
 .sdata.sudu_kp
                0x00000000200002b0        0x4 ./code/pid_1.o
                0x00000000200002b0                sudu_kp
 .sdata.sudu_ki
                0x00000000200002b4        0x4 ./code/pid_1.o
                0x00000000200002b4                sudu_ki
 .sdata.zhili_kp
                0x00000000200002b8        0x4 ./code/pid_1.o
                0x00000000200002b8                zhili_kp
 .sdata.zhili_kd
                0x00000000200002bc        0x4 ./code/pid_1.o
                0x00000000200002bc                zhili_kd
 .sdata.zhuanxiang_kp
                0x00000000200002c0        0x4 ./code/pid_1.o
                0x00000000200002c0                zhuanxiang_kp
 .sdata.Velocity_Kp_1
                0x00000000200002c4        0x4 ./code/pid_1.o
                0x00000000200002c4                Velocity_Kp_1
 .sdata.Velocity_Ki_1
                0x00000000200002c8        0x4 ./code/pid_1.o
                0x00000000200002c8                Velocity_Ki_1
 .sdata._impure_ptr
                0x00000000200002cc        0x4 d:/mounriver/mounriver_studio/mounriver_studio/toolchain/risc-v embedded gcc/bin/../lib/gcc/riscv-none-embed/8.2.0/../../../../riscv-none-embed/lib/rv32imafc/ilp32f\libg_nano.a(lib_a-impure.o)
                0x00000000200002cc                _impure_ptr
 *(.sdata2.*)
 .sdata2.uart_irq
                0x00000000200002d0        0x8 ./zf_driver/zf_driver_uart.o
                0x00000000200002d0                uart_irq
 .sdata2.MyLangDescrHD
                0x00000000200002d8        0x4 ./sdk/Peripheral/ch32v30x_usbotg_device.o
                0x00000000200002d8                MyLangDescrHD
 .sdata2._global_impure_ptr
                0x00000000200002dc        0x4 d:/mounriver/mounriver_studio/mounriver_studio/toolchain/risc-v embedded gcc/bin/../lib/gcc/riscv-none-embed/8.2.0/../../../../riscv-none-embed/lib/rv32imafc/ilp32f\libg_nano.a(lib_a-impure.o)
                0x00000000200002dc                _global_impure_ptr
 *(.gnu.linkonce.s.*)
                0x00000000200002e0                . = ALIGN (0x8)
 *(.srodata.cst16)
 *(.srodata.cst8)
 *(.srodata.cst4)
 *(.srodata.cst2)
 *(.srodata .srodata.*)
                0x00000000200002e0                . = ALIGN (0x4)
                0x00000000200002e0                PROVIDE (_edata = .)

.bss            0x00000000200002e0      0x35c load address 0x000000000001166c
                0x00000000200002e0                . = ALIGN (0x4)
                0x00000000200002e0                PROVIDE (_sbss = .)
 *(.sbss*)
 .sbss.adc_resolution
                0x00000000200002e0        0x2 ./zf_driver/zf_driver_adc.o
 *fill*         0x00000000200002e2        0x2 
 .sbss.dm1xa_plus_count
                0x00000000200002e4        0x4 ./zf_device/zf_device_dm1xa.o
 .sbss.dm1xa_type
                0x00000000200002e8        0x4 ./zf_device/zf_device_dm1xa.o
 .sbss.dm1xa_ranging_state
                0x00000000200002ec        0x4 ./zf_device/zf_device_dm1xa.o
 .sbss.gnss_flag
                0x00000000200002f0        0x1 ./zf_device/zf_device_gnss.o
                0x00000000200002f0                gnss_flag
 .sbss.gnss_state
                0x00000000200002f1        0x1 ./zf_device/zf_device_gnss.o
 *fill*         0x00000000200002f2        0x2 
 .sbss.gnss_gga_state
                0x00000000200002f4        0x4 ./zf_device/zf_device_gnss.o
 .sbss.gnss_rmc_state
                0x00000000200002f8        0x4 ./zf_device/zf_device_gnss.o
 .sbss.gnss_ths_state
                0x00000000200002fc        0x4 ./zf_device/zf_device_gnss.o
 .sbss.mpu6050_gyro_x
                0x0000000020000300        0x2 ./zf_device/zf_device_mpu6050.o
                0x0000000020000300                mpu6050_gyro_x
 .sbss.mpu6050_gyro_y
                0x0000000020000302        0x2 ./zf_device/zf_device_mpu6050.o
                0x0000000020000302                mpu6050_gyro_y
 .sbss.mpu6050_gyro_z
                0x0000000020000304        0x2 ./zf_device/zf_device_mpu6050.o
                0x0000000020000304                mpu6050_gyro_z
 .sbss.mpu6050_acc_x
                0x0000000020000306        0x2 ./zf_device/zf_device_mpu6050.o
                0x0000000020000306                mpu6050_acc_x
 .sbss.mpu6050_acc_y
                0x0000000020000308        0x2 ./zf_device/zf_device_mpu6050.o
                0x0000000020000308                mpu6050_acc_y
 .sbss.mpu6050_acc_z
                0x000000002000030a        0x2 ./zf_device/zf_device_mpu6050.o
                0x000000002000030a                mpu6050_acc_z
 .sbss.zf_debug_init_flag
                0x000000002000030c        0x1 ./zf_common/zf_common_debug.o
 .sbss.assert_nest_index.5042
                0x000000002000030d        0x1 ./zf_common/zf_common_debug.o
 *fill*         0x000000002000030e        0x2 
 .sbss.interrupt_nest_count
                0x0000000020000310        0x4 ./zf_common/zf_common_interrupt.o
 .sbss.EP0_DatabufHD
                0x0000000020000314        0x8 ./sdk/Peripheral/ch32v30x_usbotg_device.o
                0x0000000020000314                EP0_DatabufHD
 .sbss.pEP0_RAM_Addr
                0x000000002000031c        0x4 ./sdk/Peripheral/ch32v30x_usbotg_device.o
                0x000000002000031c                pEP0_RAM_Addr
 .sbss.pEP1_RAM_Addr
                0x0000000020000320        0x4 ./sdk/Peripheral/ch32v30x_usbotg_device.o
                0x0000000020000320                pEP1_RAM_Addr
 .sbss.pEP2_RAM_Addr
                0x0000000020000324        0x4 ./sdk/Peripheral/ch32v30x_usbotg_device.o
                0x0000000020000324                pEP2_RAM_Addr
 .sbss.pDescr   0x0000000020000328        0x4 ./sdk/Peripheral/ch32v30x_usbotg_device.o
                0x0000000020000328                pDescr
 .sbss.USBHD_Dev_SetupReqLen
                0x000000002000032c        0x2 ./sdk/Peripheral/ch32v30x_usbotg_device.o
                0x000000002000032c                USBHD_Dev_SetupReqLen
 .sbss.USBHD_Dev_SleepStatus
                0x000000002000032e        0x1 ./sdk/Peripheral/ch32v30x_usbotg_device.o
                0x000000002000032e                USBHD_Dev_SleepStatus
 .sbss.DevConfig
                0x000000002000032f        0x1 ./sdk/Peripheral/ch32v30x_usbotg_device.o
                0x000000002000032f                DevConfig
 .sbss.SetupReqCode
                0x0000000020000330        0x1 ./sdk/Peripheral/ch32v30x_usbotg_device.o
                0x0000000020000330                SetupReqCode
 *fill*         0x0000000020000331        0x1 
 .sbss.SetupReqLen
                0x0000000020000332        0x2 ./sdk/Peripheral/ch32v30x_usbotg_device.o
                0x0000000020000332                SetupReqLen
 .sbss.ADC_Vol  0x0000000020000334        0x4 ./code/Other.o
                0x0000000020000334                ADC_Vol
 .sbss.M0_Angle
                0x0000000020000338        0x2 ./code/buletooth.o
                0x0000000020000338                M0_Angle
 .sbss.M1_Angle
                0x000000002000033a        0x2 ./code/buletooth.o
                0x000000002000033a                M1_Angle
 .sbss.Control_receivedChar
                0x000000002000033c        0x1 ./code/buletooth.o
                0x000000002000033c                Control_receivedChar
 *fill*         0x000000002000033d        0x3 
 .sbss.Angle_Y  0x0000000020000340        0x4 ./code/filter.o
                0x0000000020000340                Angle_Y
 .sbss.Angle_Y_zero
                0x0000000020000344        0x4 ./code/filter.o
                0x0000000020000344                Angle_Y_zero
 .sbss.Gyro_Y   0x0000000020000348        0x4 ./code/filter.o
                0x0000000020000348                Gyro_Y
 .sbss.Gyro_Y_zero
                0x000000002000034c        0x4 ./code/filter.o
                0x000000002000034c                Gyro_Y_zero
 .sbss.Target_Angle_1
                0x0000000020000350        0x4 ./code/pid_1.o
                0x0000000020000350                Target_Angle_1
 .sbss.zhili_OUT
                0x0000000020000354        0x4 ./code/pid_1.o
                0x0000000020000354                zhili_OUT
 .sbss.zhili_Bias
                0x0000000020000358        0x4 ./code/pid_1.o
                0x0000000020000358                zhili_Bias
 .sbss.zhuangxiang_kd
                0x000000002000035c        0x4 ./code/pid_1.o
                0x000000002000035c                zhuangxiang_kd
 .sbss.zhuanxiang_OUT
                0x0000000020000360        0x4 ./code/pid_1.o
                0x0000000020000360                zhuanxiang_OUT
 .sbss.zhuanxiang_IN
                0x0000000020000364        0x4 ./code/pid_1.o
                0x0000000020000364                zhuanxiang_IN
 .sbss.Target_Speed_1
                0x0000000020000368        0x4 ./code/pid_1.o
                0x0000000020000368                Target_Speed_1
 .sbss.NOW_SPEED
                0x000000002000036c        0x4 ./code/pid_1.o
                0x000000002000036c                NOW_SPEED
 .sbss.MOTOR1   0x0000000020000370        0x4 ./code/pid_1.o
                0x0000000020000370                MOTOR1
 .sbss.MOTOR2   0x0000000020000374        0x4 ./code/pid_1.o
                0x0000000020000374                MOTOR2
 .sbss.Velocity_PWM_out
                0x0000000020000378        0x4 ./code/pid_1.o
                0x0000000020000378                Velocity_PWM_out
 .sbss.Encoder_Err.8215
                0x000000002000037c        0x4 ./code/pid_1.o
 .sbss.EnC_Err_Lowout_last.8214
                0x0000000020000380        0x4 ./code/pid_1.o
 .sbss.EnC_Err_Lowout.8216
                0x0000000020000384        0x4 ./code/pid_1.o
 .sbss.Encoder_S.8217
                0x0000000020000388        0x4 ./code/pid_1.o
 .sbss.Encoder_Err.8224
                0x000000002000038c        0x4 ./code/pid_1.o
 .sbss.EnC_Err_Lowout_last.8223
                0x0000000020000390        0x4 ./code/pid_1.o
 .sbss.EnC_Err_Lowout.8225
                0x0000000020000394        0x4 ./code/pid_1.o
 .sbss.Encoder_S.8226
                0x0000000020000398        0x4 ./code/pid_1.o
 .sbss.__malloc_free_list
                0x000000002000039c        0x4 d:/mounriver/mounriver_studio/mounriver_studio/toolchain/risc-v embedded gcc/bin/../lib/gcc/riscv-none-embed/8.2.0/../../../../riscv-none-embed/lib/rv32imafc/ilp32f\libg_nano.a(lib_a-nano-mallocr.o)
                0x000000002000039c                __malloc_free_list
 .sbss.__malloc_sbrk_start
                0x00000000200003a0        0x4 d:/mounriver/mounriver_studio/mounriver_studio/toolchain/risc-v embedded gcc/bin/../lib/gcc/riscv-none-embed/8.2.0/../../../../riscv-none-embed/lib/rv32imafc/ilp32f\libg_nano.a(lib_a-nano-mallocr.o)
                0x00000000200003a0                __malloc_sbrk_start
 .sbss.heap_end.1520
                0x00000000200003a4        0x4 d:/mounriver/mounriver_studio/mounriver_studio/toolchain/risc-v embedded gcc/bin/../lib/gcc/riscv-none-embed/8.2.0/../../../../riscv-none-embed/lib/rv32imafc/ilp32f\libnosys.a(sbrk.o)
 *(.gnu.linkonce.sb.*)
 *(.bss*)
 .bss.timer_function_state
                0x00000000200003a8       0x28 ./zf_driver/zf_driver_timer.o
 .bss.timer_mode_state
                0x00000000200003d0       0x28 ./zf_driver/zf_driver_timer.o
 .bss.gnss_receiver_fifo
                0x00000000200003f8       0x19 ./zf_device/zf_device_gnss.o