Archive member included to satisfy reference by file (symbol)

d:/mounriver/mounriver_studio/mounriver_studio/toolchain/risc-v embedded gcc/bin/../lib/gcc/riscv-none-embed/8.2.0/../../../../riscv-none-embed/lib/rv32imafc/ilp32f\libm.a(lib_a-s_cos.o)
                              ./zf_device/zf_device_gnss.o (cos)
d:/mounriver/mounriver_studio/mounriver_studio/toolchain/risc-v embedded gcc/bin/../lib/gcc/riscv-none-embed/8.2.0/../../../../riscv-none-embed/lib/rv32imafc/ilp32f\libm.a(lib_a-s_sin.o)
                              ./zf_device/zf_device_gnss.o (sin)
d:/mounriver/mounriver_studio/mounriver_studio/toolchain/risc-v embedded gcc/bin/../lib/gcc/riscv-none-embed/8.2.0/../../../../riscv-none-embed/lib/rv32imafc/ilp32f\libm.a(lib_a-w_asin.o)
                              ./zf_device/zf_device_gnss.o (asin)
d:/mounriver/mounriver_studio/mounriver_studio/toolchain/risc-v embedded gcc/bin/../lib/gcc/riscv-none-embed/8.2.0/../../../../riscv-none-embed/lib/rv32imafc/ilp32f\libm.a(lib_a-w_atan2.o)
                              ./zf_device/zf_device_gnss.o (atan2)
d:/mounriver/mounriver_studio/mounriver_studio/toolchain/risc-v embedded gcc/bin/../lib/gcc/riscv-none-embed/8.2.0/../../../../riscv-none-embed/lib/rv32imafc/ilp32f\libm.a(lib_a-w_pow.o)
                              ./zf_device/zf_device_gnss.o (pow)
d:/mounriver/mounriver_studio/mounriver_studio/toolchain/risc-v embedded gcc/bin/../lib/gcc/riscv-none-embed/8.2.0/../../../../riscv-none-embed/lib/rv32imafc/ilp32f\libm.a(lib_a-w_sqrt.o)
                              ./zf_device/zf_device_gnss.o (sqrt)
d:/mounriver/mounriver_studio/mounriver_studio/toolchain/risc-v embedded gcc/bin/../lib/gcc/riscv-none-embed/8.2.0/../../../../riscv-none-embed/lib/rv32imafc/ilp32f\libm.a(lib_a-e_asin.o)
                              d:/mounriver/mounriver_studio/mounriver_studio/toolchain/risc-v embedded gcc/bin/../lib/gcc/riscv-none-embed/8.2.0/../../../../riscv-none-embed/lib/rv32imafc/ilp32f\libm.a(lib_a-w_asin.o) (__ieee754_asin)
d:/mounriver/mounriver_studio/mounriver_studio/toolchain/risc-v embedded gcc/bin/../lib/gcc/riscv-none-embed/8.2.0/../../../../riscv-none-embed/lib/rv32imafc/ilp32f\libm.a(lib_a-e_atan2.o)
                              d:/mounriver/mounriver_studio/mounriver_studio/toolchain/risc-v embedded gcc/bin/../lib/gcc/riscv-none-embed/8.2.0/../../../../riscv-none-embed/lib/rv32imafc/ilp32f\libm.a(lib_a-w_atan2.o) (__ieee754_atan2)
d:/mounriver/mounriver_studio/mounriver_studio/toolchain/risc-v embedded gcc/bin/../lib/gcc/riscv-none-embed/8.2.0/../../../../riscv-none-embed/lib/rv32imafc/ilp32f\libm.a(lib_a-e_pow.o)
                              d:/mounriver/mounriver_studio/mounriver_studio/toolchain/risc-v embedded gcc/bin/../lib/gcc/riscv-none-embed/8.2.0/../../../../riscv-none-embed/lib/rv32imafc/ilp32f\libm.a(lib_a-w_pow.o) (__ieee754_pow)
d:/mounriver/mounriver_studio/mounriver_studio/toolchain/risc-v embedded gcc/bin/../lib/gcc/riscv-none-embed/8.2.0/../../../../riscv-none-embed/lib/rv32imafc/ilp32f\libm.a(lib_a-e_rem_pio2.o)
                              d:/mounriver/mounriver_studio/mounriver_studio/toolchain/risc-v embedded gcc/bin/../lib/gcc/riscv-none-embed/8.2.0/../../../../riscv-none-embed/lib/rv32imafc/ilp32f\libm.a(lib_a-s_cos.o) (__ieee754_rem_pio2)
d:/mounriver/mounriver_studio/mounriver_studio/toolchain/risc-v embedded gcc/bin/../lib/gcc/riscv-none-embed/8.2.0/../../../../riscv-none-embed/lib/rv32imafc/ilp32f\libm.a(lib_a-e_sqrt.o)
                              d:/mounriver/mounriver_studio/mounriver_studio/toolchain/risc-v embedded gcc/bin/../lib/gcc/riscv-none-embed/8.2.0/../../../../riscv-none-embed/lib/rv32imafc/ilp32f\libm.a(lib_a-w_sqrt.o) (__ieee754_sqrt)
d:/mounriver/mounriver_studio/mounriver_studio/toolchain/risc-v embedded gcc/bin/../lib/gcc/riscv-none-embed/8.2.0/../../../../riscv-none-embed/lib/rv32imafc/ilp32f\libm.a(lib_a-k_cos.o)
                              d:/mounriver/mounriver_studio/mounriver_studio/toolchain/risc-v embedded gcc/bin/../lib/gcc/riscv-none-embed/8.2.0/../../../../riscv-none-embed/lib/rv32imafc/ilp32f\libm.a(lib_a-s_cos.o) (__kernel_cos)
d:/mounriver/mounriver_studio/mounriver_studio/toolchain/risc-v embedded gcc/bin/../lib/gcc/riscv-none-embed/8.2.0/../../../../riscv-none-embed/lib/rv32imafc/ilp32f\libm.a(lib_a-k_rem_pio2.o)
                              d:/mounriver/mounriver_studio/mounriver_studio/toolchain/risc-v embedded gcc/bin/../lib/gcc/riscv-none-embed/8.2.0/../../../../riscv-none-embed/lib/rv32imafc/ilp32f\libm.a(lib_a-e_rem_pio2.o) (__kernel_rem_pio2)
d:/mounriver/mounriver_studio/mounriver_studio/toolchain/risc-v embedded gcc/bin/../lib/gcc/riscv-none-embed/8.2.0/../../../../riscv-none-embed/lib/rv32imafc/ilp32f\libm.a(lib_a-k_sin.o)
                              d:/mounriver/mounriver_studio/mounriver_studio/toolchain/risc-v embedded gcc/bin/../lib/gcc/riscv-none-embed/8.2.0/../../../../riscv-none-embed/lib/rv32imafc/ilp32f\libm.a(lib_a-s_cos.o) (__kernel_sin)
[...]
Memory Configuration

Name             Origin             Length             Attributes
RAM              0x0000000020000040 0x000000000000fc00 xrw
FLASH            0x0000000000000000 0x0000000000040000 xr
*default*        0x0000000000000000 0xffffffffffffffff

Linker script and memory map

LOAD ./zf_driver/zf_driver_adc.o
LOAD ./zf_driver/zf_driver_delay.o
LOAD ./zf_driver/zf_driver_dvp.o
LOAD ./zf_driver/zf_driver_encoder.o
LOAD ./zf_driver/zf_driver_exti.o
LOAD ./zf_driver/zf_driver_flash.o
LOAD ./zf_driver/zf_driver_gpio.o
LOAD ./zf_driver/zf_driver_iic.o
LOAD ./zf_driver/zf_driver_pit.o
LOAD ./zf_driver/zf_driver_pwm.o
LOAD ./zf_driver/zf_driver_soft_iic.o
LOAD ./zf_driver/zf_driver_soft_spi.o
LOAD ./zf_driver/zf_driver_spi.o
LOAD ./zf_driver/zf_driver_timer.o
LOAD ./zf_driver/zf_driver_uart.o
LOAD ./zf_driver/zf_driver_usb_cdc.o
LOAD ./zf_device/zf_device_absolute_encoder.o
LOAD ./zf_device/zf_device_aht20.o
LOAD ./zf_device/zf_device_bluetooth_ch9141.o
LOAD ./zf_device/zf_device_camera.o
LOAD ./zf_device/zf_device_dl1a.o
LOAD ./zf_device/zf_device_dl1b.o
LOAD ./zf_device/zf_device_dm1xa.o
LOAD ./zf_device/zf_device_gnss.o
LOAD ./zf_device/zf_device_icm20602.o
LOAD ./zf_device/zf_device_imu660ra.o
LOAD ./zf_device/zf_device_imu963ra.o
LOAD ./zf_device/zf_device_ips114.o
LOAD ./zf_device/zf_device_ips200.o
LOAD ./zf_device/zf_device_k24c02.o
LOAD ./zf_device/zf_device_key.o
LOAD ./zf_device/zf_device_mpu6050.o
LOAD ./zf_device/zf_device_mt9v03x_dvp.o
LOAD ./zf_device/zf_device_oled.o
LOAD ./zf_device/zf_device_scc8660_dvp.o
LOAD ./zf_device/zf_device_tft180.o
LOAD ./zf_device/zf_device_type.o
LOAD ./zf_device/zf_device_virtual_oscilloscope.o
LOAD ./zf_device/zf_device_w25q32.o
LOAD ./zf_device/zf_device_wifi_spi.o
LOAD ./zf_device/zf_device_wifi_uart.o
LOAD ./zf_device/zf_device_wireless_ch573.o
LOAD ./zf_device/zf_device_wireless_uart.o
LOAD ./zf_components/seekfree_assistant.o
LOAD ./zf_components/seekfree_assistant_interface.o
LOAD ./zf_common/zf_common_clock.o
LOAD ./zf_common/zf_common_debug.o
LOAD ./zf_common/zf_common_fifo.o
LOAD ./zf_common/zf_common_font.o
LOAD ./zf_common/zf_common_function.o
LOAD ./zf_common/zf_common_interrupt.o
LOAD ./user_c/isr.o
LOAD ./user_c/main.o
LOAD ./sdk/Startup/startup_ch32v30x_D8C.o
LOAD ./sdk/Peripheral/ch32v30x_adc.o
LOAD ./sdk/Peripheral/ch32v30x_bkp.o
LOAD ./sdk/Peripheral/ch32v30x_can.o
LOAD ./sdk/Peripheral/ch32v30x_crc.o
LOAD ./sdk/Peripheral/ch32v30x_dac.o
LOAD ./sdk/Peripheral/ch32v30x_dbgmcu.o
LOAD ./sdk/Peripheral/ch32v30x_dma.o
LOAD ./sdk/Peripheral/ch32v30x_dvp.o
LOAD ./sdk/Peripheral/ch32v30x_eth.o
LOAD ./sdk/Peripheral/ch32v30x_exti.o
LOAD ./sdk/Peripheral/ch32v30x_flash.o
LOAD ./sdk/Peripheral/ch32v30x_fsmc.o
LOAD ./sdk/Peripheral/ch32v30x_gpio.o
LOAD ./sdk/Peripheral/ch32v30x_i2c.o
LOAD ./sdk/Peripheral/ch32v30x_iwdg.o
LOAD ./sdk/Peripheral/ch32v30x_opa.o
LOAD ./sdk/Peripheral/ch32v30x_pwr.o
LOAD ./sdk/Peripheral/ch32v30x_rcc.o
LOAD ./sdk/Peripheral/ch32v30x_rng.o
LOAD ./sdk/Peripheral/ch32v30x_rtc.o
LOAD ./sdk/Peripheral/ch32v30x_sdio.o
LOAD ./sdk/Peripheral/ch32v30x_spi.o
LOAD ./sdk/Peripheral/ch32v30x_tim.o
LOAD ./sdk/Peripheral/ch32v30x_usart.o
LOAD ./sdk/Peripheral/ch32v30x_usbotg_device.o
LOAD ./sdk/Peripheral/ch32v30x_wwdg.o
LOAD ./sdk/Core/core_riscv.o
LOAD ./code/Other.o
LOAD ./code/buletooth.o
LOAD ./code/ecoder.o
LOAD ./code/filter.o
LOAD ./code/motor.o
LOAD ./code/pid.o
LOAD d:/mounriver/mounriver_studio/mounriver_studio/toolchain/risc-v embedded gcc/bin/../lib/gcc/riscv-none-embed/8.2.0/../../../../riscv-none-embed/lib/rv32imafc/ilp32f\libm.a
LOAD D:\DeskTop.....IMPORTANT\CHV307_Library-master\CH32V307\DC_Balance_Car_Control_307\libraries\zf_device\libzf_device_config.a
LOAD d:/mounriver/mounriver_studio/mounriver_studio/toolchain/risc-v embedded gcc/bin/../lib/gcc/riscv-none-embed/8.2.0/rv32imafc/ilp32f\libgcc.a
LOAD d:/mounriver/mounriver_studio/mounriver_studio/toolchain/risc-v embedded gcc/bin/../lib/gcc/riscv-none-embed/8.2.0/../../../../riscv-none-embed/lib/rv32imafc/ilp32f\libg_nano.a
LOAD d:/mounriver/mounriver_studio/mounriver_studio/toolchain/risc-v embedded gcc/bin/../lib/gcc/riscv-none-embed/8.2.0/../../../../riscv-none-embed/lib/rv32imafc/ilp32f\libc_nano.a
LOAD d:/mounriver/mounriver_studio/mounriver_studio/toolchain/risc-v embedded gcc/bin/../lib/gcc/riscv-none-embed/8.2.0/rv32imafc/ilp32f\libgcc.a
START GROUP
LOAD d:/mounriver/mounriver_studio/mounriver_studio/toolchain/risc-v embedded gcc/bin/../lib/gcc/riscv-none-embed/8.2.0/rv32imafc/ilp32f\libgcc.a
LOAD d:/mounriver/mounriver_studio/mounriver_studio/toolchain/risc-v embedded gcc/bin/../lib/gcc/riscv-none-embed/8.2.0/../../../../riscv-none-embed/lib/rv32imafc/ilp32f\libc_nano.a
LOAD d:/mounriver/mounriver_studio/mounriver_studio/toolchain/risc-v embedded gcc/bin/../lib/gcc/riscv-none-embed/8.2.0/../../../../riscv-none-embed/lib/rv32imafc/ilp32f\libnosys.a
END GROUP
START GROUP
LOAD d:/mounriver/mounriver_studio/mounriver_studio/toolchain/risc-v embedded gcc/bin/../lib/gcc/riscv-none-embed/8.2.0/rv32imafc/ilp32f\libgcc.a
LOAD d:/mounriver/mounriver_studio/mounriver_studio/toolchain/risc-v embedded gcc/bin/../lib/gcc/riscv-none-embed/8.2.0/../../../../riscv-none-embed/lib/rv32imafc/ilp32f\libc_nano.a
LOAD d:/mounriver/mounriver_studio/mounriver_studio/toolchain/risc-v embedded gcc/bin/../lib/gcc/riscv-none-embed/8.2.0/../../../../riscv-none-embed/lib/rv32imafc/ilp32f\libnosys.a
END GROUP
                0x0000000000000800                __stack_size = 0x800
                [!provide]                        PROVIDE (_stack_size = __stack_size)

.init           0x0000000000000000       0x38
                0x0000000000000000                _sinit = .
                0x0000000000000000                . = ALIGN (0x4)
 *(SORT_NONE(.init))
 .init          0x0000000000000000       0x38 ./sdk/Startup/startup_ch32v30x_D8C.o
                0x0000000000000000                _start
                0x0000000000000038                . = ALIGN (0x4)
                0x0000000000000038                _einit = .

.vector         0x0000000000000038      0x1c8
 *(.vector)
 .vector        0x0000000000000038      0x1a0 ./sdk/Startup/startup_ch32v30x_D8C.o
                0x0000000000000200                . = ALIGN (0x40)
 *fill*         0x00000000000001d8       0x28 

.text           0x0000000000000200    0x1222c
                0x0000000000000200                . = ALIGN (0x4)
 *(.text)
 .text          0x0000000000000200       0xa8 d:/mounriver/mounriver_studio/mounriver_studio/toolchain/risc-v embedded gcc/bin/../lib/gcc/riscv-none-embed/8.2.0/../../../../riscv-none-embed/lib/rv32imafc/ilp32f\libg_nano.a(lib_a-memset.o)
                0x0000000000000200                memset
 *(.text.*)
 .text.system_delay_ms
                0x00000000000002a8       0xa2 ./zf_driver/zf_driver_delay.o
                0x00000000000002a8                system_delay_ms
 .text.gpio_set_level
                0x000000000000034a       0x78 ./zf_driver/zf_driver_gpio.o
                0x000000000000034a                gpio_set_level
 .text.gpio_get_level
                0x00000000000003c2       0x42 ./zf_driver/zf_driver_gpio.o
                0x00000000000003c2                gpio_get_level
 .text.gpio_toggle_level
                0x0000000000000404       0x6a ./zf_driver/zf_driver_gpio.o
                0x0000000000000404                gpio_toggle_level
 .text.gpio_init
                0x000000000000046e      0x15c ./zf_driver/zf_driver_gpio.o
                0x000000000000046e                gpio_init
 .text.pit_init
                0x00000000000005ca      0x218 ./zf_driver/zf_driver_pit.o
                0x00000000000005ca                pit_init
 .text.pwm_set_duty
                0x00000000000007e2      0x166 ./zf_driver/zf_driver_pwm.o
                0x00000000000007e2                pwm_set_duty
 .text.pwm_set_freq
                0x0000000000000948      0x18c ./zf_driver/zf_driver_pwm.o
                0x0000000000000948                pwm_set_freq
 .text.pwm_init
                0x0000000000000ad4      0x416 ./zf_driver/zf_driver_pwm.o
                0x0000000000000ad4                pwm_init
 .text.soft_iic_start
                0x0000000000000eea      0x128 ./zf_driver/zf_driver_soft_iic.o
 .text.soft_iic_stop
                0x0000000000001012      0x142 ./zf_driver/zf_driver_soft_iic.o
 .text.soft_iic_send_ack
                0x0000000000001154      0x196 ./zf_driver/zf_driver_soft_iic.o
 .text.soft_iic_wait_ack
                0x00000000000012ea      0x160 ./zf_driver/zf_driver_soft_iic.o
 .text.soft_iic_send_data
                0x000000000000144a      0x16e ./zf_driver/zf_driver_soft_iic.o
 .text.soft_iic_read_data
                0x00000000000015b8      0x1e8 ./zf_driver/zf_driver_soft_iic.o
 .text.soft_iic_write_8bit_register
                0x00000000000017a0       0x80 ./zf_driver/zf_driver_soft_iic.o
                0x00000000000017a0                soft_iic_write_8bit_register
 .text.soft_iic_read_8bit_register
                0x0000000000001820       0xac ./zf_driver/zf_driver_soft_iic.o
                0x0000000000001820                soft_iic_read_8bit_register
 .text.soft_iic_read_8bit_registers
                0x00000000000018cc       0xf8 ./zf_driver/zf_driver_soft_iic.o
                0x00000000000018cc                soft_iic_read_8bit_registers
 .text.soft_iic_init
                0x00000000000019c4       0xb2 ./zf_driver/zf_driver_soft_iic.o
                0x00000000000019c4                soft_iic_init
 .text.spi_write_8bit
                0x0000000000001a76       0x56 ./zf_driver/zf_driver_spi.o
                0x0000000000001a76                spi_write_8bit
 .text.spi_write_16bit
                0x0000000000001acc       0xa4 ./zf_driver/zf_driver_spi.o
                0x0000000000001acc                spi_write_16bit
 .text.spi_write_16bit_array
                0x0000000000001b70       0xe4 ./zf_driver/zf_driver_spi.o
                0x0000000000001b70                spi_write_16bit_array
 .text.spi_init
                0x0000000000001c54      0x2d4 ./zf_driver/zf_driver_spi.o
                0x0000000000001c54                spi_init
 .text.timer_funciton_check
                0x0000000000001f28       0x66 ./zf_driver/zf_driver_timer.o
                0x0000000000001f28                timer_funciton_check
 .text.timer_clock_enable
                0x0000000000001f8e       0xe2 ./zf_driver/zf_driver_timer.o
                0x0000000000001f8e                timer_clock_enable
 .text.timer_get
                0x0000000000002070       0xfe ./zf_driver/zf_driver_timer.o
                0x0000000000002070                timer_get
 .text.timer_clear
                0x000000000000216e       0xc4 ./zf_driver/zf_driver_timer.o
                0x000000000000216e                timer_clear
 .text.uart_write_byte
                0x0000000000002232       0x56 ./zf_driver/zf_driver_uart.o
                0x0000000000002232                uart_write_byte
 .text.uart_write_buffer
                0x0000000000002288       0x64 ./zf_driver/zf_driver_uart.o
                0x0000000000002288                uart_write_buffer
 .text.uart_write_string
                0x00000000000022ec       0x60 ./zf_driver/zf_driver_uart.o
                0x00000000000022ec                uart_write_string
 .text.uart_rx_interrupt
                0x000000000000234c       0x84 ./zf_driver/zf_driver_uart.o
                0x000000000000234c                uart_rx_interrupt
 .text.uart_query_byte
                0x00000000000023d0       0x5e ./zf_driver/zf_driver_uart.o
                0x00000000000023d0                uart_query_byte
 .text.uart_init
                0x000000000000242e      0x5aa ./zf_driver/zf_driver_uart.o
                0x000000000000242e                uart_init
 .text.dm1xa_sound_callback
                0x00000000000029d8       0xf6 ./zf_device/zf_device_dm1xa.o
                0x00000000000029d8                dm1xa_sound_callback
 .text.dm1xa_light_callback
                0x0000000000002ace       0x32 ./zf_device/zf_device_dm1xa.o
                0x0000000000002ace                dm1xa_light_callback
 .text.gnss_uart_callback
                0x0000000000002b00      0x15c ./zf_device/zf_device_gnss.o
                0x0000000000002b00                gnss_uart_callback
 .text.ips114_write_index
                0x0000000000002c5c       0x40 ./zf_device/zf_device_ips114.o
 .text.ips114_set_region
                0x0000000000002c9c      0x26e ./zf_device/zf_device_ips114.o
 .text.ips114_debug_init
                0x0000000000002f0a       0x8a ./zf_device/zf_device_ips114.o
 .text.ips114_clear
                0x0000000000002f94      0x122 ./zf_device/zf_device_ips114.o
                0x0000000000002f94                ips114_clear
 .text.ips114_set_dir
                0x00000000000030b6       0x4c ./zf_device/zf_device_ips114.o
                0x00000000000030b6                ips114_set_dir
 .text.ips114_set_color
                0x0000000000003102       0x30 ./zf_device/zf_device_ips114.o
                0x0000000000003102                ips114_set_color
 .text.ips114_show_char
                0x0000000000003132      0x31a ./zf_device/zf_device_ips114.o
                0x0000000000003132                ips114_show_char
 .text.ips114_show_string
                0x000000000000344c      0x114 ./zf_device/zf_device_ips114.o
                0x000000000000344c                ips114_show_string
 .text.ips114_init
                0x0000000000003560      0x33a ./zf_device/zf_device_ips114.o
                0x0000000000003560                ips114_init
 .text.mpu6050_self1_check
                0x000000000000389a       0x7a ./zf_device/zf_device_mpu6050.o
 .text.mpu6050_get_acc
                0x0000000000003914       0x86 ./zf_device/zf_device_mpu6050.o
                0x0000000000003914                mpu6050_get_acc
 .text.mpu6050_get_gyro
                0x000000000000399a       0x86 ./zf_device/zf_device_mpu6050.o
                0x000000000000399a                mpu6050_get_gyro
 .text.mpu6050_init
                0x0000000000003a20       0xb8 ./zf_device/zf_device_mpu6050.o
                0x0000000000003a20                mpu6050_init
 .text.type_default_callback
                0x0000000000003ad8        0xe ./zf_device/zf_device_type.o
 .text.clock_reset
                0x0000000000003ae6       0x76 ./zf_common/zf_common_clock.o
                0x0000000000003ae6                clock_reset
 .text.clock_set_freq
                0x0000000000003b5c      0x1de ./zf_common/zf_common_clock.o
                0x0000000000003b5c                clock_set_freq
 .text.clock_init
                0x0000000000003d3a       0x2e ./zf_common/zf_common_clock.o
                0x0000000000003d3a                clock_init
 .text.__NOP    0x0000000000003d68       0x10 ./zf_common/zf_common_debug.o
 .text.debug_delay
                0x0000000000003d78       0x52 ./zf_common/zf_common_debug.o
 .text.debug_protective_handler
                0x0000000000003dca        0xe ./zf_common/zf_common_debug.o
 .text.debug_uart_str_output
                0x0000000000003dd8       0x20 ./zf_common/zf_common_debug.o
 .text.debug_output
                0x0000000000003df8      0x52c ./zf_common/zf_common_debug.o
 .text._write   0x0000000000004324       0x78 ./zf_common/zf_common_debug.o
                0x0000000000004324                _write
 .text.debug_assert_handler
                0x000000000000439c       0x68 ./zf_common/zf_common_debug.o
                0x000000000000439c                debug_assert_handler
 .text.debug_log_handler
                0x0000000000004404       0x4e ./zf_common/zf_common_debug.o
                0x0000000000004404                debug_log_handler
 .text.debug_output_struct_init
                0x0000000000004452       0x5a ./zf_common/zf_common_debug.o
                0x0000000000004452                debug_output_struct_init
 .text.debug_output_init
                0x00000000000044ac       0x88 ./zf_common/zf_common_debug.o
                0x00000000000044ac                debug_output_init
 .text.debug_init
                0x0000000000004534       0x5c ./zf_common/zf_common_debug.o
                0x0000000000004534                debug_init
 .text.fifo_head_offset
                0x0000000000004590      0x184 ./zf_common/zf_common_fifo.o
 .text.fifo_end_offset
                0x0000000000004714      0x184 ./zf_common/zf_common_fifo.o
 .text.fifo_clear
                0x0000000000004898      0x24a ./zf_common/zf_common_fifo.o
                0x0000000000004898                fifo_clear
 .text.fifo_used
                0x0000000000004ae2       0x7a ./zf_common/zf_common_fifo.o
                0x0000000000004ae2                fifo_used
 .text.fifo_write_buffer
                0x0000000000004b5c      0x5ea ./zf_common/zf_common_fifo.o
                0x0000000000004b5c                fifo_write_buffer
 .text.fifo_read_buffer
                0x0000000000005146      0x5a4 ./zf_common/zf_common_fifo.o
                0x0000000000005146                fifo_read_buffer
 .text.fifo_init
                0x00000000000056ea      0x248 ./zf_common/zf_common_fifo.o
                0x00000000000056ea                fifo_init
 .text.__enable_irq
                0x0000000000005932       0x18 ./zf_common/zf_common_interrupt.o
 .text.__disable_irq
                0x000000000000594a       0x14 ./zf_common/zf_common_interrupt.o
 .text.NVIC_EnableIRQ
                0x000000000000595e       0x32 ./zf_common/zf_common_interrupt.o
 .text.NVIC_DisableIRQ
                0x0000000000005990       0x32 ./zf_common/zf_common_interrupt.o
 .text.NVIC_SetPriority
                0x00000000000059c2       0x2a ./zf_common/zf_common_interrupt.o
 .text.interrupt_enable
                0x00000000000059ec       0x1e ./zf_common/zf_common_interrupt.o
                0x00000000000059ec                interrupt_enable
 .text.interrupt_disable
                0x0000000000005a0a       0x1e ./zf_common/zf_common_interrupt.o
                0x0000000000005a0a                interrupt_disable
 .text.interrupt_set_priority
                0x0000000000005a28       0x2a ./zf_common/zf_common_interrupt.o
                0x0000000000005a28                interrupt_set_priority
 .text.interrupt_global_enable
                0x0000000000005a52       0x32 ./zf_common/zf_common_interrupt.o
                0x0000000000005a52                interrupt_global_enable
 .text.interrupt_global_disable
                0x0000000000005a84       0x2c ./zf_common/zf_common_interrupt.o
                0x0000000000005a84                interrupt_global_disable
 .text.interrupt_init
                0x0000000000005ab0       0x18 ./zf_common/zf_common_interrupt.o
                0x0000000000005ab0                interrupt_init
 .text.USART1_IRQHandler
                0x0000000000005ac8       0xc4 ./user_c/isr.o
                0x0000000000005ac8                USART1_IRQHandler
 .text.USART2_IRQHandler
                0x0000000000005b8c       0xc4 ./user_c/isr.o
                0x0000000000005b8c                USART2_IRQHandler
 .text.USART3_IRQHandler
                0x0000000000005c50       0xc4 ./user_c/isr.o
                0x0000000000005c50                USART3_IRQHandler
 .text.UART4_IRQHandler
                0x0000000000005d14       0xc4 ./user_c/isr.o
                0x0000000000005d14                UART4_IRQHandler
 .text.UART5_IRQHandler
                0x0000000000005dd8       0xc2 ./user_c/isr.o
                0x0000000000005dd8                UART5_IRQHandler
 .text.UART6_IRQHandler
                0x0000000000005e9a       0xc4 ./user_c/isr.o
                0x0000000000005e9a                UART6_IRQHandler
 .text.UART7_IRQHandler
                0x0000000000005f5e       0xca ./user_c/isr.o
                0x0000000000005f5e                UART7_IRQHandler
 .text.UART8_IRQHandler
                0x0000000000006028       0xc0 ./user_c/isr.o
                0x0000000000006028                UART8_IRQHandler
 .text.DVP_IRQHandler
                0x00000000000060e8       0xd0 ./user_c/isr.o
                0x00000000000060e8                DVP_IRQHandler
 .text.EXTI0_IRQHandler
                0x00000000000061b8       0xb4 ./user_c/isr.o
                0x00000000000061b8                EXTI0_IRQHandler
 .text.EXTI1_IRQHandler
                0x000000000000626c       0xb4 ./user_c/isr.o
                0x000000000000626c                EXTI1_IRQHandler
 .text.EXTI2_IRQHandler
                0x0000000000006320       0xb4 ./user_c/isr.o
                0x0000000000006320                EXTI2_IRQHandler
 .text.EXTI3_IRQHandler
                0x00000000000063d4       0xb4 ./user_c/isr.o
                0x00000000000063d4                EXTI3_IRQHandler
 .text.EXTI4_IRQHandler
                0x0000000000006488       0xb4 ./user_c/isr.o
                0x0000000000006488                EXTI4_IRQHandler
 .text.EXTI9_5_IRQHandler
                0x000000000000653c      0x118 ./user_c/isr.o
                0x000000000000653c                EXTI9_5_IRQHandler
 .text.EXTI15_10_IRQHandler
                0x0000000000006654      0x132 ./user_c/isr.o
                0x0000000000006654                EXTI15_10_IRQHandler
 .text.TIM1_UP_IRQHandler
                0x0000000000006786       0xc8 ./user_c/isr.o
                0x0000000000006786                TIM1_UP_IRQHandler
 .text.TIM2_IRQHandler
                0x000000000000684e       0xc0 ./user_c/isr.o
                0x000000000000684e                TIM2_IRQHandler
 .text.TIM5_IRQHandler
                0x000000000000690e       0xc0 ./user_c/isr.o
                0x000000000000690e                TIM5_IRQHandler
 .text.TIM6_IRQHandler
                0x00000000000069ce       0xb8 ./user_c/isr.o
                0x00000000000069ce                TIM6_IRQHandler
 .text.TIM7_IRQHandler
                0x0000000000006a86       0xc0 ./user_c/isr.o
                0x0000000000006a86                TIM7_IRQHandler
 .text.TIM8_UP_IRQHandler
                0x0000000000006b46       0xc0 ./user_c/isr.o
                0x0000000000006b46                TIM8_UP_IRQHandler
 .text.TIM9_UP_IRQHandler
                0x0000000000006c06       0xc0 ./user_c/isr.o
                0x0000000000006c06                TIM9_UP_IRQHandler
 .text.TIM10_UP_IRQHandler
                0x0000000000006cc6       0xb8 ./user_c/isr.o
                0x0000000000006cc6                TIM10_UP_IRQHandler
 .text.NMI_Handler
                0x0000000000006d7e       0x10 ./user_c/isr.o
                0x0000000000006d7e                NMI_Handler
 .text.HardFault_Handler
                0x0000000000006d8e        0x8 ./user_c/isr.o
                0x0000000000006d8e                HardFault_Handler
 .text.main     0x0000000000006d96       0xbe ./user_c/main.o
                0x0000000000006d96                main
 .text.vector_handler
                0x0000000000006e54       0xbe ./sdk/Startup/startup_ch32v30x_D8C.o
                0x0000000000006e58                Ecall_M_Mode_Handler
                0x0000000000006e5a                Ecall_U_Mode_Handler
                0x0000000000006e5c                Break_Point_Handler
                0x0000000000006e5e                SysTick_Handler
                0x0000000000006e60                SW_Handler
                0x0000000000006e62                WWDG_IRQHandler
                0x0000000000006e64                PVD_IRQHandler
                0x0000000000006e66                TAMPER_IRQHandler
                0x0000000000006e68                RTC_IRQHandler
                0x0000000000006e6a                FLASH_IRQHandler
                0x0000000000006e6c                RCC_IRQHandler
                0x0000000000006e78                DMA1_Channel1_IRQHandler
                0x0000000000006e7a                DMA1_Channel2_IRQHandler
                0x0000000000006e7c                DMA1_Channel3_IRQHandler
                0x0000000000006e7e                DMA1_Channel4_IRQHandler
                0x0000000000006e80                DMA1_Channel5_IRQHandler
                0x0000000000006e82                DMA1_Channel6_IRQHandler
                0x0000000000006e84                DMA1_Channel7_IRQHandler
                0x0000000000006e86                ADC1_2_IRQHandler
                0x0000000000006e88                USB_HP_CAN1_TX_IRQHandler
                0x0000000000006e8a                USB_LP_CAN1_RX0_IRQHandler
                0x0000000000006e8c                CAN1_RX1_IRQHandler
                0x0000000000006e8e                CAN1_SCE_IRQHandler
                0x0000000000006e92                TIM1_BRK_IRQHandler
                0x0000000000006e96                TIM1_TRG_COM_IRQHandler
                0x0000000000006e98                TIM1_CC_IRQHandler
                0x0000000000006ea0                I2C1_EV_IRQHandler
                0x0000000000006ea2                I2C1_ER_IRQHandler
                0x0000000000006ea4                I2C2_EV_IRQHandler
                0x0000000000006ea6                I2C2_ER_IRQHandler
                0x0000000000006ea8                SPI1_IRQHandler
                0x0000000000006eaa                SPI2_IRQHandler
                0x0000000000006eb4                RTCAlarm_IRQHandler
                0x0000000000006eb6                USBWakeUp_IRQHandler
                0x0000000000006eb8                TIM8_BRK_IRQHandler
                0x0000000000006ebc                TIM8_TRG_COM_IRQHandler
                0x0000000000006ebe                TIM8_CC_IRQHandler
                0x0000000000006ec0                RNG_IRQHandler
                0x0000000000006ec2                FSMC_IRQHandler
                0x0000000000006ec4                SDIO_IRQHandler
                0x0000000000006ec8                SPI3_IRQHandler
                0x0000000000006ed2                DMA2_Channel1_IRQHandler
                0x0000000000006ed4                DMA2_Channel2_IRQHandler
                0x0000000000006ed6                DMA2_Channel3_IRQHandler
                0x0000000000006ed8                DMA2_Channel4_IRQHandler
                0x0000000000006eda                DMA2_Channel5_IRQHandler
                0x0000000000006edc                ETH_IRQHandler
                0x0000000000006ede                ETH_WKUP_IRQHandler
                0x0000000000006ee0                CAN2_TX_IRQHandler
                0x0000000000006ee2                CAN2_RX0_IRQHandler
                0x0000000000006ee4                CAN2_RX1_IRQHandler
                0x0000000000006ee6                CAN2_SCE_IRQHandler
                0x0000000000006eea                USBHSWakeup_IRQHandler
                0x0000000000006eec                USBHS_IRQHandler
                0x0000000000006ef6                TIM9_BRK_IRQHandler
                0x0000000000006efa                TIM9_TRG_COM_IRQHandler
                0x0000000000006efc                TIM9_CC_IRQHandler
                0x0000000000006efe                TIM10_BRK_IRQHandler
                0x0000000000006f02                TIM10_TRG_COM_IRQHandler
                0x0000000000006f04                TIM10_CC_IRQHandler
                0x0000000000006f06                DMA2_Channel6_IRQHandler
                0x0000000000006f08                DMA2_Channel7_IRQHandler
                0x0000000000006f0a                DMA2_Channel8_IRQHandler
                0x0000000000006f0c                DMA2_Channel9_IRQHandler
                0x0000000000006f0e                DMA2_Channel10_IRQHandler
                0x0000000000006f10                DMA2_Channel11_IRQHandler
 .text.handle_reset
                0x0000000000006f12       0x86 ./sdk/Startup/startup_ch32v30x_D8C.o
                0x0000000000006f12                handle_reset
 .text.EXTI_GetITStatus
                0x0000000000006f98       0x56 ./sdk/Peripheral/ch32v30x_exti.o
                0x0000000000006f98                EXTI_GetITStatus
 .text.EXTI_ClearITPendingBit
                0x0000000000006fee       0x20 ./sdk/Peripheral/ch32v30x_exti.o
                0x0000000000006fee                EXTI_ClearITPendingBit
 .text.GPIO_Init
                0x000000000000700e      0x22a ./sdk/Peripheral/ch32v30x_gpio.o
                0x000000000000700e                GPIO_Init
 .text.GPIO_WriteBit
                0x0000000000007238       0x38 ./sdk/Peripheral/ch32v30x_gpio.o
                0x0000000000007238                GPIO_WriteBit
 .text.GPIO_PinRemapConfig
                0x0000000000007270      0x1c8 ./sdk/Peripheral/ch32v30x_gpio.o
                0x0000000000007270                GPIO_PinRemapConfig
 .text.RCC_GetClocksFreq
                0x0000000000007438      0x2c6 ./sdk/Peripheral/ch32v30x_rcc.o
                0x0000000000007438                RCC_GetClocksFreq
 .text.RCC_APB2PeriphClockCmd
                0x00000000000076fe       0x46 ./sdk/Peripheral/ch32v30x_rcc.o
                0x00000000000076fe                RCC_APB2PeriphClockCmd
 .text.RCC_APB1PeriphClockCmd
                0x0000000000007744       0x46 ./sdk/Peripheral/ch32v30x_rcc.o
                0x0000000000007744                RCC_APB1PeriphClockCmd
 .text.RCC_APB2PeriphResetCmd
                0x000000000000778a       0x46 ./sdk/Peripheral/ch32v30x_rcc.o
                0x000000000000778a                RCC_APB2PeriphResetCmd
 .text.RCC_APB1PeriphResetCmd
                0x00000000000077d0       0x46 ./sdk/Peripheral/ch32v30x_rcc.o
                0x00000000000077d0                RCC_APB1PeriphResetCmd
 .text.SPI_I2S_DeInit
                0x0000000000007816       0x76 ./sdk/Peripheral/ch32v30x_spi.o
                0x0000000000007816                SPI_I2S_DeInit
 .text.SPI_Init
                0x000000000000788c       0xf8 ./sdk/Peripheral/ch32v30x_spi.o
                0x000000000000788c                SPI_Init
 .text.SPI_Cmd  0x0000000000007984       0x5a ./sdk/Peripheral/ch32v30x_spi.o
                0x0000000000007984                SPI_Cmd
 .text.TIM_TimeBaseInit
                0x00000000000079de      0x17e ./sdk/Peripheral/ch32v30x_tim.o
                0x00000000000079de                TIM_TimeBaseInit
 .text.TIM_OC1Init
                0x0000000000007b5c      0x19c ./sdk/Peripheral/ch32v30x_tim.o
                0x0000000000007b5c                TIM_OC1Init
 .text.TIM_OC2Init
                0x0000000000007cf8      0x1e2 ./sdk/Peripheral/ch32v30x_tim.o
                0x0000000000007cf8                TIM_OC2Init
 .text.TIM_OC3Init
                0x0000000000007eda      0x1dc ./sdk/Peripheral/ch32v30x_tim.o
                0x0000000000007eda                TIM_OC3Init
 .text.TIM_OC4Init
                0x00000000000080b6      0x176 ./sdk/Peripheral/ch32v30x_tim.o
                0x00000000000080b6                TIM_OC4Init
 .text.TIM_ICInit
                0x000000000000822c      0x116 ./sdk/Peripheral/ch32v30x_tim.o
                0x000000000000822c                TIM_ICInit
 .text.TIM_ICStructInit
                0x0000000000008342       0x3c ./sdk/Peripheral/ch32v30x_tim.o
                0x0000000000008342                TIM_ICStructInit
 .text.TIM_Cmd  0x000000000000837e       0x58 ./sdk/Peripheral/ch32v30x_tim.o
                0x000000000000837e                TIM_Cmd
 .text.TIM_CtrlPWMOutputs
                0x00000000000083d6       0x60 ./sdk/Peripheral/ch32v30x_tim.o
                0x00000000000083d6                TIM_CtrlPWMOutputs
 .text.TIM_ITConfig
                0x0000000000008436       0x70 ./sdk/Peripheral/ch32v30x_tim.o
                0x0000000000008436                TIM_ITConfig
 .text.TIM_EncoderInterfaceConfig
                0x00000000000084a6       0xd8 ./sdk/Peripheral/ch32v30x_tim.o
                0x00000000000084a6                TIM_EncoderInterfaceConfig
 .text.TIM_OC1PreloadConfig
                0x000000000000857e       0x4c ./sdk/Peripheral/ch32v30x_tim.o
                0x000000000000857e                TIM_OC1PreloadConfig
 .text.TIM_OC2PreloadConfig
                0x00000000000085ca       0x5a ./sdk/Peripheral/ch32v30x_tim.o
                0x00000000000085ca                TIM_OC2PreloadConfig
 .text.TIM_OC3PreloadConfig
                0x0000000000008624       0x4c ./sdk/Peripheral/ch32v30x_tim.o
                0x0000000000008624                TIM_OC3PreloadConfig
 .text.TIM_OC4PreloadConfig
                0x0000000000008670       0x5a ./sdk/Peripheral/ch32v30x_tim.o
                0x0000000000008670                TIM_OC4PreloadConfig
 .text.TIM_OC1FastConfig
                0x00000000000086ca       0x4c ./sdk/Peripheral/ch32v30x_tim.o
                0x00000000000086ca                TIM_OC1FastConfig
 .text.TIM_OC2FastConfig
                0x0000000000008716       0x56 ./sdk/Peripheral/ch32v30x_tim.o
                0x0000000000008716                TIM_OC2FastConfig
 .text.TIM_OC3FastConfig
                0x000000000000876c       0x4c ./sdk/Peripheral/ch32v30x_tim.o
                0x000000000000876c                TIM_OC3FastConfig
 .text.TIM_OC4FastConfig
                0x00000000000087b8       0x56 ./sdk/Peripheral/ch32v30x_tim.o
                0x00000000000087b8                TIM_OC4FastConfig
 .text.TIM_SetCounter
                0x000000000000880e       0x24 ./sdk/Peripheral/ch32v30x_tim.o
                0x000000000000880e                TIM_SetCounter
 .text.TIM_SetIC1Prescaler
                0x0000000000008832       0x56 ./sdk/Peripheral/ch32v30x_tim.o
                0x0000000000008832                TIM_SetIC1Prescaler
 .text.TIM_SetIC2Prescaler
                0x0000000000008888       0x64 ./sdk/Peripheral/ch32v30x_tim.o
                0x0000000000008888                TIM_SetIC2Prescaler
 .text.TIM_SetIC3Prescaler
                0x00000000000088ec       0x56 ./sdk/Peripheral/ch32v30x_tim.o
                0x00000000000088ec                TIM_SetIC3Prescaler
 .text.TIM_SetIC4Prescaler
                0x0000000000008942       0x64 ./sdk/Peripheral/ch32v30x_tim.o
                0x0000000000008942                TIM_SetIC4Prescaler
 .text.TIM_GetCounter
                0x00000000000089a6       0x1e ./sdk/Peripheral/ch32v30x_tim.o
                0x00000000000089a6                TIM_GetCounter
 .text.TIM_GetITStatus
                0x00000000000089c4       0x70 ./sdk/Peripheral/ch32v30x_tim.o
                0x00000000000089c4                TIM_GetITStatus
 .text.TIM_ClearITPendingBit
                0x0000000000008a34       0x2e ./sdk/Peripheral/ch32v30x_tim.o
                0x0000000000008a34                TIM_ClearITPendingBit
 .text.TI1_Config
                0x0000000000008a62      0x162 ./sdk/Peripheral/ch32v30x_tim.o
 .text.TI2_Config
                0x0000000000008bc4      0x182 ./sdk/Peripheral/ch32v30x_tim.o
 .text.TI3_Config
                0x0000000000008d46      0x17a ./sdk/Peripheral/ch32v30x_tim.o
 .text.TI4_Config
                0x0000000000008ec0      0x192 ./sdk/Peripheral/ch32v30x_tim.o
 .text.USART_Init
                0x0000000000009052      0x234 ./sdk/Peripheral/ch32v30x_usart.o
                0x0000000000009052                USART_Init
 .text.USART_Cmd
                0x0000000000009286       0x60 ./sdk/Peripheral/ch32v30x_usart.o
                0x0000000000009286                USART_Cmd
 .text.USART_ITConfig
                0x00000000000092e6       0xc4 ./sdk/Peripheral/ch32v30x_usart.o
                0x00000000000092e6                USART_ITConfig
 .text.USART_SendData
                0x00000000000093aa       0x2e ./sdk/Peripheral/ch32v30x_usart.o
                0x00000000000093aa                USART_SendData
 .text.USART_GetFlagStatus
                0x00000000000093d8       0x46 ./sdk/Peripheral/ch32v30x_usart.o
                0x00000000000093d8                USART_GetFlagStatus
 .text.USART_GetITStatus
                0x000000000000941e      0x102 ./sdk/Peripheral/ch32v30x_usart.o
                0x000000000000941e                USART_GetITStatus
 .text.USART_ClearITPendingBit
                0x0000000000009520       0x4e ./sdk/Peripheral/ch32v30x_usart.o
                0x0000000000009520                USART_ClearITPendingBit
 .text.DevEP1_IN_Deal
                0x000000000000956e       0x3e ./sdk/Peripheral/ch32v30x_usbotg_device.o
                0x000000000000956e                DevEP1_IN_Deal
 .text.DevEP2_IN_Deal
                0x00000000000095ac       0x3e ./sdk/Peripheral/ch32v30x_usbotg_device.o
                0x00000000000095ac                DevEP2_IN_Deal
 .text.DevEP1_OUT_Deal
                0x00000000000095ea       0x66 ./sdk/Peripheral/ch32v30x_usbotg_device.o
                0x00000000000095ea                DevEP1_OUT_Deal
 .text.DevEP2_OUT_Deal
                0x0000000000009650       0x66 ./sdk/Peripheral/ch32v30x_usbotg_device.o
                0x0000000000009650                DevEP2_OUT_Deal
 .text.OTG_FS_IRQHandler
                0x00000000000096b6      0xd16 ./sdk/Peripheral/ch32v30x_usbotg_device.o
                0x00000000000096b6                OTG_FS_IRQHandler
 .text.Beep_Init
                0x000000000000a3cc       0x22 ./code/Other.o
                0x000000000000a3cc                Beep_Init
 .text.Beep_Ring_500MS
                0x000000000000a3ee       0x2e ./code/Other.o
                0x000000000000a3ee                Beep_Ring_500MS
 .text.Community_Init
                0x000000000000a41c       0x2a ./code/buletooth.o
                0x000000000000a41c                Community_Init
 .text.VOFA_Test
                0x000000000000a446       0x60 ./code/buletooth.o
                0x000000000000a446                VOFA_Test
 .text.Encoder_TIM3_Init
                0x000000000000a4a6       0xd0 ./code/ecoder.o
                0x000000000000a4a6                Encoder_TIM3_Init
 .text.Encoder_TIM4_Init
                0x000000000000a576       0xd0 ./code/ecoder.o
                0x000000000000a576                Encoder_TIM4_Init
 .text.Read_Speed
                0x000000000000a646       0x80 ./code/ecoder.o
                0x000000000000a646                Read_Speed
 .text.TIM3_IRQHandler
                0x000000000000a6c6       0x36 ./code/ecoder.o
                0x000000000000a6c6                TIM3_IRQHandler
 .text.TIM4_IRQHandler
                0x000000000000a6fc       0x36 ./code/ecoder.o
                0x000000000000a6fc                TIM4_IRQHandler
 .text.angle_fliter_get
                0x000000000000a732       0xd4 ./code/filter.o
                0x000000000000a732                angle_fliter_get
 .text.Y_angle_ZeroOFFset_get
                0x000000000000a806       0x80 ./code/filter.o
                0x000000000000a806                Y_angle_ZeroOFFset_get
 .text.Motor_Init
                0x000000000000a886       0xae ./code/motor.o
                0x000000000000a886                Motor_Init
 .text.Load     0x000000000000a934      0x134 ./code/motor.o
                0x000000000000a934                Load
 .text.Main_PID_Progrem
                0x000000000000aa68      0x118 ./code/pid.o
                0x000000000000aa68                Main_PID_Progrem
 .text.Vertical
                0x000000000000ab80       0x52 ./code/pid.o
                0x000000000000ab80                Vertical
 .text.Velocity
                0x000000000000abd2      0x12c ./code/pid.o
                0x000000000000abd2                Velocity
 .text.__adddf3
                0x000000000000acfe      0xa0e d:/mounriver/mounriver_studio/mounriver_studio/toolchain/risc-v embedded gcc/bin/../lib/gcc/riscv-none-embed/8.2.0/rv32imafc/ilp32f\libgcc.a(adddf3.o)
                0x000000000000acfe                __adddf3
 .text.__divdf3
                0x000000000000b70c      0x7ea d:/mounriver/mounriver_studio/mounriver_studio/toolchain/risc-v embedded gcc/bin/../lib/gcc/riscv-none-embed/8.2.0/rv32imafc/ilp32f\libgcc.a(divdf3.o)
                0x000000000000b70c                __divdf3
 .text.__eqdf2  0x000000000000bef6       0x98 d:/mounriver/mounriver_studio/mounriver_studio/toolchain/risc-v embedded gcc/bin/../lib/gcc/riscv-none-embed/8.2.0/rv32imafc/ilp32f\libgcc.a(eqdf2.o)
                0x000000000000bef6                __nedf2
                0x000000000000bef6                __eqdf2
 .text.__gedf2  0x000000000000bf8e       0xb6 d:/mounriver/mounriver_studio/mounriver_studio/toolchain/risc-v embedded gcc/bin/../lib/gcc/riscv-none-embed/8.2.0/rv32imafc/ilp32f\libgcc.a(gedf2.o)
                0x000000000000bf8e                __gedf2
                0x000000000000bf8e                __gtdf2
 .text.__ledf2  0x000000000000c044       0xb6 d:/mounriver/mounriver_studio/mounriver_studio/toolchain/risc-v embedded gcc/bin/../lib/gcc/riscv-none-embed/8.2.0/rv32imafc/ilp32f\libgcc.a(ledf2.o)
                0x000000000000c044                __ledf2
                0x000000000000c044                __ltdf2
 .text.__muldf3
                0x000000000000c0fa      0x656 d:/mounriver/mounriver_studio/mounriver_studio/toolchain/risc-v embedded gcc/bin/../lib/gcc/riscv-none-embed/8.2.0/rv32imafc/ilp32f\libgcc.a(muldf3.o)
                0x000000000000c0fa                __muldf3
 .text.__subdf3
                0x000000000000c750      0xa8c d:/mounriver/mounriver_studio/mounriver_studio/toolchain/risc-v embedded gcc/bin/../lib/gcc/riscv-none-embed/8.2.0/rv32imafc/ilp32f\libgcc.a(subdf3.o)
                0x000000000000c750                __subdf3
 .text.__unorddf2
                0x000000000000d1dc       0x7c d:/mounriver/mounriver_studio/mounriver_studio/toolchain/risc-v embedded gcc/bin/../lib/gcc/riscv-none-embed/8.2.0/rv32imafc/ilp32f\libgcc.a(unorddf2.o)
                0x000000000000d1dc                __unorddf2
 .text.__fixdfsi
                0x000000000000d258       0xd8 d:/mounriver/mounriver_studio/mounriver_studio/toolchain/risc-v embedded gcc/bin/../lib/gcc/riscv-none-embed/8.2.0/rv32imafc/ilp32f\libgcc.a(fixdfsi.o)
                0x000000000000d258                __fixdfsi
 .text.__fixunsdfsi
                0x000000000000d330       0x9e d:/mounriver/mounriver_studio/mounriver_studio/toolchain/risc-v embedded gcc/bin/../lib/gcc/riscv-none-embed/8.2.0/rv32imafc/ilp32f\libgcc.a(fixunsdfsi.o)
                0x000000000000d330                __fixunsdfsi
 .text.__floatsidf
                0x000000000000d3ce       0x70 d:/mounriver/mounriver_studio/mounriver_studio/toolchain/risc-v embedded gcc/bin/../lib/gcc/riscv-none-embed/8.2.0/rv32imafc/ilp32f\libgcc.a(floatsidf.o)
                0x000000000000d3ce                __floatsidf
 .text.__floatunsidf
                0x000000000000d43e       0x66 d:/mounriver/mounriver_studio/mounriver_studio/toolchain/risc-v embedded gcc/bin/../lib/gcc/riscv-none-embed/8.2.0/rv32imafc/ilp32f\libgcc.a(floatunsidf.o)
                0x000000000000d43e                __floatunsidf
 .text.__extendsfdf2
                0x000000000000d4a4       0xe8 d:/mounriver/mounriver_studio/mounriver_studio/toolchain/risc-v embedded gcc/bin/../lib/gcc/riscv-none-embed/8.2.0/rv32imafc/ilp32f\libgcc.a(extendsfdf2.o)
                0x000000000000d4a4                __extendsfdf2
 .text.__truncdfsf2
                0x000000000000d58c      0x31e d:/mounriver/mounriver_studio/mounriver_studio/toolchain/risc-v embedded gcc/bin/../lib/gcc/riscv-none-embed/8.2.0/rv32imafc/ilp32f\libgcc.a(truncdfsf2.o)
                0x000000000000d58c                __truncdfsf2
 .text.__clzsi2
                0x000000000000d8aa       0x76 d:/mounriver/mounriver_studio/mounriver_studio/toolchain/risc-v embedded gcc/bin/../lib/gcc/riscv-none-embed/8.2.0/rv32imafc/ilp32f\libgcc.a(_clzsi2.o)
                0x000000000000d8aa                __clzsi2
 .text.malloc   0x000000000000d920        0xa d:/mounriver/mounriver_studio/mounriver_studio/toolchain/risc-v embedded gcc/bin/../lib/gcc/riscv-none-embed/8.2.0/../../../../riscv-none-embed/lib/rv32imafc/ilp32f\libg_nano.a(lib_a-malloc.o)
                0x000000000000d920                malloc
 .text.memcpy   0x000000000000d92a       0xb6 d:/mounriver/mounriver_studio/mounriver_studio/toolchain/risc-v embedded gcc/bin/../lib/gcc/riscv-none-embed/8.2.0/../../../../riscv-none-embed/lib/rv32imafc/ilp32f\libg_nano.a(lib_a-memcpy.o)
                0x000000000000d92a                memcpy
 .text._free_r  0x000000000000d9e0       0xa8 d:/mounriver/mounriver_studio/mounriver_studio/toolchain/risc-v embedded gcc/bin/../lib/gcc/riscv-none-embed/8.2.0/../../../../riscv-none-embed/lib/rv32imafc/ilp32f\libg_nano.a(lib_a-nano-freer.o)
                0x000000000000d9e0                _free_r
 .text._malloc_r
                0x000000000000da88       0xda d:/mounriver/mounriver_studio/mounriver_studio/toolchain/risc-v embedded gcc/bin/../lib/gcc/riscv-none-embed/8.2.0/../../../../riscv-none-embed/lib/rv32imafc/ilp32f\libg_nano.a(lib_a-nano-mallocr.o)
                0x000000000000da88                _malloc_r
 .text.__cvt    0x000000000000db62       0xee d:/mounriver/mounriver_studio/mounriver_studio/toolchain/risc-v embedded gcc/bin/../lib/gcc/riscv-none-embed/8.2.0/../../../../riscv-none-embed/lib/rv32imafc/ilp32f\libg_nano.a(lib_a-nano-vfprintf_float.o)
                0x000000000000db62                __cvt
 .text.__exponent
                0x000000000000dc50       0x8c d:/mounriver/mounriver_studio/mounriver_studio/toolchain/risc-v embedded gcc/bin/../lib/gcc/riscv-none-embed/8.2.0/../../../../riscv-none-embed/lib/rv32imafc/ilp32f\libg_nano.a(lib_a-nano-vfprintf_float.o)
                0x000000000000dc50                __exponent
 .text._printf_float
                0x000000000000dcdc      0x4c4 d:/mounriver/mounriver_studio/mounriver_studio/toolchain/risc-v embedded gcc/bin/../lib/gcc/riscv-none-embed/8.2.0/../../../../riscv-none-embed/lib/rv32imafc/ilp32f\libg_nano.a(lib_a-nano-vfprintf_float.o)
                0x000000000000dcdc                _printf_float
 .text._printf_common
                0x000000000000e1a0      0x10c d:/mounriver/mounriver_studio/mounriver_studio/toolchain/risc-v embedded gcc/bin/../lib/gcc/riscv-none-embed/8.2.0/../../../../riscv-none-embed/lib/rv32imafc/ilp32f\libg_nano.a(lib_a-nano-vfprintf_i.o)
                0x000000000000e1a0                _printf_common
 .text._printf_i
                0x000000000000e2ac      0x2ac d:/mounriver/mounriver_studio/mounriver_studio/toolchain/risc-v embedded gcc/bin/../lib/gcc/riscv-none-embed/8.2.0/../../../../riscv-none-embed/lib/rv32imafc/ilp32f\libg_nano.a(lib_a-nano-vfprintf_i.o)
                0x000000000000e2ac                _printf_i
 .text.printf   0x000000000000e558       0x42 d:/mounriver/mounriver_studio/mounriver_studio/toolchain/risc-v embedded gcc/bin/../lib/gcc/riscv-none-embed/8.2.0/../../../../riscv-none-embed/lib/rv32imafc/ilp32f\libg_nano.a(lib_a-printf.o)
                0x000000000000e558                iprintf
                0x000000000000e558                printf
 .text._sbrk_r  0x000000000000e59a       0x2a d:/mounriver/mounriver_studio/mounriver_studio/toolchain/risc-v embedded gcc/bin/../lib/gcc/riscv-none-embed/8.2.0/../../../../riscv-none-embed/lib/rv32imafc/ilp32f\libg_nano.a(lib_a-sbrkr.o)
                0x000000000000e59a                _sbrk_r
 .text.sprintf  0x000000000000e5c4       0x46 d:/mounriver/mounriver_studio/mounriver_studio/toolchain/risc-v embedded gcc/bin/../lib/gcc/riscv-none-embed/8.2.0/../../../../riscv-none-embed/lib/rv32imafc/ilp32f\libg_nano.a(lib_a-sprintf.o)
                0x000000000000e5c4                siprintf
                0x000000000000e5c4                sprintf
 .text.strlen   0x000000000000e60a       0x12 d:/mounriver/mounriver_studio/mounriver_studio/toolchain/risc-v embedded gcc/bin/../lib/gcc/riscv-none-embed/8.2.0/../../../../riscv-none-embed/lib/rv32imafc/ilp32f\libg_nano.a(lib_a-strlen.o)
                0x000000000000e60a                strlen
 .text.strncmp  0x000000000000e61c       0x2c d:/mounriver/mounriver_studio/mounriver_studio/toolchain/risc-v embedded gcc/bin/../lib/gcc/riscv-none-embed/8.2.0/../../../../riscv-none-embed/lib/rv32imafc/ilp32f\libg_nano.a(lib_a-strncmp.o)
                0x000000000000e61c                strncmp
 .text.quorem   0x000000000000e648      0x13a d:/mounriver/mounriver_studio/mounriver_studio/toolchain/risc-v embedded gcc/bin/../lib/gcc/riscv-none-embed/8.2.0/../../../../riscv-none-embed/lib/rv32imafc/ilp32f\libg_nano.a(lib_a-dtoa.o)
 .text._dtoa_r  0x000000000000e782      0xbea d:/mounriver/mounriver_studio/mounriver_studio/toolchain/risc-v embedded gcc/bin/../lib/gcc/riscv-none-embed/8.2.0/../../../../riscv-none-embed/lib/rv32imafc/ilp32f\libg_nano.a(lib_a-dtoa.o)
                0x000000000000e782                _dtoa_r
 .text.std      0x000000000000f36c       0x6a d:/mounriver/mounriver_studio/mounriver_studio/toolchain/risc-v embedded gcc/bin/../lib/gcc/riscv-none-embed/8.2.0/../../../../riscv-none-embed/lib/rv32imafc/ilp32f\libg_nano.a(lib_a-findfp.o)
 .text._cleanup_r
                0x000000000000f3d6        0xa d:/mounriver/mounriver_studio/mounriver_studio/toolchain/risc-v embedded gcc/bin/../lib/gcc/riscv-none-embed/8.2.0/../../../../riscv-none-embed/lib/rv32imafc/ilp32f\libg_nano.a(lib_a-findfp.o)
                0x000000000000f3d6                _cleanup_r
 .text.__sfmoreglue
                0x000000000000f3e0       0x48 d:/mounriver/mounriver_studio/mounriver_studio/toolchain/risc-v embedded gcc/bin/../lib/gcc/riscv-none-embed/8.2.0/../../../../riscv-none-embed/lib/rv32imafc/ilp32f\libg_nano.a(lib_a-findfp.o)
                0x000000000000f3e0                __sfmoreglue
 .text.__sinit  0x000000000000f428       0x6c d:/mounriver/mounriver_studio/mounriver_studio/toolchain/risc-v embedded gcc/bin/../lib/gcc/riscv-none-embed/8.2.0/../../../../riscv-none-embed/lib/rv32imafc/ilp32f\libg_nano.a(lib_a-findfp.o)
                0x000000000000f428                __sinit
 .text.__sfp    0x000000000000f494       0xa0 d:/mounriver/mounriver_studio/mounriver_studio/toolchain/risc-v embedded gcc/bin/../lib/gcc/riscv-none-embed/8.2.0/../../../../riscv-none-embed/lib/rv32imafc/ilp32f\libg_nano.a(lib_a-findfp.o)
                0x000000000000f494                __sfp
 .text._fwalk_reent
                0x000000000000f534       0x6c d:/mounriver/mounriver_studio/mounriver_studio/toolchain/risc-v embedded gcc/bin/../lib/gcc/riscv-none-embed/8.2.0/../../../../riscv-none-embed/lib/rv32imafc/ilp32f\libg_nano.a(lib_a-fwalk.o)
                0x000000000000f534                _fwalk_reent
 .text._localeconv_r
                0x000000000000f5a0       0x18 d:/mounriver/mounriver_studio/mounriver_studio/toolchain/risc-v embedded gcc/bin/../lib/gcc/riscv-none-embed/8.2.0/../../../../riscv-none-embed/lib/rv32imafc/ilp32f\libg_nano.a(lib_a-localeconv.o)
                0x000000000000f5a0                _localeconv_r
 .text.memchr   0x000000000000f5b8       0x1a d:/mounriver/mounriver_studio/mounriver_studio/toolchain/risc-v embedded gcc/bin/../lib/gcc/riscv-none-embed/8.2.0/../../../../riscv-none-embed/lib/rv32imafc/ilp32f\libg_nano.a(lib_a-memchr.o)
                0x000000000000f5b8                memchr
 .text.__malloc_lock
                0x000000000000f5d2        0x2 d:/mounriver/mounriver_studio/mounriver_studio/toolchain/risc-v embedded gcc/bin/../lib/gcc/riscv-none-embed/8.2.0/../../../../riscv-none-embed/lib/rv32imafc/ilp32f\libg_nano.a(lib_a-mlock.o)
                0x000000000000f5d2                __malloc_lock
 .text.__malloc_unlock
                0x000000000000f5d4        0x2 d:/mounriver/mounriver_studio/mounriver_studio/toolchain/risc-v embedded gcc/bin/../lib/gcc/riscv-none-embed/8.2.0/../../../../riscv-none-embed/lib/rv32imafc/ilp32f\libg_nano.a(lib_a-mlock.o)
                0x000000000000f5d4                __malloc_unlock
 .text._Balloc  0x000000000000f5d6       0x88 d:/mounriver/mounriver_studio/mounriver_studio/toolchain/risc-v embedded gcc/bin/../lib/gcc/riscv-none-embed/8.2.0/../../../../riscv-none-embed/lib/rv32imafc/ilp32f\libg_nano.a(lib_a-mprec.o)
                0x000000000000f5d6                _Balloc
 .text._Bfree   0x000000000000f65e       0x44 d:/mounriver/mounriver_studio/mounriver_studio/toolchain/risc-v embedded gcc/bin/../lib/gcc/riscv-none-embed/8.2.0/../../../../riscv-none-embed/lib/rv32imafc/ilp32f\libg_nano.a(lib_a-mprec.o)
                0x000000000000f65e                _Bfree
 .text.__multadd
                0x000000000000f6a2       0x98 d:/mounriver/mounriver_studio/mounriver_studio/toolchain/risc-v embedded gcc/bin/../lib/gcc/riscv-none-embed/8.2.0/../../../../riscv-none-embed/lib/rv32imafc/ilp32f\libg_nano.a(lib_a-mprec.o)
                0x000000000000f6a2                __multadd
 .text.__hi0bits
                0x000000000000f73a       0x46 d:/mounriver/mounriver_studio/mounriver_studio/toolchain/risc-v embedded gcc/bin/../lib/gcc/riscv-none-embed/8.2.0/../../../../riscv-none-embed/lib/rv32imafc/ilp32f\libg_nano.a(lib_a-mprec.o)
                0x000000000000f73a                __hi0bits
 .text.__lo0bits
                0x000000000000f780       0x6a d:/mounriver/mounriver_studio/mounriver_studio/toolchain/risc-v embedded gcc/bin/../lib/gcc/riscv-none-embed/8.2.0/../../../../riscv-none-embed/lib/rv32imafc/ilp32f\libg_nano.a(lib_a-mprec.o)
                0x000000000000f780                __lo0bits
 .text.__i2b    0x000000000000f7ea       0x1c d:/mounriver/mounriver_studio/mounriver_studio/toolchain/risc-v embedded gcc/bin/../lib/gcc/riscv-none-embed/8.2.0/../../../../riscv-none-embed/lib/rv32imafc/ilp32f\libg_nano.a(lib_a-mprec.o)
                0x000000000000f7ea                __i2b
 .text.__multiply
                0x000000000000f806      0x144 d:/mounriver/mounriver_studio/mounriver_studio/toolchain/risc-v embedded gcc/bin/../lib/gcc/riscv-none-embed/8.2.0/../../../../riscv-none-embed/lib/rv32imafc/ilp32f\libg_nano.a(lib_a-mprec.o)
                0x000000000000f806                __multiply
 .text.__pow5mult
                0x000000000000f94a       0xbe d:/mounriver/mounriver_studio/mounriver_studio/toolchain/risc-v embedded gcc/bin/../lib/gcc/riscv-none-embed/8.2.0/../../../../riscv-none-embed/lib/rv32imafc/ilp32f\libg_nano.a(lib_a-mprec.o)
                0x000000000000f94a                __pow5mult
 .text.__lshift
                0x000000000000fa08       0xce d:/mounriver/mounriver_studio/mounriver_studio/toolchain/risc-v embedded gcc/bin/../lib/gcc/riscv-none-embed/8.2.0/../../../../riscv-none-embed/lib/rv32imafc/ilp32f\libg_nano.a(lib_a-mprec.o)
                0x000000000000fa08                __lshift
 .text.__mcmp   0x000000000000fad6       0x32 d:/mounriver/mounriver_studio/mounriver_studio/toolchain/risc-v embedded gcc/bin/../lib/gcc/riscv-none-embed/8.2.0/../../../../riscv-none-embed/lib/rv32imafc/ilp32f\libg_nano.a(lib_a-mprec.o)
                0x000000000000fad6                __mcmp
 .text.__mdiff  0x000000000000fb08       0xf2 d:/mounriver/mounriver_studio/mounriver_studio/toolchain/risc-v embedded gcc/bin/../lib/gcc/riscv-none-embed/8.2.0/../../../../riscv-none-embed/lib/rv32imafc/ilp32f\libg_nano.a(lib_a-mprec.o)
                0x000000000000fb08                __mdiff
 .text.__d2b    0x000000000000fbfa       0xd4 d:/mounriver/mounriver_studio/mounriver_studio/toolchain/risc-v embedded gcc/bin/../lib/gcc/riscv-none-embed/8.2.0/../../../../riscv-none-embed/lib/rv32imafc/ilp32f\libg_nano.a(lib_a-mprec.o)
                0x000000000000fbfa                __d2b
 .text._calloc_r
                0x000000000000fcce       0x28 d:/mounriver/mounriver_studio/mounriver_studio/toolchain/risc-v embedded gcc/bin/../lib/gcc/riscv-none-embed/8.2.0/../../../../riscv-none-embed/lib/rv32imafc/ilp32f\libg_nano.a(lib_a-nano-callocr.o)
                0x000000000000fcce                _calloc_r
 .text.__ssputs_r
                0x000000000000fcf6       0xee d:/mounriver/mounriver_studio/mounriver_studio/toolchain/risc-v embedded gcc/bin/../lib/gcc/riscv-none-embed/8.2.0/../../../../riscv-none-embed/lib/rv32imafc/ilp32f\libg_nano.a(lib_a-nano-svfprintf.o)
                0x000000000000fcf6                __ssputs_r
 .text._svfprintf_r
                0x000000000000fde4      0x27e d:/mounriver/mounriver_studio/mounriver_studio/toolchain/risc-v embedded gcc/bin/../lib/gcc/riscv-none-embed/8.2.0/../../../../riscv-none-embed/lib/rv32imafc/ilp32f\libg_nano.a(lib_a-nano-svfprintf.o)
                0x000000000000fde4                _svfiprintf_r
                0x000000000000fde4                _svfprintf_r
 .text.__sfputc_r
                0x0000000000010062       0x28 d:/mounriver/mounriver_studio/mounriver_studio/toolchain/risc-v embedded gcc/bin/../lib/gcc/riscv-none-embed/8.2.0/../../../../riscv-none-embed/lib/rv32imafc/ilp32f\libg_nano.a(lib_a-nano-vfprintf.o)
 .text.__sfputs_r
                0x000000000001008a       0x44 d:/mounriver/mounriver_studio/mounriver_studio/toolchain/risc-v embedded gcc/bin/../lib/gcc/riscv-none-embed/8.2.0/../../../../riscv-none-embed/lib/rv32imafc/ilp32f\libg_nano.a(lib_a-nano-vfprintf.o)
                0x000000000001008a                __sfputs_r
 .text._vfprintf_r
                0x00000000000100ce      0x29e d:/mounriver/mounriver_studio/mounriver_studio/toolchain/risc-v embedded gcc/bin/../lib/gcc/riscv-none-embed/8.2.0/../../../../riscv-none-embed/lib/rv32imafc/ilp32f\libg_nano.a(lib_a-nano-vfprintf.o)
                0x00000000000100ce                _vfprintf_r
                0x00000000000100ce                _vfiprintf_r
 .text.__sread  0x000000000001036c       0x30 d:/mounriver/mounriver_studio/mounriver_studio/toolchain/risc-v embedded gcc/bin/../lib/gcc/riscv-none-embed/8.2.0/../../../../riscv-none-embed/lib/rv32imafc/ilp32f\libg_nano.a(lib_a-stdio.o)
                0x000000000001036c                __sread
 .text.__swrite
                0x000000000001039c       0x4e d:/mounriver/mounriver_studio/mounriver_studio/toolchain/risc-v embedded gcc/bin/../lib/gcc/riscv-none-embed/8.2.0/../../../../riscv-none-embed/lib/rv32imafc/ilp32f\libg_nano.a(lib_a-stdio.o)
                0x000000000001039c                __swrite
 .text.__sseek  0x00000000000103ea       0x36 d:/mounriver/mounriver_studio/mounriver_studio/toolchain/risc-v embedded gcc/bin/../lib/gcc/riscv-none-embed/8.2.0/../../../../riscv-none-embed/lib/rv32imafc/ilp32f\libg_nano.a(lib_a-stdio.o)
                0x00000000000103ea                __sseek
 .text.__sclose
                0x0000000000010420        0x6 d:/mounriver/mounriver_studio/mounriver_studio/toolchain/risc-v embedded gcc/bin/../lib/gcc/riscv-none-embed/8.2.0/../../../../riscv-none-embed/lib/rv32imafc/ilp32f\libg_nano.a(lib_a-stdio.o)
                0x0000000000010420                __sclose
 .text.__swbuf_r
                0x0000000000010426       0xc2 d:/mounriver/mounriver_studio/mounriver_studio/toolchain/risc-v embedded gcc/bin/../lib/gcc/riscv-none-embed/8.2.0/../../../../riscv-none-embed/lib/rv32imafc/ilp32f\libg_nano.a(lib_a-wbuf.o)
                0x0000000000010426                __swbuf_r
 .text._write_r
                0x00000000000104e8       0x2e d:/mounriver/mounriver_studio/mounriver_studio/toolchain/risc-v embedded gcc/bin/../lib/gcc/riscv-none-embed/8.2.0/../../../../riscv-none-embed/lib/rv32imafc/ilp32f\libg_nano.a(lib_a-writer.o)
                0x00000000000104e8                _write_r
 .text.__swsetup_r
                0x0000000000010516      0x110 d:/mounriver/mounriver_studio/mounriver_studio/toolchain/risc-v embedded gcc/bin/../lib/gcc/riscv-none-embed/8.2.0/../../../../riscv-none-embed/lib/rv32imafc/ilp32f\libg_nano.a(lib_a-wsetup.o)
                0x0000000000010516                __swsetup_r
 .text._close_r
                0x0000000000010626       0x2a d:/mounriver/mounriver_studio/mounriver_studio/toolchain/risc-v embedded gcc/bin/../lib/gcc/riscv-none-embed/8.2.0/../../../../riscv-none-embed/lib/rv32imafc/ilp32f\libg_nano.a(lib_a-closer.o)
                0x0000000000010626                _close_r
 .text.__sflush_r
                0x0000000000010650      0x13e d:/mounriver/mounriver_studio/mounriver_studio/toolchain/risc-v embedded gcc/bin/../lib/gcc/riscv-none-embed/8.2.0/../../../../riscv-none-embed/lib/rv32imafc/ilp32f\libg_nano.a(lib_a-fflush.o)
                0x0000000000010650                __sflush_r
 .text._fflush_r
                0x000000000001078e       0x68 d:/mounriver/mounriver_studio/mounriver_studio/toolchain/risc-v embedded gcc/bin/../lib/gcc/riscv-none-embed/8.2.0/../../../../riscv-none-embed/lib/rv32imafc/ilp32f\libg_nano.a(lib_a-fflush.o)
                0x000000000001078e                _fflush_r
 .text._lseek_r
                0x00000000000107f6       0x2c d:/mounriver/mounriver_studio/mounriver_studio/toolchain/risc-v embedded gcc/bin/../lib/gcc/riscv-none-embed/8.2.0/../../../../riscv-none-embed/lib/rv32imafc/ilp32f\libg_nano.a(lib_a-lseekr.o)
                0x00000000000107f6                _lseek_r
 .text.__swhatbuf_r
                0x0000000000010822       0x58 d:/mounriver/mounriver_studio/mounriver_studio/toolchain/risc-v embedded gcc/bin/../lib/gcc/riscv-none-embed/8.2.0/../../../../riscv-none-embed/lib/rv32imafc/ilp32f\libg_nano.a(lib_a-makebuf.o)
                0x0000000000010822                __swhatbuf_r
 .text.__smakebuf_r
                0x000000000001087a       0xa0 d:/mounriver/mounriver_studio/mounriver_studio/toolchain/risc-v embedded gcc/bin/../lib/gcc/riscv-none-embed/8.2.0/../../../../riscv-none-embed/lib/rv32imafc/ilp32f\libg_nano.a(lib_a-makebuf.o)
                0x000000000001087a                __smakebuf_r
 .text.__ascii_mbtowc
                0x000000000001091a       0x3a d:/mounriver/mounriver_studio/mounriver_studio/toolchain/risc-v embedded gcc/bin/../lib/gcc/riscv-none-embed/8.2.0/../../../../riscv-none-embed/lib/rv32imafc/ilp32f\libg_nano.a(lib_a-mbtowc_r.o)
                0x000000000001091a                __ascii_mbtowc
 .text.memmove  0x0000000000010954       0x4a d:/mounriver/mounriver_studio/mounriver_studio/toolchain/risc-v embedded gcc/bin/../lib/gcc/riscv-none-embed/8.2.0/../../../../riscv-none-embed/lib/rv32imafc/ilp32f\libg_nano.a(lib_a-memmove.o)
                0x0000000000010954                memmove
 .text._realloc_r
                0x000000000001099e       0x58 d:/mounriver/mounriver_studio/mounriver_studio/toolchain/risc-v embedded gcc/bin/../lib/gcc/riscv-none-embed/8.2.0/../../../../riscv-none-embed/lib/rv32imafc/ilp32f\libg_nano.a(lib_a-nano-reallocr.o)
                0x000000000001099e                _realloc_r
 .text._read_r  0x00000000000109f6       0x2c d:/mounriver/mounriver_studio/mounriver_studio/toolchain/risc-v embedded gcc/bin/../lib/gcc/riscv-none-embed/8.2.0/../../../../riscv-none-embed/lib/rv32imafc/ilp32f\libg_nano.a(lib_a-readr.o)
                0x00000000000109f6                _read_r
 .text.__ascii_wctomb
                0x0000000000010a22       0x20 d:/mounriver/mounriver_studio/mounriver_studio/toolchain/risc-v embedded gcc/bin/../lib/gcc/riscv-none-embed/8.2.0/../../../../riscv-none-embed/lib/rv32imafc/ilp32f\libg_nano.a(lib_a-wctomb_r.o)
                0x0000000000010a22                __ascii_wctomb
 .text._fstat_r
                0x0000000000010a42       0x2a d:/mounriver/mounriver_studio/mounriver_studio/toolchain/risc-v embedded gcc/bin/../lib/gcc/riscv-none-embed/8.2.0/../../../../riscv-none-embed/lib/rv32imafc/ilp32f\libg_nano.a(lib_a-fstatr.o)
                0x0000000000010a42                _fstat_r
 .text._isatty_r
                0x0000000000010a6c       0x28 d:/mounriver/mounriver_studio/mounriver_studio/toolchain/risc-v embedded gcc/bin/../lib/gcc/riscv-none-embed/8.2.0/../../../../riscv-none-embed/lib/rv32imafc/ilp32f\libg_nano.a(lib_a-isattyr.o)
                0x0000000000010a6c                _isatty_r
 .text._malloc_usable_size_r
                0x0000000000010a94       0x14 d:/mounriver/mounriver_studio/mounriver_studio/toolchain/risc-v embedded gcc/bin/../lib/gcc/riscv-none-embed/8.2.0/../../../../riscv-none-embed/lib/rv32imafc/ilp32f\libg_nano.a(lib_a-nano-msizer.o)
                0x0000000000010a94                _malloc_usable_size_r
 .text.__trunctfdf2
                0x0000000000010aa8      0x3d0 d:/mounriver/mounriver_studio/mounriver_studio/toolchain/risc-v embedded gcc/bin/../lib/gcc/riscv-none-embed/8.2.0/rv32imafc/ilp32f\libgcc.a(trunctfdf2.o)
                0x0000000000010aa8                __trunctfdf2
 .text._close   0x0000000000010e78        0xc d:/mounriver/mounriver_studio/mounriver_studio/toolchain/risc-v embedded gcc/bin/../lib/gcc/riscv-none-embed/8.2.0/../../../../riscv-none-embed/lib/rv32imafc/ilp32f\libnosys.a(close.o)
                0x0000000000010e78                _close
 .text._fstat   0x0000000000010e84        0xc d:/mounriver/mounriver_studio/mounriver_studio/toolchain/risc-v embedded gcc/bin/../lib/gcc/riscv-none-embed/8.2.0/../../../../riscv-none-embed/lib/rv32imafc/ilp32f\libnosys.a(fstat.o)
                0x0000000000010e84                _fstat
 .text._isatty  0x0000000000010e90        0xc d:/mounriver/mounriver_studio/mounriver_studio/toolchain/risc-v embedded gcc/bin/../lib/gcc/riscv-none-embed/8.2.0/../../../../riscv-none-embed/lib/rv32imafc/ilp32f\libnosys.a(isatty.o)
                0x0000000000010e90                _isatty
 .text._lseek   0x0000000000010e9c        0xc d:/mounriver/mounriver_studio/mounriver_studio/toolchain/risc-v embedded gcc/bin/../lib/gcc/riscv-none-embed/8.2.0/../../../../riscv-none-embed/lib/rv32imafc/ilp32f\libnosys.a(lseek.o)
                0x0000000000010e9c                _lseek
 .text._read    0x0000000000010ea8        0xc d:/mounriver/mounriver_studio/mounriver_studio/toolchain/risc-v embedded gcc/bin/../lib/gcc/riscv-none-embed/8.2.0/../../../../riscv-none-embed/lib/rv32imafc/ilp32f\libnosys.a(read.o)
                0x0000000000010ea8                _read
 .text._sbrk    0x0000000000010eb4       0x20 d:/mounriver/mounriver_studio/mounriver_studio/toolchain/risc-v embedded gcc/bin/../lib/gcc/riscv-none-embed/8.2.0/../../../../riscv-none-embed/lib/rv32imafc/ilp32f\libnosys.a(sbrk.o)
                0x0000000000010eb4                _sbrk
 *(.rodata)
 .rodata        0x0000000000010ed4       0x9f ./zf_driver/zf_driver_pit.o
 *fill*         0x0000000000010f73        0x1 
 .rodata        0x0000000000010f74       0x77 ./zf_driver/zf_driver_pwm.o
 *fill*         0x0000000000010feb        0x1 
 .rodata        0x0000000000010fec       0x7c ./zf_driver/zf_driver_soft_iic.o
 .rodata        0x0000000000011068       0x77 ./zf_driver/zf_driver_spi.o
 *fill*         0x00000000000110df        0x1 
 .rodata        0x00000000000110e0       0x78 ./zf_driver/zf_driver_uart.o
 *fill*         0x0000000000011158        0x0 
 .rodata        0x0000000000011158        0x8 ./zf_device/zf_device_dm1xa.o
 .rodata        0x0000000000011160       0xf0 ./zf_device/zf_device_gnss.o
 .rodata        0x0000000000011250       0x90 ./zf_device/zf_device_ips114.o
 .rodata        0x00000000000112e0       0xa0 ./zf_device/zf_device_mpu6050.o
 .rodata        0x0000000000011380       0x78 ./zf_common/zf_common_debug.o
 .rodata        0x00000000000113f8       0x78 ./zf_common/zf_common_fifo.o
 .rodata        0x0000000000011470       0x41 ./sdk/Peripheral/ch32v30x_usbotg_device.o
 *fill*         0x00000000000114b1        0x7 
 .rodata        0x00000000000114b8       0x10 ./code/filter.o
 .rodata        0x00000000000114c8       0x20 ./code/pid.o
 *(.rodata*)
 .rodata.pit_init
                0x00000000000114e8       0x28 ./zf_driver/zf_driver_pit.o
 .rodata.pwm_set_duty
                0x0000000000011510       0x28 ./zf_driver/zf_driver_pwm.o
 .rodata.pwm_set_freq
                0x0000000000011538       0x28 ./zf_driver/zf_driver_pwm.o
 .rodata.pwm_init
                0x0000000000011560       0x28 ./zf_driver/zf_driver_pwm.o
 .rodata.spi_index
                0x0000000000011588        0xc ./zf_driver/zf_driver_spi.o
                0x0000000000011588                spi_index
 .rodata.timer_get
                0x0000000000011594       0x28 ./zf_driver/zf_driver_timer.o
 .rodata.timer_clear
                0x00000000000115bc       0x28 ./zf_driver/zf_driver_timer.o
 .rodata.uart_index
                0x00000000000115e4       0x20 ./zf_driver/zf_driver_uart.o
                0x00000000000115e4                uart_index
 .rodata.ascii_font_8x16
                0x0000000000011604      0x5f0 ./zf_common/zf_common_font.o
                0x0000000000011604                ascii_font_8x16
 .rodata.ascii_font_6x8
                0x0000000000011bf4      0x228 ./zf_common/zf_common_font.o
                0x0000000000011bf4                ascii_font_6x8
 .rodata.MyDevDescrHD
                0x0000000000011e1c       0x12 ./sdk/Peripheral/ch32v30x_usbotg_device.o
                0x0000000000011e1c                MyDevDescrHD
 *fill*         0x0000000000011e2e        0x2 
 .rodata.MyCfgDescrHD
                0x0000000000011e30       0x43 ./sdk/Peripheral/ch32v30x_usbotg_device.o
                0x0000000000011e30                MyCfgDescrHD
 *fill*         0x0000000000011e73        0x1 
 .rodata.MyReportDescHD
                0x0000000000011e74       0x14 ./sdk/Peripheral/ch32v30x_usbotg_device.o
                0x0000000000011e74                MyReportDescHD
 .rodata.MyManuInfoHD
                0x0000000000011e88        0xe ./sdk/Peripheral/ch32v30x_usbotg_device.o
                0x0000000000011e88                MyManuInfoHD
 *fill*         0x0000000000011e96        0x2 
 .rodata.MyProdInfoHD
                0x0000000000011e98        0xc ./sdk/Peripheral/ch32v30x_usbotg_device.o
                0x0000000000011e98                MyProdInfoHD
 .rodata.MySerNumInfoHD
                0x0000000000011ea4       0x16 ./sdk/Peripheral/ch32v30x_usbotg_device.o
                0x0000000000011ea4                MySerNumInfoHD
 *fill*         0x0000000000011eba        0x2 
 .rodata.MyUSBQUADescHD
                0x0000000000011ebc        0xa ./sdk/Peripheral/ch32v30x_usbotg_device.o
                0x0000000000011ebc                MyUSBQUADescHD
 *fill*         0x0000000000011ec6        0x2 
 .rodata.OTG_FS_IRQHandler
                0x0000000000011ec8       0xbc ./sdk/Peripheral/ch32v30x_usbotg_device.o
 .rodata.__divdf3
                0x0000000000011f84       0x40 d:/mounriver/mounriver_studio/mounriver_studio/toolchain/risc-v embedded gcc/bin/../lib/gcc/riscv-none-embed/8.2.0/rv32imafc/ilp32f\libgcc.a(divdf3.o)
 .rodata.__muldf3
                0x0000000000011fc4       0x40 d:/mounriver/mounriver_studio/mounriver_studio/toolchain/risc-v embedded gcc/bin/../lib/gcc/riscv-none-embed/8.2.0/rv32imafc/ilp32f\libgcc.a(muldf3.o)
 .rodata.__clz_tab
                0x0000000000012004      0x100 d:/mounriver/mounriver_studio/mounriver_studio/toolchain/risc-v embedded gcc/bin/../lib/gcc/riscv-none-embed/8.2.0/rv32imafc/ilp32f\libgcc.a(_clz.o)
                0x0000000000012004                __clz_tab
 *fill*         0x0000000000012104        0x4 
 .rodata._printf_float.cst8
                0x0000000000012108        0x8 d:/mounriver/mounriver_studio/mounriver_studio/toolchain/risc-v embedded gcc/bin/../lib/gcc/riscv-none-embed/8.2.0/../../../../riscv-none-embed/lib/rv32imafc/ilp32f\libg_nano.a(lib_a-nano-vfprintf_float.o)
 .rodata._printf_float.str1.4
                0x0000000000012110       0x12 d:/mounriver/mounriver_studio/mounriver_studio/toolchain/risc-v embedded gcc/bin/../lib/gcc/riscv-none-embed/8.2.0/../../../../riscv-none-embed/lib/rv32imafc/ilp32f\libg_nano.a(lib_a-nano-vfprintf_float.o)
 *fill*         0x0000000000012122        0x2 
 .rodata._printf_i.str1.4
                0x0000000000012124       0x25 d:/mounriver/mounriver_studio/mounriver_studio/toolchain/risc-v embedded gcc/bin/../lib/gcc/riscv-none-embed/8.2.0/../../../../riscv-none-embed/lib/rv32imafc/ilp32f\libg_nano.a(lib_a-nano-vfprintf_i.o)
 *fill*         0x0000000000012149        0x7 
 .rodata._dtoa_r.cst8
                0x0000000000012150       0x48 d:/mounriver/mounriver_studio/mounriver_studio/toolchain/risc-v embedded gcc/bin/../lib/gcc/riscv-none-embed/8.2.0/../../../../riscv-none-embed/lib/rv32imafc/ilp32f\libg_nano.a(lib_a-dtoa.o)
 .rodata._dtoa_r.str1.4
                0x0000000000012198       0x10 d:/mounriver/mounriver_studio/mounriver_studio/toolchain/risc-v embedded gcc/bin/../lib/gcc/riscv-none-embed/8.2.0/../../../../riscv-none-embed/lib/rv32imafc/ilp32f\libg_nano.a(lib_a-dtoa.o)
                                         0x12 (size before relaxing)
 .rodata.__sf_fake_stderr
                0x00000000000121a8       0x20 d:/mounriver/mounriver_studio/mounriver_studio/toolchain/risc-v embedded gcc/bin/../lib/gcc/riscv-none-embed/8.2.0/../../../../riscv-none-embed/lib/rv32imafc/ilp32f\libg_nano.a(lib_a-findfp.o)
                0x00000000000121a8                __sf_fake_stderr
 .rodata.__sf_fake_stdin
                0x00000000000121c8       0x20 d:/mounriver/mounriver_studio/mounriver_studio/toolchain/risc-v embedded gcc/bin/../lib/gcc/riscv-none-embed/8.2.0/../../../../riscv-none-embed/lib/rv32imafc/ilp32f\libg_nano.a(lib_a-findfp.o)
                0x00000000000121c8                __sf_fake_stdin
 .rodata.__sf_fake_stdout
                0x00000000000121e8       0x20 d:/mounriver/mounriver_studio/mounriver_studio/toolchain/risc-v embedded gcc/bin/../lib/gcc/riscv-none-embed/8.2.0/../../../../riscv-none-embed/lib/rv32imafc/ilp32f\libg_nano.a(lib_a-findfp.o)
                0x00000000000121e8                __sf_fake_stdout
 .rodata.__mprec_bigtens
                0x0000000000012208       0x28 d:/mounriver/mounriver_studio/mounriver_studio/toolchain/risc-v embedded gcc/bin/../lib/gcc/riscv-none-embed/8.2.0/../../../../riscv-none-embed/lib/rv32imafc/ilp32f\libg_nano.a(lib_a-mprec.o)
                0x0000000000012208                __mprec_bigtens
 .rodata.__mprec_tens
                0x0000000000012230       0xc8 d:/mounriver/mounriver_studio/mounriver_studio/toolchain/risc-v embedded gcc/bin/../lib/gcc/riscv-none-embed/8.2.0/../../../../riscv-none-embed/lib/rv32imafc/ilp32f\libg_nano.a(lib_a-mprec.o)
                0x0000000000012230                __mprec_tens
 .rodata.p05.3321
                0x00000000000122f8        0xc d:/mounriver/mounriver_studio/mounriver_studio/toolchain/risc-v embedded gcc/bin/../lib/gcc/riscv-none-embed/8.2.0/../../../../riscv-none-embed/lib/rv32imafc/ilp32f\libg_nano.a(lib_a-mprec.o)
 .rodata._svfprintf_r.str1.4
                0x0000000000012304       0x13 d:/mounriver/mounriver_studio/mounriver_studio/toolchain/risc-v embedded gcc/bin/../lib/gcc/riscv-none-embed/8.2.0/../../../../riscv-none-embed/lib/rv32imafc/ilp32f\libg_nano.a(lib_a-nano-svfprintf.o)
 .rodata._vfprintf_r.str1.4
                0x0000000000012317       0x13 d:/mounriver/mounriver_studio/mounriver_studio/toolchain/risc-v embedded gcc/bin/../lib/gcc/riscv-none-embed/8.2.0/../../../../riscv-none-embed/lib/rv32imafc/ilp32f\libg_nano.a(lib_a-nano-vfprintf.o)
 *fill*         0x0000000000012317        0x1 
 .rodata._setlocale_r.str1.4
                0x0000000000012318        0xa d:/mounriver/mounriver_studio/mounriver_studio/toolchain/risc-v embedded gcc/bin/../lib/gcc/riscv-none-embed/8.2.0/../../../../riscv-none-embed/lib/rv32imafc/ilp32f\libg_nano.a(lib_a-locale.o)
                                          0xd (size before relaxing)
 *fill*         0x0000000000012322        0x2 
 .rodata.str1.4
                0x0000000000012324        0x4 d:/mounriver/mounriver_studio/mounriver_studio/toolchain/risc-v embedded gcc/bin/../lib/gcc/riscv-none-embed/8.2.0/../../../../riscv-none-embed/lib/rv32imafc/ilp32f\libg_nano.a(lib_a-locale.o)
                                          0x2 (size before relaxing)
 .rodata._ctype_
                0x0000000000012328      0x101 d:/mounriver/mounriver_studio/mounriver_studio/toolchain/risc-v embedded gcc/bin/../lib/gcc/riscv-none-embed/8.2.0/../../../../riscv-none-embed/lib/rv32imafc/ilp32f\libg_nano.a(lib_a-ctype_.o)
                0x0000000000012328                _ctype_
 *(.glue_7)
 *(.glue_7t)
 *(.gnu.linkonce.t.*)
                0x000000000001242c                . = ALIGN (0x4)
 *fill*         0x0000000000012429        0x3 

.rela.dyn       0x000000000001242c        0x0
 .rela.init     0x000000000001242c        0x0 ./zf_driver/zf_driver_delay.o
 .rela.vector   0x000000000001242c        0x0 ./zf_driver/zf_driver_delay.o
 .rela.text.handle_reset
                0x000000000001242c        0x0 ./zf_driver/zf_driver_delay.o
 .rela.text._sbrk_r
                0x000000000001242c        0x0 ./zf_driver/zf_driver_delay.o
 .rela.text._svfprintf_r
                0x000000000001242c        0x0 ./zf_driver/zf_driver_delay.o
 .rela.text._vfprintf_r
                0x000000000001242c        0x0 ./zf_driver/zf_driver_delay.o
 .rela.text._write_r
                0x000000000001242c        0x0 ./zf_driver/zf_driver_delay.o
 .rela.text._close_r
                0x000000000001242c        0x0 ./zf_driver/zf_driver_delay.o
 .rela.text._lseek_r
                0x000000000001242c        0x0 ./zf_driver/zf_driver_delay.o
 .rela.text._read_r
                0x000000000001242c        0x0 ./zf_driver/zf_driver_delay.o
 .rela.text._fstat_r
                0x000000000001242c        0x0 ./zf_driver/zf_driver_delay.o
 .rela.text._isatty_r
                0x000000000001242c        0x0 ./zf_driver/zf_driver_delay.o
 .rela.text._close
                0x000000000001242c        0x0 ./zf_driver/zf_driver_delay.o
 .rela.text._fstat
                0x000000000001242c        0x0 ./zf_driver/zf_driver_delay.o
 .rela.text._isatty
                0x000000000001242c        0x0 ./zf_driver/zf_driver_delay.o
 .rela.text._lseek
                0x000000000001242c        0x0 ./zf_driver/zf_driver_delay.o
 .rela.text._read
                0x000000000001242c        0x0 ./zf_driver/zf_driver_delay.o
 .rela.text._sbrk
                0x000000000001242c        0x0 ./zf_driver/zf_driver_delay.o

.fini           0x000000000001242c        0x0
 *(SORT_NONE(.fini))
                0x000000000001242c                . = ALIGN (0x4)
                [!provide]                        PROVIDE (_etext = .)
                [!provide]                        PROVIDE (_eitcm = .)

.preinit_array  0x000000000001242c        0x0
                [!provide]                        PROVIDE (__preinit_array_start = .)
 *(.preinit_array)
                [!provide]                        PROVIDE (__preinit_array_end = .)

.init_array     0x000000000001242c        0x0
                [!provide]                        PROVIDE (__init_array_start = .)
 *(SORT_BY_INIT_PRIORITY(.init_array.*) SORT_BY_INIT_PRIORITY(.ctors.*))
 *(.init_array EXCLUDE_FILE(*crtend?.o *crtend.o *crtbegin?.o *crtbegin.o) .ctors)
                [!provide]                        PROVIDE (__init_array_end = .)

.fini_array     0x000000000001242c        0x0
                [!provide]                        PROVIDE (__fini_array_start = .)
 *(SORT_BY_INIT_PRIORITY(.fini_array.*) SORT_BY_INIT_PRIORITY(.dtors.*))
 *(.fini_array EXCLUDE_FILE(*crtend?.o *crtend.o *crtbegin?.o *crtbegin.o) .dtors)
                [!provide]                        PROVIDE (__fini_array_end = .)

.ctors
 *crtbegin.o(.ctors)
 *crtbegin?.o(.ctors)
 *(EXCLUDE_FILE(*crtend?.o *crtend.o) .ctors)
 *(SORT_BY_NAME(.ctors.*))
 *(.ctors)

.dtors
 *crtbegin.o(.dtors)
 *crtbegin?.o(.dtors)
 *(EXCLUDE_FILE(*crtend?.o *crtend.o) .dtors)
 *(SORT_BY_NAME(.dtors.*))
 *(.dtors)

.dalign         0x0000000020000040        0x0 load address 0x000000000001242c
                0x0000000020000040                . = ALIGN (0x4)
                0x0000000020000040                PROVIDE (_data_vma = .)

.dlalign        0x000000000001242c        0x0
                0x000000000001242c                . = ALIGN (0x4)
                0x000000000001242c                PROVIDE (_data_lma = .)

.data           0x0000000020000040      0x298 load address 0x000000000001242c
 *(.gnu.linkonce.r.*)
 *(.data .data.*)
 .data.gpio_group
                0x0000000020000040       0x14 ./zf_driver/zf_driver_gpio.o
                0x0000000020000040                gpio_group
 .data.APBAHBPrescTable
                0x0000000020000054       0x10 ./sdk/Peripheral/ch32v30x_rcc.o
 .data.TAB_USB_FS_OSC_DESC
                0x0000000020000064       0x43 ./sdk/Peripheral/ch32v30x_usbotg_device.o
                0x0000000020000064                TAB_USB_FS_OSC_DESC
 *fill*         0x00000000200000a7        0x1 
 .data.impure_data
                0x00000000200000a8       0x60 d:/mounriver/mounriver_studio/mounriver_studio/toolchain/risc-v embedded gcc/bin/../lib/gcc/riscv-none-embed/8.2.0/../../../../riscv-none-embed/lib/rv32imafc/ilp32f\libg_nano.a(lib_a-impure.o)
 .data.__global_locale
                0x0000000020000108      0x16c d:/mounriver/mounriver_studio/mounriver_studio/toolchain/risc-v embedded gcc/bin/../lib/gcc/riscv-none-embed/8.2.0/../../../../riscv-none-embed/lib/rv32imafc/ilp32f\libg_nano.a(lib_a-locale.o)
                0x0000000020000108                __global_locale
 *(.gnu.linkonce.d.*)
                0x0000000020000278                . = ALIGN (0x8)
 *fill*         0x0000000020000274        0x4 
                0x0000000020000a78                PROVIDE (__global_pointer$ = (. + 0x800))
 *(.sdata .sdata.*)
 .sdata.dm1xa_distance_mm
                0x0000000020000278        0x2 ./zf_device/zf_device_dm1xa.o
 .sdata.ips114_pencolor
                0x000000002000027a        0x2 ./zf_device/zf_device_ips114.o
 .sdata.ips114_display_font
                0x000000002000027c        0x4 ./zf_device/zf_device_ips114.o
 .sdata.ips114_x_max
                0x0000000020000280        0x1 ./zf_device/zf_device_ips114.o
 .sdata.ips114_y_max
                0x0000000020000281        0x1 ./zf_device/zf_device_ips114.o
 *fill*         0x0000000020000282        0x2 
 .sdata.camera_uart_handler
                0x0000000020000284        0x4 ./zf_device/zf_device_type.o
                0x0000000020000284                camera_uart_handler
 .sdata.camera_dvp_handler
                0x0000000020000288        0x4 ./zf_device/zf_device_type.o
                0x0000000020000288                camera_dvp_handler
 .sdata.wireless_module_uart_handler
                0x000000002000028c        0x4 ./zf_device/zf_device_type.o
                0x000000002000028c                wireless_module_uart_handler
 .sdata.tof_module_exti_handler
                0x0000000020000290        0x4 ./zf_device/zf_device_type.o
                0x0000000020000290                tof_module_exti_handler
 .sdata.system_clock
                0x0000000020000294        0x4 ./zf_common/zf_common_clock.o
                0x0000000020000294                system_clock
 .sdata.zf_debug_assert_enable
                0x0000000020000298        0x1 ./zf_common/zf_common_debug.o
 *fill*         0x0000000020000299        0x3 
 .sdata.ADCPrescTable
                0x000000002000029c        0x4 ./sdk/Peripheral/ch32v30x_rcc.o
 .sdata.USBHD_Dev_Speed
                0x00000000200002a0        0x1 ./sdk/Peripheral/ch32v30x_usbotg_device.o
                0x00000000200002a0                USBHD_Dev_Speed
 *fill*         0x00000000200002a1        0x3 
 .sdata.LineCoding
                0x00000000200002a4        0x7 ./sdk/Peripheral/ch32v30x_usbotg_device.o
                0x00000000200002a4                LineCoding
 *fill*         0x00000000200002ab        0x1 
 .sdata.tail    0x00000000200002ac        0x4 ./code/buletooth.o
                0x00000000200002ac                tail
 .sdata.Vertical_Kp
                0x00000000200002b0        0x4 ./code/pid.o
                0x00000000200002b0                Vertical_Kp
 .sdata.Vertical_Kd
                0x00000000200002b4        0x4 ./code/pid.o
                0x00000000200002b4                Vertical_Kd
 .sdata.Velocity_Kp
                0x00000000200002b8        0x4 ./code/pid.o
                0x00000000200002b8                Velocity_Kp
 .sdata.Velocity_Ki
                0x00000000200002bc        0x4 ./code/pid.o
                0x00000000200002bc                Velocity_Ki
 .sdata._impure_ptr
                0x00000000200002c0        0x4 d:/mounriver/mounriver_studio/mounriver_studio/toolchain/risc-v embedded gcc/bin/../lib/gcc/riscv-none-embed/8.2.0/../../../../riscv-none-embed/lib/rv32imafc/ilp32f\libg_nano.a(lib_a-impure.o)
                0x00000000200002c0                _impure_ptr
 *(.sdata2.*)
 .sdata2.uart_irq
                0x00000000200002c4        0x8 ./zf_driver/zf_driver_uart.o
                0x00000000200002c4                uart_irq
 .sdata2.MyLangDescrHD
                0x00000000200002cc        0x4 ./sdk/Peripheral/ch32v30x_usbotg_device.o
                0x00000000200002cc                MyLangDescrHD
 .sdata2._global_impure_ptr
                0x00000000200002d0        0x4 d:/mounriver/mounriver_studio/mounriver_studio/toolchain/risc-v embedded gcc/bin/../lib/gcc/riscv-none-embed/8.2.0/../../../../riscv-none-embed/lib/rv32imafc/ilp32f\libg_nano.a(lib_a-impure.o)
                0x00000000200002d0                _global_impure_ptr
 *(.gnu.linkonce.s.*)
                0x00000000200002d8                . = ALIGN (0x8)
 *fill*         0x00000000200002d4        0x4 
 *(.srodata.cst16)
 *(.srodata.cst8)
 *(.srodata.cst4)
 *(.srodata.cst2)
 *(.srodata .srodata.*)
                0x00000000200002d8                . = ALIGN (0x4)
                0x00000000200002d8                PROVIDE (_edata = .)

.bss            0x00000000200002d8      0x32c load address 0x00000000000126c4
                0x00000000200002d8                . = ALIGN (0x4)
                0x00000000200002d8                PROVIDE (_sbss = .)
 *(.sbss*)
 .sbss.dm1xa_plus_count
                0x00000000200002d8        0x4 ./zf_device/zf_device_dm1xa.o
 .sbss.dm1xa_type
                0x00000000200002dc        0x4 ./zf_device/zf_device_dm1xa.o
 .sbss.dm1xa_ranging_state
                0x00000000200002e0        0x4 ./zf_device/zf_device_dm1xa.o
 .sbss.gnss_flag
                0x00000000200002e4        0x1 ./zf_device/zf_device_gnss.o
                0x00000000200002e4                gnss_flag
 .sbss.gnss_state
                0x00000000200002e5        0x1 ./zf_device/zf_device_gnss.o
 *fill*         0x00000000200002e6        0x2 
 .sbss.gnss_gga_state
                0x00000000200002e8        0x4 ./zf_device/zf_device_gnss.o
 .sbss.gnss_rmc_state
                0x00000000200002ec        0x4 ./zf_device/zf_device_gnss.o
 .sbss.gnss_ths_state
                0x00000000200002f0        0x4 ./zf_device/zf_device_gnss.o
 .sbss.ips114_bgcolor
                0x00000000200002f4        0x2 ./zf_device/zf_device_ips114.o
 *fill*         0x00000000200002f6        0x2 
 .sbss.ips114_display_dir
                0x00000000200002f8        0x4 ./zf_device/zf_device_ips114.o
 .sbss.mpu6050_gyro_x
                0x00000000200002fc        0x2 ./zf_device/zf_device_mpu6050.o
                0x00000000200002fc                mpu6050_gyro_x
 .sbss.mpu6050_gyro_y
                0x00000000200002fe        0x2 ./zf_device/zf_device_mpu6050.o
                0x00000000200002fe                mpu6050_gyro_y
 .sbss.mpu6050_gyro_z
                0x0000000020000300        0x2 ./zf_device/zf_device_mpu6050.o
                0x0000000020000300                mpu6050_gyro_z
 .sbss.mpu6050_acc_x
                0x0000000020000302        0x2 ./zf_device/zf_device_mpu6050.o
                0x0000000020000302                mpu6050_acc_x
 .sbss.mpu6050_acc_y
                0x0000000020000304        0x2 ./zf_device/zf_device_mpu6050.o
                0x0000000020000304                mpu6050_acc_y
 .sbss.mpu6050_acc_z
                0x0000000020000306        0x2 ./zf_device/zf_device_mpu6050.o
                0x0000000020000306                mpu6050_acc_z
 .sbss.zf_debug_init_flag
                0x0000000020000308        0x1 ./zf_common/zf_common_debug.o
 .sbss.assert_nest_index.5042
                0x0000000020000309        0x1 ./zf_common/zf_common_debug.o
 *fill*         0x000000002000030a        0x2 
 .sbss.interrupt_nest_count
                0x000000002000030c        0x4 ./zf_common/zf_common_interrupt.o
 .sbss.EP0_DatabufHD
                0x0000000020000310        0x8 ./sdk/Peripheral/ch32v30x_usbotg_device.o
                0x0000000020000310                EP0_DatabufHD
 .sbss.pEP0_RAM_Addr
                0x0000000020000318        0x4 ./sdk/Peripheral/ch32v30x_usbotg_device.o
                0x0000000020000318                pEP0_RAM_Addr
 .sbss.pEP1_RAM_Addr
                0x000000002000031c        0x4 ./sdk/Peripheral/ch32v30x_usbotg_device.o
                0x000000002000031c                pEP1_RAM_Addr
 .sbss.pEP2_RAM_Addr
                0x0000000020000320        0x4 ./sdk/Peripheral/ch32v30x_usbotg_device.o
                0x0000000020000320                pEP2_RAM_Addr
 .sbss.pDescr   0x0000000020000324        0x4 ./sdk/Peripheral/ch32v30x_usbotg_device.o
                0x0000000020000324                pDescr
 .sbss.USBHD_Dev_SetupReqLen
                0x0000000020000328        0x2 ./sdk/Peripheral/ch32v30x_usbotg_device.o
                0x0000000020000328                USBHD_Dev_SetupReqLen
 .sbss.USBHD_Dev_SleepStatus
                0x000000002000032a        0x1 ./sdk/Peripheral/ch32v30x_usbotg_device.o
                0x000000002000032a                USBHD_Dev_SleepStatus
 .sbss.DevConfig
                0x000000002000032b        0x1 ./sdk/Peripheral/ch32v30x_usbotg_device.o
                0x000000002000032b                DevConfig
 .sbss.SetupReqCode
                0x000000002000032c        0x1 ./sdk/Peripheral/ch32v30x_usbotg_device.o
                0x000000002000032c                SetupReqCode
 *fill*         0x000000002000032d        0x1 
 .sbss.SetupReqLen
                0x000000002000032e        0x2 ./sdk/Peripheral/ch32v30x_usbotg_device.o
                0x000000002000032e                SetupReqLen
 .sbss.M0_Angle
                0x0000000020000330        0x2 ./code/buletooth.o
                0x0000000020000330                M0_Angle
 .sbss.M1_Angle
                0x0000000020000332        0x2 ./code/buletooth.o
                0x0000000020000332                M1_Angle
 .sbss.Angle_Y  0x0000000020000334        0x4 ./code/filter.o
                0x0000000020000334                Angle_Y
 .sbss.Angle_Y_zero
                0x0000000020000338        0x4 ./code/filter.o
                0x0000000020000338                Angle_Y_zero
 .sbss.Gyro_Y   0x000000002000033c        0x4 ./code/filter.o
                0x000000002000033c                Gyro_Y
 .sbss.Gyro_Y_zero
                0x0000000020000340        0x4 ./code/filter.o
                0x0000000020000340                Gyro_Y_zero
 .sbss.Med_Angle
                0x0000000020000344        0x4 ./code/pid.o
                0x0000000020000344                Med_Angle
 .sbss.Target_Speed
                0x0000000020000348        0x2 ./code/pid.o
                0x0000000020000348                Target_Speed
 *fill*         0x000000002000034a        0x2 
 .sbss.Vertical_out
                0x000000002000034c        0x4 ./code/pid.o
                0x000000002000034c                Vertical_out
 .sbss.Velocity_out
                0x0000000020000350        0x4 ./code/pid.o
                0x0000000020000350                Velocity_out
 .sbss.Turn_out
                0x0000000020000354        0x4 ./code/pid.o
                0x0000000020000354                Turn_out
 .sbss.PWM_out  0x0000000020000358        0x4 ./code/pid.o
                0x0000000020000358                PWM_out
 .sbss.MOTO1    0x000000002000035c        0x2 ./code/pid.o
                0x000000002000035c                MOTO1
 .sbss.MOTO2    0x000000002000035e        0x2 ./code/pid.o
                0x000000002000035e                MOTO2
 .sbss.Encoder_Err.8201
                0x0000000020000360        0x4 ./code/pid.o
 .sbss.EnC_Err_Lowout_last.8200
                0x0000000020000364        0x4 ./code/pid.o
 .sbss.EnC_Err_Lowout.8202
                0x0000000020000368        0x4 ./code/pid.o
 .sbss.Encoder_S.8203
                0x000000002000036c        0x4 ./code/pid.o
 .sbss.PWM_out.8204
                0x0000000020000370        0x4 ./code/pid.o
 .sbss.__malloc_free_list
                0x0000000020000374        0x4 d:/mounriver/mounriver_studio/mounriver_studio/toolchain/risc-v embedded gcc/bin/../lib/gcc/riscv-none-embed/8.2.0/../../../../riscv-none-embed/lib/rv32imafc/ilp32f\libg_nano.a(lib_a-nano-mallocr.o)
                0x0000000020000374                __malloc_free_list
 .sbss.__malloc_sbrk_start
                0x0000000020000378        0x4 d:/mounriver/mounriver_studio/mounriver_studio/toolchain/risc-v embedded gcc/bin/../lib/gcc/riscv-none-embed/8.2.0/../../../../riscv-none-embed/lib/rv32imafc/ilp32f\libg_nano.a(lib_a-nano-mallocr.o)
                0x0000000020000378                __malloc_sbrk_start
 .sbss.heap_end.1520
                0x000000002000037c        0x4 d:/mounriver/mounriver_studio/mounriver_studio/toolchain/risc-v embedded gcc/bin/../lib/gcc/riscv-none-embed/8.2.0/../../../../riscv-none-embed/lib/rv32imafc/ilp32f\libnosys.a(sbrk.o)
 *(.gnu.linkonce.sb.*)
 *(.bss*)
 .bss.timer_function_state
                0x0000000020000380       0x28 ./zf_driver/zf_driver_timer.o
 .bss.timer_mode_state
                0x00000000200003a8       0x28 ./zf_driver/zf_driver_timer.o
 .bss.gnss_receiver_fifo
                0x00000000200003d0       0x19 ./zf_device/zf_device_gnss.o
 *fill*         0x00000000200003e9        0x3 
 .bss.gps_gga_buffer
                0x00000000200003ec       0x80 ./zf_device/zf_device_gnss.o
 .bss.gps_rmc_buffer
                0x000000002000046c       0x80 ./zf_device/zf_device_gnss.o
 .bss.gps_ths_buffer
                0x00000000200004ec       0x80 ./zf_device/zf_device_gnss.o
 .bss.mpu6050_iic_struct
                0x000000002000056c       0x10 ./zf_device/zf_device_mpu6050.o
 .bss.debug_uart_buffer
                0x000000002000057c       0x40 ./zf_common/zf_common_debug.o
                0x000000002000057c                debug_uart_buffer
 .bss.debug_uart_fifo
                0x00000000200005bc       0x19 ./zf_common/zf_common_debug.o
                0x00000000200005bc                debug_uart_fifo
 *fill*         0x00000000200005d5        0x3 
 .bss.debug_output_info
                0x00000000200005d8       0x14 ./zf_common/zf_common_debug.o
 .bss.data      0x00000000200005ec       0x14 ./code/buletooth.o
                0x00000000200005ec                data
 *(.gnu.linkonce.b.*)
 *(COMMON*)
 COMMON         0x0000000020000600        0x4 d:/mounriver/mounriver_studio/mounriver_studio/toolchain/risc-v embedded gcc/bin/../lib/gcc/riscv-none-embed/8.2.0/../../../../riscv-none-embed/lib/rv32imafc/ilp32f\libg_nano.a(lib_a-reent.o)
                0x0000000020000600                errno
                0x0000000020000604                . = ALIGN (0x4)
                0x0000000020000604                PROVIDE (_ebss = .)
                [!provide]                        PROVIDE (_end = _ebss)